ARM GAS  /tmp/cciiz1ED.s 			page 1


   1              		.cpu cortex-m3
   2              		.eabi_attribute 20, 1
   3              		.eabi_attribute 21, 1
   4              		.eabi_attribute 23, 3
   5              		.eabi_attribute 24, 1
   6              		.eabi_attribute 25, 1
   7              		.eabi_attribute 26, 1
   8              		.eabi_attribute 30, 1
   9              		.eabi_attribute 34, 1
  10              		.eabi_attribute 18, 4
  11              		.file	"adc.c"
  12              		.text
  13              	.Ltext0:
  14              		.cfi_sections	.debug_frame
  15              		.section	.text.MX_ADC1_Init,"ax",%progbits
  16              		.align	1
  17              		.global	MX_ADC1_Init
  18              		.arch armv7-m
  19              		.syntax unified
  20              		.thumb
  21              		.thumb_func
  22              		.fpu softvfp
  24              	MX_ADC1_Init:
  25              	.LFB65:
  26              		.file 1 "Core/Src/adc.c"
   1:Core/Src/adc.c **** /* USER CODE BEGIN Header */
   2:Core/Src/adc.c **** /**
   3:Core/Src/adc.c ****   ******************************************************************************
   4:Core/Src/adc.c ****   * @file    adc.c
   5:Core/Src/adc.c ****   * @brief   This file provides code for the configuration
   6:Core/Src/adc.c ****   *          of the ADC instances.
   7:Core/Src/adc.c ****   ******************************************************************************
   8:Core/Src/adc.c ****   * @attention
   9:Core/Src/adc.c ****   *
  10:Core/Src/adc.c ****   * Copyright (c) 2025 STMicroelectronics.
  11:Core/Src/adc.c ****   * All rights reserved.
  12:Core/Src/adc.c ****   *
  13:Core/Src/adc.c ****   * This software is licensed under terms that can be found in the LICENSE file
  14:Core/Src/adc.c ****   * in the root directory of this software component.
  15:Core/Src/adc.c ****   * If no LICENSE file comes with this software, it is provided AS-IS.
  16:Core/Src/adc.c ****   *
  17:Core/Src/adc.c ****   ******************************************************************************
  18:Core/Src/adc.c ****   */
  19:Core/Src/adc.c **** /* USER CODE END Header */
  20:Core/Src/adc.c **** /* Includes ------------------------------------------------------------------*/
  21:Core/Src/adc.c **** #include "adc.h"
  22:Core/Src/adc.c **** 
  23:Core/Src/adc.c **** /* USER CODE BEGIN 0 */
  24:Core/Src/adc.c **** 
  25:Core/Src/adc.c **** /* USER CODE END 0 */
  26:Core/Src/adc.c **** 
  27:Core/Src/adc.c **** ADC_HandleTypeDef hadc1;
  28:Core/Src/adc.c **** DMA_HandleTypeDef hdma_adc1;
  29:Core/Src/adc.c **** 
  30:Core/Src/adc.c **** /* ADC1 init function */
  31:Core/Src/adc.c **** void MX_ADC1_Init(void)
  32:Core/Src/adc.c **** {
ARM GAS  /tmp/cciiz1ED.s 			page 2


  27              		.loc 1 32 1 view -0
  28              		.cfi_startproc
  29              		@ args = 0, pretend = 0, frame = 16
  30              		@ frame_needed = 0, uses_anonymous_args = 0
  31 0000 00B5     		push	{lr}
  32              	.LCFI0:
  33              		.cfi_def_cfa_offset 4
  34              		.cfi_offset 14, -4
  35 0002 85B0     		sub	sp, sp, #20
  36              	.LCFI1:
  37              		.cfi_def_cfa_offset 24
  33:Core/Src/adc.c **** 
  34:Core/Src/adc.c ****   /* USER CODE BEGIN ADC1_Init 0 */
  35:Core/Src/adc.c **** 
  36:Core/Src/adc.c ****   /* USER CODE END ADC1_Init 0 */
  37:Core/Src/adc.c **** 
  38:Core/Src/adc.c ****   ADC_ChannelConfTypeDef sConfig = {0};
  38              		.loc 1 38 3 view .LVU1
  39              		.loc 1 38 26 is_stmt 0 view .LVU2
  40 0004 0023     		movs	r3, #0
  41 0006 0193     		str	r3, [sp, #4]
  42 0008 0293     		str	r3, [sp, #8]
  43 000a 0393     		str	r3, [sp, #12]
  39:Core/Src/adc.c **** 
  40:Core/Src/adc.c ****   /* USER CODE BEGIN ADC1_Init 1 */
  41:Core/Src/adc.c **** 
  42:Core/Src/adc.c ****   /* USER CODE END ADC1_Init 1 */
  43:Core/Src/adc.c **** 
  44:Core/Src/adc.c ****   /** Common config
  45:Core/Src/adc.c ****   */
  46:Core/Src/adc.c ****   hadc1.Instance = ADC1;
  44              		.loc 1 46 3 is_stmt 1 view .LVU3
  45              		.loc 1 46 18 is_stmt 0 view .LVU4
  46 000c 1E48     		ldr	r0, .L11
  47 000e 1F4A     		ldr	r2, .L11+4
  48 0010 0260     		str	r2, [r0]
  47:Core/Src/adc.c ****   hadc1.Init.ScanConvMode = ADC_SCAN_ENABLE;
  49              		.loc 1 47 3 is_stmt 1 view .LVU5
  50              		.loc 1 47 27 is_stmt 0 view .LVU6
  51 0012 4FF48072 		mov	r2, #256
  52 0016 8260     		str	r2, [r0, #8]
  48:Core/Src/adc.c ****   hadc1.Init.ContinuousConvMode = ENABLE;
  53              		.loc 1 48 3 is_stmt 1 view .LVU7
  54              		.loc 1 48 33 is_stmt 0 view .LVU8
  55 0018 0122     		movs	r2, #1
  56 001a 0273     		strb	r2, [r0, #12]
  49:Core/Src/adc.c ****   hadc1.Init.DiscontinuousConvMode = DISABLE;
  57              		.loc 1 49 3 is_stmt 1 view .LVU9
  58              		.loc 1 49 36 is_stmt 0 view .LVU10
  59 001c 0375     		strb	r3, [r0, #20]
  50:Core/Src/adc.c ****   hadc1.Init.ExternalTrigConv = ADC_SOFTWARE_START;
  60              		.loc 1 50 3 is_stmt 1 view .LVU11
  61              		.loc 1 50 31 is_stmt 0 view .LVU12
  62 001e 4FF46022 		mov	r2, #917504
  63 0022 C261     		str	r2, [r0, #28]
  51:Core/Src/adc.c ****   hadc1.Init.DataAlign = ADC_DATAALIGN_RIGHT;
  64              		.loc 1 51 3 is_stmt 1 view .LVU13
ARM GAS  /tmp/cciiz1ED.s 			page 3


  65              		.loc 1 51 24 is_stmt 0 view .LVU14
  66 0024 4360     		str	r3, [r0, #4]
  52:Core/Src/adc.c ****   hadc1.Init.NbrOfConversion = 3;
  67              		.loc 1 52 3 is_stmt 1 view .LVU15
  68              		.loc 1 52 30 is_stmt 0 view .LVU16
  69 0026 0323     		movs	r3, #3
  70 0028 0361     		str	r3, [r0, #16]
  53:Core/Src/adc.c ****   if (HAL_ADC_Init(&hadc1) != HAL_OK)
  71              		.loc 1 53 3 is_stmt 1 view .LVU17
  72              		.loc 1 53 7 is_stmt 0 view .LVU18
  73 002a FFF7FEFF 		bl	HAL_ADC_Init
  74              	.LVL0:
  75              		.loc 1 53 6 view .LVU19
  76 002e F8B9     		cbnz	r0, .L7
  77              	.L2:
  54:Core/Src/adc.c ****   {
  55:Core/Src/adc.c ****     Error_Handler();
  56:Core/Src/adc.c ****   }
  57:Core/Src/adc.c **** 
  58:Core/Src/adc.c ****   /** Configure Regular Channel
  59:Core/Src/adc.c ****   */
  60:Core/Src/adc.c ****   sConfig.Channel = ADC_CHANNEL_10;
  78              		.loc 1 60 3 is_stmt 1 view .LVU20
  79              		.loc 1 60 19 is_stmt 0 view .LVU21
  80 0030 0A23     		movs	r3, #10
  81 0032 0193     		str	r3, [sp, #4]
  61:Core/Src/adc.c ****   sConfig.Rank = ADC_REGULAR_RANK_1;
  82              		.loc 1 61 3 is_stmt 1 view .LVU22
  83              		.loc 1 61 16 is_stmt 0 view .LVU23
  84 0034 0123     		movs	r3, #1
  85 0036 0293     		str	r3, [sp, #8]
  62:Core/Src/adc.c ****   sConfig.SamplingTime = ADC_SAMPLETIME_13CYCLES_5;
  86              		.loc 1 62 3 is_stmt 1 view .LVU24
  87              		.loc 1 62 24 is_stmt 0 view .LVU25
  88 0038 0223     		movs	r3, #2
  89 003a 0393     		str	r3, [sp, #12]
  63:Core/Src/adc.c ****   if (HAL_ADC_ConfigChannel(&hadc1, &sConfig) != HAL_OK)
  90              		.loc 1 63 3 is_stmt 1 view .LVU26
  91              		.loc 1 63 7 is_stmt 0 view .LVU27
  92 003c 01A9     		add	r1, sp, #4
  93 003e 1248     		ldr	r0, .L11
  94 0040 FFF7FEFF 		bl	HAL_ADC_ConfigChannel
  95              	.LVL1:
  96              		.loc 1 63 6 view .LVU28
  97 0044 B8B9     		cbnz	r0, .L8
  98              	.L3:
  64:Core/Src/adc.c ****   {
  65:Core/Src/adc.c ****     Error_Handler();
  66:Core/Src/adc.c ****   }
  67:Core/Src/adc.c **** 
  68:Core/Src/adc.c ****   /** Configure Regular Channel
  69:Core/Src/adc.c ****   */
  70:Core/Src/adc.c ****   sConfig.Channel = ADC_CHANNEL_11;
  99              		.loc 1 70 3 is_stmt 1 view .LVU29
 100              		.loc 1 70 19 is_stmt 0 view .LVU30
 101 0046 0B23     		movs	r3, #11
 102 0048 0193     		str	r3, [sp, #4]
ARM GAS  /tmp/cciiz1ED.s 			page 4


  71:Core/Src/adc.c ****   sConfig.Rank = ADC_REGULAR_RANK_2;
 103              		.loc 1 71 3 is_stmt 1 view .LVU31
 104              		.loc 1 71 16 is_stmt 0 view .LVU32
 105 004a 0223     		movs	r3, #2
 106 004c 0293     		str	r3, [sp, #8]
  72:Core/Src/adc.c ****   if (HAL_ADC_ConfigChannel(&hadc1, &sConfig) != HAL_OK)
 107              		.loc 1 72 3 is_stmt 1 view .LVU33
 108              		.loc 1 72 7 is_stmt 0 view .LVU34
 109 004e 01A9     		add	r1, sp, #4
 110 0050 0D48     		ldr	r0, .L11
 111 0052 FFF7FEFF 		bl	HAL_ADC_ConfigChannel
 112              	.LVL2:
 113              		.loc 1 72 6 view .LVU35
 114 0056 88B9     		cbnz	r0, .L9
 115              	.L4:
  73:Core/Src/adc.c ****   {
  74:Core/Src/adc.c ****     Error_Handler();
  75:Core/Src/adc.c ****   }
  76:Core/Src/adc.c **** 
  77:Core/Src/adc.c ****   /** Configure Regular Channel
  78:Core/Src/adc.c ****   */
  79:Core/Src/adc.c ****   sConfig.Channel = ADC_CHANNEL_12;
 116              		.loc 1 79 3 is_stmt 1 view .LVU36
 117              		.loc 1 79 19 is_stmt 0 view .LVU37
 118 0058 0C23     		movs	r3, #12
 119 005a 0193     		str	r3, [sp, #4]
  80:Core/Src/adc.c ****   sConfig.Rank = ADC_REGULAR_RANK_3;
 120              		.loc 1 80 3 is_stmt 1 view .LVU38
 121              		.loc 1 80 16 is_stmt 0 view .LVU39
 122 005c 0323     		movs	r3, #3
 123 005e 0293     		str	r3, [sp, #8]
  81:Core/Src/adc.c ****   if (HAL_ADC_ConfigChannel(&hadc1, &sConfig) != HAL_OK)
 124              		.loc 1 81 3 is_stmt 1 view .LVU40
 125              		.loc 1 81 7 is_stmt 0 view .LVU41
 126 0060 01A9     		add	r1, sp, #4
 127 0062 0948     		ldr	r0, .L11
 128 0064 FFF7FEFF 		bl	HAL_ADC_ConfigChannel
 129              	.LVL3:
 130              		.loc 1 81 6 view .LVU42
 131 0068 58B9     		cbnz	r0, .L10
 132              	.L1:
  82:Core/Src/adc.c ****   {
  83:Core/Src/adc.c ****     Error_Handler();
  84:Core/Src/adc.c ****   }
  85:Core/Src/adc.c ****   /* USER CODE BEGIN ADC1_Init 2 */
  86:Core/Src/adc.c **** 
  87:Core/Src/adc.c ****   /* USER CODE END ADC1_Init 2 */
  88:Core/Src/adc.c **** 
  89:Core/Src/adc.c **** }
 133              		.loc 1 89 1 view .LVU43
 134 006a 05B0     		add	sp, sp, #20
 135              	.LCFI2:
 136              		.cfi_remember_state
 137              		.cfi_def_cfa_offset 4
 138              		@ sp needed
 139 006c 5DF804FB 		ldr	pc, [sp], #4
 140              	.L7:
ARM GAS  /tmp/cciiz1ED.s 			page 5


 141              	.LCFI3:
 142              		.cfi_restore_state
  55:Core/Src/adc.c ****   }
 143              		.loc 1 55 5 is_stmt 1 view .LVU44
 144 0070 FFF7FEFF 		bl	Error_Handler
 145              	.LVL4:
 146 0074 DCE7     		b	.L2
 147              	.L8:
  65:Core/Src/adc.c ****   }
 148              		.loc 1 65 5 view .LVU45
 149 0076 FFF7FEFF 		bl	Error_Handler
 150              	.LVL5:
 151 007a E4E7     		b	.L3
 152              	.L9:
  74:Core/Src/adc.c ****   }
 153              		.loc 1 74 5 view .LVU46
 154 007c FFF7FEFF 		bl	Error_Handler
 155              	.LVL6:
 156 0080 EAE7     		b	.L4
 157              	.L10:
  83:Core/Src/adc.c ****   }
 158              		.loc 1 83 5 view .LVU47
 159 0082 FFF7FEFF 		bl	Error_Handler
 160              	.LVL7:
 161              		.loc 1 89 1 is_stmt 0 view .LVU48
 162 0086 F0E7     		b	.L1
 163              	.L12:
 164              		.align	2
 165              	.L11:
 166 0088 00000000 		.word	.LANCHOR0
 167 008c 00240140 		.word	1073816576
 168              		.cfi_endproc
 169              	.LFE65:
 171              		.section	.text.HAL_ADC_MspInit,"ax",%progbits
 172              		.align	1
 173              		.global	HAL_ADC_MspInit
 174              		.syntax unified
 175              		.thumb
 176              		.thumb_func
 177              		.fpu softvfp
 179              	HAL_ADC_MspInit:
 180              	.LVL8:
 181              	.LFB66:
  90:Core/Src/adc.c **** 
  91:Core/Src/adc.c **** void HAL_ADC_MspInit(ADC_HandleTypeDef* adcHandle)
  92:Core/Src/adc.c **** {
 182              		.loc 1 92 1 is_stmt 1 view -0
 183              		.cfi_startproc
 184              		@ args = 0, pretend = 0, frame = 24
 185              		@ frame_needed = 0, uses_anonymous_args = 0
 186              		.loc 1 92 1 is_stmt 0 view .LVU50
 187 0000 10B5     		push	{r4, lr}
 188              	.LCFI4:
 189              		.cfi_def_cfa_offset 8
 190              		.cfi_offset 4, -8
 191              		.cfi_offset 14, -4
 192 0002 86B0     		sub	sp, sp, #24
ARM GAS  /tmp/cciiz1ED.s 			page 6


 193              	.LCFI5:
 194              		.cfi_def_cfa_offset 32
  93:Core/Src/adc.c **** 
  94:Core/Src/adc.c ****   GPIO_InitTypeDef GPIO_InitStruct = {0};
 195              		.loc 1 94 3 is_stmt 1 view .LVU51
 196              		.loc 1 94 20 is_stmt 0 view .LVU52
 197 0004 0023     		movs	r3, #0
 198 0006 0293     		str	r3, [sp, #8]
 199 0008 0393     		str	r3, [sp, #12]
 200 000a 0493     		str	r3, [sp, #16]
 201 000c 0593     		str	r3, [sp, #20]
  95:Core/Src/adc.c ****   if(adcHandle->Instance==ADC1)
 202              		.loc 1 95 3 is_stmt 1 view .LVU53
 203              		.loc 1 95 15 is_stmt 0 view .LVU54
 204 000e 0268     		ldr	r2, [r0]
 205              		.loc 1 95 5 view .LVU55
 206 0010 1E4B     		ldr	r3, .L19
 207 0012 9A42     		cmp	r2, r3
 208 0014 01D0     		beq	.L17
 209              	.LVL9:
 210              	.L13:
  96:Core/Src/adc.c ****   {
  97:Core/Src/adc.c ****   /* USER CODE BEGIN ADC1_MspInit 0 */
  98:Core/Src/adc.c **** 
  99:Core/Src/adc.c ****   /* USER CODE END ADC1_MspInit 0 */
 100:Core/Src/adc.c ****     /* ADC1 clock enable */
 101:Core/Src/adc.c ****     __HAL_RCC_ADC1_CLK_ENABLE();
 102:Core/Src/adc.c **** 
 103:Core/Src/adc.c ****     __HAL_RCC_GPIOC_CLK_ENABLE();
 104:Core/Src/adc.c ****     /**ADC1 GPIO Configuration
 105:Core/Src/adc.c ****     PC0     ------> ADC1_IN10
 106:Core/Src/adc.c ****     PC1     ------> ADC1_IN11
 107:Core/Src/adc.c ****     PC2     ------> ADC1_IN12
 108:Core/Src/adc.c ****     */
 109:Core/Src/adc.c ****     GPIO_InitStruct.Pin = GPIO_PIN_0|GPIO_PIN_1|GPIO_PIN_2;
 110:Core/Src/adc.c ****     GPIO_InitStruct.Mode = GPIO_MODE_ANALOG;
 111:Core/Src/adc.c ****     HAL_GPIO_Init(GPIOC, &GPIO_InitStruct);
 112:Core/Src/adc.c **** 
 113:Core/Src/adc.c ****     /* ADC1 DMA Init */
 114:Core/Src/adc.c ****     /* ADC1 Init */
 115:Core/Src/adc.c ****     hdma_adc1.Instance = DMA1_Channel1;
 116:Core/Src/adc.c ****     hdma_adc1.Init.Direction = DMA_PERIPH_TO_MEMORY;
 117:Core/Src/adc.c ****     hdma_adc1.Init.PeriphInc = DMA_PINC_DISABLE;
 118:Core/Src/adc.c ****     hdma_adc1.Init.MemInc = DMA_MINC_ENABLE;
 119:Core/Src/adc.c ****     hdma_adc1.Init.PeriphDataAlignment = DMA_PDATAALIGN_HALFWORD;
 120:Core/Src/adc.c ****     hdma_adc1.Init.MemDataAlignment = DMA_MDATAALIGN_HALFWORD;
 121:Core/Src/adc.c ****     hdma_adc1.Init.Mode = DMA_CIRCULAR;
 122:Core/Src/adc.c ****     hdma_adc1.Init.Priority = DMA_PRIORITY_LOW;
 123:Core/Src/adc.c ****     if (HAL_DMA_Init(&hdma_adc1) != HAL_OK)
 124:Core/Src/adc.c ****     {
 125:Core/Src/adc.c ****       Error_Handler();
 126:Core/Src/adc.c ****     }
 127:Core/Src/adc.c **** 
 128:Core/Src/adc.c ****     __HAL_LINKDMA(adcHandle,DMA_Handle,hdma_adc1);
 129:Core/Src/adc.c **** 
 130:Core/Src/adc.c ****   /* USER CODE BEGIN ADC1_MspInit 1 */
 131:Core/Src/adc.c **** 
ARM GAS  /tmp/cciiz1ED.s 			page 7


 132:Core/Src/adc.c ****   /* USER CODE END ADC1_MspInit 1 */
 133:Core/Src/adc.c ****   }
 134:Core/Src/adc.c **** }
 211              		.loc 1 134 1 view .LVU56
 212 0016 06B0     		add	sp, sp, #24
 213              	.LCFI6:
 214              		.cfi_remember_state
 215              		.cfi_def_cfa_offset 8
 216              		@ sp needed
 217 0018 10BD     		pop	{r4, pc}
 218              	.LVL10:
 219              	.L17:
 220              	.LCFI7:
 221              		.cfi_restore_state
 222              		.loc 1 134 1 view .LVU57
 223 001a 0446     		mov	r4, r0
 101:Core/Src/adc.c **** 
 224              		.loc 1 101 5 is_stmt 1 view .LVU58
 225              	.LBB2:
 101:Core/Src/adc.c **** 
 226              		.loc 1 101 5 view .LVU59
 101:Core/Src/adc.c **** 
 227              		.loc 1 101 5 view .LVU60
 228 001c 03F56C43 		add	r3, r3, #60416
 229 0020 9A69     		ldr	r2, [r3, #24]
 230 0022 42F40072 		orr	r2, r2, #512
 231 0026 9A61     		str	r2, [r3, #24]
 101:Core/Src/adc.c **** 
 232              		.loc 1 101 5 view .LVU61
 233 0028 9A69     		ldr	r2, [r3, #24]
 234 002a 02F40072 		and	r2, r2, #512
 235 002e 0092     		str	r2, [sp]
 101:Core/Src/adc.c **** 
 236              		.loc 1 101 5 view .LVU62
 237 0030 009A     		ldr	r2, [sp]
 238              	.LBE2:
 101:Core/Src/adc.c **** 
 239              		.loc 1 101 5 view .LVU63
 103:Core/Src/adc.c ****     /**ADC1 GPIO Configuration
 240              		.loc 1 103 5 view .LVU64
 241              	.LBB3:
 103:Core/Src/adc.c ****     /**ADC1 GPIO Configuration
 242              		.loc 1 103 5 view .LVU65
 103:Core/Src/adc.c ****     /**ADC1 GPIO Configuration
 243              		.loc 1 103 5 view .LVU66
 244 0032 9A69     		ldr	r2, [r3, #24]
 245 0034 42F01002 		orr	r2, r2, #16
 246 0038 9A61     		str	r2, [r3, #24]
 103:Core/Src/adc.c ****     /**ADC1 GPIO Configuration
 247              		.loc 1 103 5 view .LVU67
 248 003a 9B69     		ldr	r3, [r3, #24]
 249 003c 03F01003 		and	r3, r3, #16
 250 0040 0193     		str	r3, [sp, #4]
 103:Core/Src/adc.c ****     /**ADC1 GPIO Configuration
 251              		.loc 1 103 5 view .LVU68
 252 0042 019B     		ldr	r3, [sp, #4]
 253              	.LBE3:
ARM GAS  /tmp/cciiz1ED.s 			page 8


 103:Core/Src/adc.c ****     /**ADC1 GPIO Configuration
 254              		.loc 1 103 5 view .LVU69
 109:Core/Src/adc.c ****     GPIO_InitStruct.Mode = GPIO_MODE_ANALOG;
 255              		.loc 1 109 5 view .LVU70
 109:Core/Src/adc.c ****     GPIO_InitStruct.Mode = GPIO_MODE_ANALOG;
 256              		.loc 1 109 25 is_stmt 0 view .LVU71
 257 0044 0723     		movs	r3, #7
 258 0046 0293     		str	r3, [sp, #8]
 110:Core/Src/adc.c ****     HAL_GPIO_Init(GPIOC, &GPIO_InitStruct);
 259              		.loc 1 110 5 is_stmt 1 view .LVU72
 110:Core/Src/adc.c ****     HAL_GPIO_Init(GPIOC, &GPIO_InitStruct);
 260              		.loc 1 110 26 is_stmt 0 view .LVU73
 261 0048 0323     		movs	r3, #3
 262 004a 0393     		str	r3, [sp, #12]
 111:Core/Src/adc.c **** 
 263              		.loc 1 111 5 is_stmt 1 view .LVU74
 264 004c 02A9     		add	r1, sp, #8
 265 004e 1048     		ldr	r0, .L19+4
 266              	.LVL11:
 111:Core/Src/adc.c **** 
 267              		.loc 1 111 5 is_stmt 0 view .LVU75
 268 0050 FFF7FEFF 		bl	HAL_GPIO_Init
 269              	.LVL12:
 115:Core/Src/adc.c ****     hdma_adc1.Init.Direction = DMA_PERIPH_TO_MEMORY;
 270              		.loc 1 115 5 is_stmt 1 view .LVU76
 115:Core/Src/adc.c ****     hdma_adc1.Init.Direction = DMA_PERIPH_TO_MEMORY;
 271              		.loc 1 115 24 is_stmt 0 view .LVU77
 272 0054 0F48     		ldr	r0, .L19+8
 273 0056 104B     		ldr	r3, .L19+12
 274 0058 0360     		str	r3, [r0]
 116:Core/Src/adc.c ****     hdma_adc1.Init.PeriphInc = DMA_PINC_DISABLE;
 275              		.loc 1 116 5 is_stmt 1 view .LVU78
 116:Core/Src/adc.c ****     hdma_adc1.Init.PeriphInc = DMA_PINC_DISABLE;
 276              		.loc 1 116 30 is_stmt 0 view .LVU79
 277 005a 0023     		movs	r3, #0
 278 005c 4360     		str	r3, [r0, #4]
 117:Core/Src/adc.c ****     hdma_adc1.Init.MemInc = DMA_MINC_ENABLE;
 279              		.loc 1 117 5 is_stmt 1 view .LVU80
 117:Core/Src/adc.c ****     hdma_adc1.Init.MemInc = DMA_MINC_ENABLE;
 280              		.loc 1 117 30 is_stmt 0 view .LVU81
 281 005e 8360     		str	r3, [r0, #8]
 118:Core/Src/adc.c ****     hdma_adc1.Init.PeriphDataAlignment = DMA_PDATAALIGN_HALFWORD;
 282              		.loc 1 118 5 is_stmt 1 view .LVU82
 118:Core/Src/adc.c ****     hdma_adc1.Init.PeriphDataAlignment = DMA_PDATAALIGN_HALFWORD;
 283              		.loc 1 118 27 is_stmt 0 view .LVU83
 284 0060 8022     		movs	r2, #128
 285 0062 C260     		str	r2, [r0, #12]
 119:Core/Src/adc.c ****     hdma_adc1.Init.MemDataAlignment = DMA_MDATAALIGN_HALFWORD;
 286              		.loc 1 119 5 is_stmt 1 view .LVU84
 119:Core/Src/adc.c ****     hdma_adc1.Init.MemDataAlignment = DMA_MDATAALIGN_HALFWORD;
 287              		.loc 1 119 40 is_stmt 0 view .LVU85
 288 0064 4FF48072 		mov	r2, #256
 289 0068 0261     		str	r2, [r0, #16]
 120:Core/Src/adc.c ****     hdma_adc1.Init.Mode = DMA_CIRCULAR;
 290              		.loc 1 120 5 is_stmt 1 view .LVU86
 120:Core/Src/adc.c ****     hdma_adc1.Init.Mode = DMA_CIRCULAR;
 291              		.loc 1 120 37 is_stmt 0 view .LVU87
ARM GAS  /tmp/cciiz1ED.s 			page 9


 292 006a 4FF48062 		mov	r2, #1024
 293 006e 4261     		str	r2, [r0, #20]
 121:Core/Src/adc.c ****     hdma_adc1.Init.Priority = DMA_PRIORITY_LOW;
 294              		.loc 1 121 5 is_stmt 1 view .LVU88
 121:Core/Src/adc.c ****     hdma_adc1.Init.Priority = DMA_PRIORITY_LOW;
 295              		.loc 1 121 25 is_stmt 0 view .LVU89
 296 0070 2022     		movs	r2, #32
 297 0072 8261     		str	r2, [r0, #24]
 122:Core/Src/adc.c ****     if (HAL_DMA_Init(&hdma_adc1) != HAL_OK)
 298              		.loc 1 122 5 is_stmt 1 view .LVU90
 122:Core/Src/adc.c ****     if (HAL_DMA_Init(&hdma_adc1) != HAL_OK)
 299              		.loc 1 122 29 is_stmt 0 view .LVU91
 300 0074 C361     		str	r3, [r0, #28]
 123:Core/Src/adc.c ****     {
 301              		.loc 1 123 5 is_stmt 1 view .LVU92
 123:Core/Src/adc.c ****     {
 302              		.loc 1 123 9 is_stmt 0 view .LVU93
 303 0076 FFF7FEFF 		bl	HAL_DMA_Init
 304              	.LVL13:
 123:Core/Src/adc.c ****     {
 305              		.loc 1 123 8 view .LVU94
 306 007a 18B9     		cbnz	r0, .L18
 307              	.L15:
 128:Core/Src/adc.c **** 
 308              		.loc 1 128 5 is_stmt 1 view .LVU95
 128:Core/Src/adc.c **** 
 309              		.loc 1 128 5 view .LVU96
 310 007c 054B     		ldr	r3, .L19+8
 311 007e 2362     		str	r3, [r4, #32]
 128:Core/Src/adc.c **** 
 312              		.loc 1 128 5 view .LVU97
 313 0080 5C62     		str	r4, [r3, #36]
 128:Core/Src/adc.c **** 
 314              		.loc 1 128 5 view .LVU98
 315              		.loc 1 134 1 is_stmt 0 view .LVU99
 316 0082 C8E7     		b	.L13
 317              	.L18:
 125:Core/Src/adc.c ****     }
 318              		.loc 1 125 7 is_stmt 1 view .LVU100
 319 0084 FFF7FEFF 		bl	Error_Handler
 320              	.LVL14:
 321 0088 F8E7     		b	.L15
 322              	.L20:
 323 008a 00BF     		.align	2
 324              	.L19:
 325 008c 00240140 		.word	1073816576
 326 0090 00100140 		.word	1073811456
 327 0094 00000000 		.word	.LANCHOR1
 328 0098 08000240 		.word	1073872904
 329              		.cfi_endproc
 330              	.LFE66:
 332              		.section	.text.HAL_ADC_MspDeInit,"ax",%progbits
 333              		.align	1
 334              		.global	HAL_ADC_MspDeInit
 335              		.syntax unified
 336              		.thumb
 337              		.thumb_func
ARM GAS  /tmp/cciiz1ED.s 			page 10


 338              		.fpu softvfp
 340              	HAL_ADC_MspDeInit:
 341              	.LVL15:
 342              	.LFB67:
 135:Core/Src/adc.c **** 
 136:Core/Src/adc.c **** void HAL_ADC_MspDeInit(ADC_HandleTypeDef* adcHandle)
 137:Core/Src/adc.c **** {
 343              		.loc 1 137 1 view -0
 344              		.cfi_startproc
 345              		@ args = 0, pretend = 0, frame = 0
 346              		@ frame_needed = 0, uses_anonymous_args = 0
 138:Core/Src/adc.c **** 
 139:Core/Src/adc.c ****   if(adcHandle->Instance==ADC1)
 347              		.loc 1 139 3 view .LVU102
 348              		.loc 1 139 15 is_stmt 0 view .LVU103
 349 0000 0268     		ldr	r2, [r0]
 350              		.loc 1 139 5 view .LVU104
 351 0002 094B     		ldr	r3, .L28
 352 0004 9A42     		cmp	r2, r3
 353 0006 00D0     		beq	.L27
 354 0008 7047     		bx	lr
 355              	.L27:
 137:Core/Src/adc.c **** 
 356              		.loc 1 137 1 view .LVU105
 357 000a 10B5     		push	{r4, lr}
 358              	.LCFI8:
 359              		.cfi_def_cfa_offset 8
 360              		.cfi_offset 4, -8
 361              		.cfi_offset 14, -4
 362 000c 0446     		mov	r4, r0
 140:Core/Src/adc.c ****   {
 141:Core/Src/adc.c ****   /* USER CODE BEGIN ADC1_MspDeInit 0 */
 142:Core/Src/adc.c **** 
 143:Core/Src/adc.c ****   /* USER CODE END ADC1_MspDeInit 0 */
 144:Core/Src/adc.c ****     /* Peripheral clock disable */
 145:Core/Src/adc.c ****     __HAL_RCC_ADC1_CLK_DISABLE();
 363              		.loc 1 145 5 is_stmt 1 view .LVU106
 364 000e 074A     		ldr	r2, .L28+4
 365 0010 9369     		ldr	r3, [r2, #24]
 366 0012 23F40073 		bic	r3, r3, #512
 367 0016 9361     		str	r3, [r2, #24]
 146:Core/Src/adc.c **** 
 147:Core/Src/adc.c ****     /**ADC1 GPIO Configuration
 148:Core/Src/adc.c ****     PC0     ------> ADC1_IN10
 149:Core/Src/adc.c ****     PC1     ------> ADC1_IN11
 150:Core/Src/adc.c ****     PC2     ------> ADC1_IN12
 151:Core/Src/adc.c ****     */
 152:Core/Src/adc.c ****     HAL_GPIO_DeInit(GPIOC, GPIO_PIN_0|GPIO_PIN_1|GPIO_PIN_2);
 368              		.loc 1 152 5 view .LVU107
 369 0018 0721     		movs	r1, #7
 370 001a 0548     		ldr	r0, .L28+8
 371              	.LVL16:
 372              		.loc 1 152 5 is_stmt 0 view .LVU108
 373 001c FFF7FEFF 		bl	HAL_GPIO_DeInit
 374              	.LVL17:
 153:Core/Src/adc.c **** 
 154:Core/Src/adc.c ****     /* ADC1 DMA DeInit */
ARM GAS  /tmp/cciiz1ED.s 			page 11


 155:Core/Src/adc.c ****     HAL_DMA_DeInit(adcHandle->DMA_Handle);
 375              		.loc 1 155 5 is_stmt 1 view .LVU109
 376 0020 206A     		ldr	r0, [r4, #32]
 377 0022 FFF7FEFF 		bl	HAL_DMA_DeInit
 378              	.LVL18:
 156:Core/Src/adc.c ****   /* USER CODE BEGIN ADC1_MspDeInit 1 */
 157:Core/Src/adc.c **** 
 158:Core/Src/adc.c ****   /* USER CODE END ADC1_MspDeInit 1 */
 159:Core/Src/adc.c ****   }
 160:Core/Src/adc.c **** }
 379              		.loc 1 160 1 is_stmt 0 view .LVU110
 380 0026 10BD     		pop	{r4, pc}
 381              	.LVL19:
 382              	.L29:
 383              		.loc 1 160 1 view .LVU111
 384              		.align	2
 385              	.L28:
 386 0028 00240140 		.word	1073816576
 387 002c 00100240 		.word	1073876992
 388 0030 00100140 		.word	1073811456
 389              		.cfi_endproc
 390              	.LFE67:
 392              		.global	hdma_adc1
 393              		.global	hadc1
 394              		.section	.bss.hadc1,"aw",%nobits
 395              		.align	2
 396              		.set	.LANCHOR0,. + 0
 399              	hadc1:
 400 0000 00000000 		.space	48
 400      00000000 
 400      00000000 
 400      00000000 
 400      00000000 
 401              		.section	.bss.hdma_adc1,"aw",%nobits
 402              		.align	2
 403              		.set	.LANCHOR1,. + 0
 406              	hdma_adc1:
 407 0000 00000000 		.space	68
 407      00000000 
 407      00000000 
 407      00000000 
 407      00000000 
 408              		.text
 409              	.Letext0:
 410              		.file 2 "/usr/lib/gcc/arm-none-eabi/10.3.1/include/stdint.h"
 411              		.file 3 "Drivers/CMSIS/Device/ST/STM32F1xx/Include/stm32f103xe.h"
 412              		.file 4 "Drivers/CMSIS/Device/ST/STM32F1xx/Include/stm32f1xx.h"
 413              		.file 5 "Drivers/STM32F1xx_HAL_Driver/Inc/stm32f1xx_hal_def.h"
 414              		.file 6 "Drivers/STM32F1xx_HAL_Driver/Inc/stm32f1xx_hal_gpio.h"
 415              		.file 7 "Drivers/STM32F1xx_HAL_Driver/Inc/stm32f1xx_hal_dma.h"
 416              		.file 8 "Drivers/STM32F1xx_HAL_Driver/Inc/stm32f1xx_hal_adc.h"
 417              		.file 9 "Core/Inc/adc.h"
 418              		.file 10 "Core/Inc/main.h"
ARM GAS  /tmp/cciiz1ED.s 			page 12


DEFINED SYMBOLS
                            *ABS*:0000000000000000 adc.c
     /tmp/cciiz1ED.s:16     .text.MX_ADC1_Init:0000000000000000 $t
     /tmp/cciiz1ED.s:24     .text.MX_ADC1_Init:0000000000000000 MX_ADC1_Init
     /tmp/cciiz1ED.s:166    .text.MX_ADC1_Init:0000000000000088 $d
     /tmp/cciiz1ED.s:172    .text.HAL_ADC_MspInit:0000000000000000 $t
     /tmp/cciiz1ED.s:179    .text.HAL_ADC_MspInit:0000000000000000 HAL_ADC_MspInit
     /tmp/cciiz1ED.s:325    .text.HAL_ADC_MspInit:000000000000008c $d
     /tmp/cciiz1ED.s:333    .text.HAL_ADC_MspDeInit:0000000000000000 $t
     /tmp/cciiz1ED.s:340    .text.HAL_ADC_MspDeInit:0000000000000000 HAL_ADC_MspDeInit
     /tmp/cciiz1ED.s:386    .text.HAL_ADC_MspDeInit:0000000000000028 $d
     /tmp/cciiz1ED.s:406    .bss.hdma_adc1:0000000000000000 hdma_adc1
     /tmp/cciiz1ED.s:399    .bss.hadc1:0000000000000000 hadc1
     /tmp/cciiz1ED.s:395    .bss.hadc1:0000000000000000 $d
     /tmp/cciiz1ED.s:402    .bss.hdma_adc1:0000000000000000 $d

UNDEFINED SYMBOLS
HAL_ADC_Init
HAL_ADC_ConfigChannel
Error_Handler
HAL_GPIO_Init
HAL_DMA_Init
HAL_GPIO_DeInit
HAL_DMA_DeInit
