ARM GAS  /tmp/ccvrHEsJ.s 			page 1


   1              		.cpu cortex-m3
   2              		.eabi_attribute 20, 1
   3              		.eabi_attribute 21, 1
   4              		.eabi_attribute 23, 3
   5              		.eabi_attribute 24, 1
   6              		.eabi_attribute 25, 1
   7              		.eabi_attribute 26, 1
   8              		.eabi_attribute 30, 1
   9              		.eabi_attribute 34, 1
  10              		.eabi_attribute 18, 4
  11              		.file	"main.c"
  12              		.text
  13              	.Ltext0:
  14              		.cfi_sections	.debug_frame
  15              		.section	.text.HAL_TIM_PeriodElapsedCallback,"ax",%progbits
  16              		.align	1
  17              		.global	HAL_TIM_PeriodElapsedCallback
  18              		.arch armv7-m
  19              		.syntax unified
  20              		.thumb
  21              		.thumb_func
  22              		.fpu softvfp
  24              	HAL_TIM_PeriodElapsedCallback:
  25              	.LVL0:
  26              	.LFB71:
  27              		.file 1 "Core/Src/main.c"
   1:Core/Src/main.c **** /* USER CODE BEGIN Header */
   2:Core/Src/main.c **** /**
   3:Core/Src/main.c ****   ******************************************************************************
   4:Core/Src/main.c ****   * @file           : main.c
   5:Core/Src/main.c ****   * @brief          : Main program body
   6:Core/Src/main.c ****   ******************************************************************************
   7:Core/Src/main.c ****   * @attention
   8:Core/Src/main.c ****   *
   9:Core/Src/main.c ****   * Copyright (c) 2025 STMicroelectronics.
  10:Core/Src/main.c ****   * All rights reserved.
  11:Core/Src/main.c ****   *
  12:Core/Src/main.c ****   * This software is licensed under terms that can be found in the LICENSE file
  13:Core/Src/main.c ****   * in the root directory of this software component.
  14:Core/Src/main.c ****   * If no LICENSE file comes with this software, it is provided AS-IS.
  15:Core/Src/main.c ****   *
  16:Core/Src/main.c ****   ******************************************************************************
  17:Core/Src/main.c ****   */
  18:Core/Src/main.c **** /* USER CODE END Header */
  19:Core/Src/main.c **** /* Includes ------------------------------------------------------------------*/
  20:Core/Src/main.c **** #include "main.h"
  21:Core/Src/main.c **** #include "cmsis_os.h"
  22:Core/Src/main.c **** #include "adc.h"
  23:Core/Src/main.c **** #include "dma.h"
  24:Core/Src/main.c **** #include "i2c.h"
  25:Core/Src/main.c **** #include "tim.h"
  26:Core/Src/main.c **** #include "usart.h"
  27:Core/Src/main.c **** #include "gpio.h"
  28:Core/Src/main.c **** 
  29:Core/Src/main.c **** /* Private includes ----------------------------------------------------------*/
  30:Core/Src/main.c **** /* USER CODE BEGIN Includes */
  31:Core/Src/main.c **** 
ARM GAS  /tmp/ccvrHEsJ.s 			page 2


  32:Core/Src/main.c **** /* USER CODE END Includes */
  33:Core/Src/main.c **** 
  34:Core/Src/main.c **** /* Private typedef -----------------------------------------------------------*/
  35:Core/Src/main.c **** /* USER CODE BEGIN PTD */
  36:Core/Src/main.c **** 
  37:Core/Src/main.c **** /* USER CODE END PTD */
  38:Core/Src/main.c **** 
  39:Core/Src/main.c **** /* Private define ------------------------------------------------------------*/
  40:Core/Src/main.c **** /* USER CODE BEGIN PD */
  41:Core/Src/main.c **** 
  42:Core/Src/main.c **** /* USER CODE END PD */
  43:Core/Src/main.c **** 
  44:Core/Src/main.c **** /* Private macro -------------------------------------------------------------*/
  45:Core/Src/main.c **** /* USER CODE BEGIN PM */
  46:Core/Src/main.c **** 
  47:Core/Src/main.c **** /* USER CODE END PM */
  48:Core/Src/main.c **** 
  49:Core/Src/main.c **** /* Private variables ---------------------------------------------------------*/
  50:Core/Src/main.c **** 
  51:Core/Src/main.c **** /* USER CODE BEGIN PV */
  52:Core/Src/main.c **** 
  53:Core/Src/main.c **** /* USER CODE END PV */
  54:Core/Src/main.c **** 
  55:Core/Src/main.c **** /* Private function prototypes -----------------------------------------------*/
  56:Core/Src/main.c **** void SystemClock_Config(void);
  57:Core/Src/main.c **** void MX_FREERTOS_Init(void);
  58:Core/Src/main.c **** /* USER CODE BEGIN PFP */
  59:Core/Src/main.c **** 
  60:Core/Src/main.c **** /* USER CODE END PFP */
  61:Core/Src/main.c **** 
  62:Core/Src/main.c **** /* Private user code ---------------------------------------------------------*/
  63:Core/Src/main.c **** /* USER CODE BEGIN 0 */
  64:Core/Src/main.c **** 
  65:Core/Src/main.c **** /* USER CODE END 0 */
  66:Core/Src/main.c **** 
  67:Core/Src/main.c **** /**
  68:Core/Src/main.c ****   * @brief  The application entry point.
  69:Core/Src/main.c ****   * @retval int
  70:Core/Src/main.c ****   */
  71:Core/Src/main.c **** int main(void)
  72:Core/Src/main.c **** {
  73:Core/Src/main.c **** 
  74:Core/Src/main.c ****   /* USER CODE BEGIN 1 */
  75:Core/Src/main.c **** 
  76:Core/Src/main.c ****   /* USER CODE END 1 */
  77:Core/Src/main.c **** 
  78:Core/Src/main.c ****   /* MCU Configuration--------------------------------------------------------*/
  79:Core/Src/main.c **** 
  80:Core/Src/main.c ****   /* Reset of all peripherals, Initializes the Flash interface and the Systick. */
  81:Core/Src/main.c ****   HAL_Init();
  82:Core/Src/main.c **** 
  83:Core/Src/main.c ****   /* USER CODE BEGIN Init */
  84:Core/Src/main.c **** 
  85:Core/Src/main.c ****   /* USER CODE END Init */
  86:Core/Src/main.c **** 
  87:Core/Src/main.c ****   /* Configure the system clock */
  88:Core/Src/main.c ****   SystemClock_Config();
ARM GAS  /tmp/ccvrHEsJ.s 			page 3


  89:Core/Src/main.c **** 
  90:Core/Src/main.c ****   /* USER CODE BEGIN SysInit */
  91:Core/Src/main.c **** 
  92:Core/Src/main.c ****   /* USER CODE END SysInit */
  93:Core/Src/main.c **** 
  94:Core/Src/main.c ****   /* Initialize all configured peripherals */
  95:Core/Src/main.c ****   MX_GPIO_Init();
  96:Core/Src/main.c ****   MX_DMA_Init();
  97:Core/Src/main.c ****   MX_ADC1_Init();
  98:Core/Src/main.c ****   MX_USART1_UART_Init();
  99:Core/Src/main.c ****   MX_USART3_UART_Init();
 100:Core/Src/main.c ****   MX_I2C1_Init();
 101:Core/Src/main.c ****   MX_TIM3_Init();
 102:Core/Src/main.c ****   /* USER CODE BEGIN 2 */
 103:Core/Src/main.c **** 
 104:Core/Src/main.c ****   /* USER CODE END 2 */
 105:Core/Src/main.c **** 
 106:Core/Src/main.c ****   /* Init scheduler */
 107:Core/Src/main.c ****   osKernelInitialize();  /* Call init function for freertos objects (in cmsis_os2.c) */
 108:Core/Src/main.c ****   MX_FREERTOS_Init();
 109:Core/Src/main.c **** 
 110:Core/Src/main.c ****   /* Start scheduler */
 111:Core/Src/main.c ****   osKernelStart();
 112:Core/Src/main.c **** 
 113:Core/Src/main.c ****   /* We should never get here as control is now taken by the scheduler */
 114:Core/Src/main.c **** 
 115:Core/Src/main.c ****   /* Infinite loop */
 116:Core/Src/main.c ****   /* USER CODE BEGIN WHILE */
 117:Core/Src/main.c ****   while (1)
 118:Core/Src/main.c ****   {
 119:Core/Src/main.c ****     /* USER CODE END WHILE */
 120:Core/Src/main.c **** 	HAL_GPIO_TogglePin(GPIOB, GPIO_PIN_5);
 121:Core/Src/main.c **** 	HAL_Delay(500);
 122:Core/Src/main.c ****     /* USER CODE BEGIN 3 */
 123:Core/Src/main.c ****   }
 124:Core/Src/main.c ****   /* USER CODE END 3 */
 125:Core/Src/main.c **** }
 126:Core/Src/main.c **** 
 127:Core/Src/main.c **** /**
 128:Core/Src/main.c ****   * @brief System Clock Configuration
 129:Core/Src/main.c ****   * @retval None
 130:Core/Src/main.c ****   */
 131:Core/Src/main.c **** void SystemClock_Config(void)
 132:Core/Src/main.c **** {
 133:Core/Src/main.c ****   RCC_OscInitTypeDef RCC_OscInitStruct = {0};
 134:Core/Src/main.c ****   RCC_ClkInitTypeDef RCC_ClkInitStruct = {0};
 135:Core/Src/main.c ****   RCC_PeriphCLKInitTypeDef PeriphClkInit = {0};
 136:Core/Src/main.c **** 
 137:Core/Src/main.c ****   /** Initializes the RCC Oscillators according to the specified parameters
 138:Core/Src/main.c ****   * in the RCC_OscInitTypeDef structure.
 139:Core/Src/main.c ****   */
 140:Core/Src/main.c ****   RCC_OscInitStruct.OscillatorType = RCC_OSCILLATORTYPE_HSE;
 141:Core/Src/main.c ****   RCC_OscInitStruct.HSEState = RCC_HSE_ON;
 142:Core/Src/main.c ****   RCC_OscInitStruct.HSEPredivValue = RCC_HSE_PREDIV_DIV1;
 143:Core/Src/main.c ****   RCC_OscInitStruct.HSIState = RCC_HSI_ON;
 144:Core/Src/main.c ****   RCC_OscInitStruct.PLL.PLLState = RCC_PLL_ON;
 145:Core/Src/main.c ****   RCC_OscInitStruct.PLL.PLLSource = RCC_PLLSOURCE_HSE;
ARM GAS  /tmp/ccvrHEsJ.s 			page 4


 146:Core/Src/main.c ****   RCC_OscInitStruct.PLL.PLLMUL = RCC_PLL_MUL9;
 147:Core/Src/main.c ****   if (HAL_RCC_OscConfig(&RCC_OscInitStruct) != HAL_OK)
 148:Core/Src/main.c ****   {
 149:Core/Src/main.c ****     Error_Handler();
 150:Core/Src/main.c ****   }
 151:Core/Src/main.c **** 
 152:Core/Src/main.c ****   /** Initializes the CPU, AHB and APB buses clocks
 153:Core/Src/main.c ****   */
 154:Core/Src/main.c ****   RCC_ClkInitStruct.ClockType = RCC_CLOCKTYPE_HCLK|RCC_CLOCKTYPE_SYSCLK
 155:Core/Src/main.c ****                               |RCC_CLOCKTYPE_PCLK1|RCC_CLOCKTYPE_PCLK2;
 156:Core/Src/main.c ****   RCC_ClkInitStruct.SYSCLKSource = RCC_SYSCLKSOURCE_PLLCLK;
 157:Core/Src/main.c ****   RCC_ClkInitStruct.AHBCLKDivider = RCC_SYSCLK_DIV1;
 158:Core/Src/main.c ****   RCC_ClkInitStruct.APB1CLKDivider = RCC_HCLK_DIV2;
 159:Core/Src/main.c ****   RCC_ClkInitStruct.APB2CLKDivider = RCC_HCLK_DIV1;
 160:Core/Src/main.c **** 
 161:Core/Src/main.c ****   if (HAL_RCC_ClockConfig(&RCC_ClkInitStruct, FLASH_LATENCY_2) != HAL_OK)
 162:Core/Src/main.c ****   {
 163:Core/Src/main.c ****     Error_Handler();
 164:Core/Src/main.c ****   }
 165:Core/Src/main.c ****   PeriphClkInit.PeriphClockSelection = RCC_PERIPHCLK_ADC;
 166:Core/Src/main.c ****   PeriphClkInit.AdcClockSelection = RCC_ADCPCLK2_DIV6;
 167:Core/Src/main.c ****   if (HAL_RCCEx_PeriphCLKConfig(&PeriphClkInit) != HAL_OK)
 168:Core/Src/main.c ****   {
 169:Core/Src/main.c ****     Error_Handler();
 170:Core/Src/main.c ****   }
 171:Core/Src/main.c **** }
 172:Core/Src/main.c **** 
 173:Core/Src/main.c **** /* USER CODE BEGIN 4 */
 174:Core/Src/main.c **** 
 175:Core/Src/main.c **** /* USER CODE END 4 */
 176:Core/Src/main.c **** 
 177:Core/Src/main.c **** /**
 178:Core/Src/main.c ****   * @brief  Period elapsed callback in non blocking mode
 179:Core/Src/main.c ****   * @note   This function is called  when TIM1 interrupt took place, inside
 180:Core/Src/main.c ****   * HAL_TIM_IRQHandler(). It makes a direct call to HAL_IncTick() to increment
 181:Core/Src/main.c ****   * a global variable "uwTick" used as application time base.
 182:Core/Src/main.c ****   * @param  htim : TIM handle
 183:Core/Src/main.c ****   * @retval None
 184:Core/Src/main.c ****   */
 185:Core/Src/main.c **** void HAL_TIM_PeriodElapsedCallback(TIM_HandleTypeDef *htim)
 186:Core/Src/main.c **** {
  28              		.loc 1 186 1 view -0
  29              		.cfi_startproc
  30              		@ args = 0, pretend = 0, frame = 0
  31              		@ frame_needed = 0, uses_anonymous_args = 0
  32              		.loc 1 186 1 is_stmt 0 view .LVU1
  33 0000 08B5     		push	{r3, lr}
  34              	.LCFI0:
  35              		.cfi_def_cfa_offset 8
  36              		.cfi_offset 3, -8
  37              		.cfi_offset 14, -4
 187:Core/Src/main.c ****   /* USER CODE BEGIN Callback 0 */
 188:Core/Src/main.c **** 
 189:Core/Src/main.c ****   /* USER CODE END Callback 0 */
 190:Core/Src/main.c ****   if (htim->Instance == TIM1)
  38              		.loc 1 190 3 is_stmt 1 view .LVU2
  39              		.loc 1 190 11 is_stmt 0 view .LVU3
ARM GAS  /tmp/ccvrHEsJ.s 			page 5


  40 0002 0268     		ldr	r2, [r0]
  41              		.loc 1 190 6 view .LVU4
  42 0004 034B     		ldr	r3, .L5
  43 0006 9A42     		cmp	r2, r3
  44 0008 00D0     		beq	.L4
  45              	.LVL1:
  46              	.L1:
 191:Core/Src/main.c ****   {
 192:Core/Src/main.c ****     HAL_IncTick();
 193:Core/Src/main.c ****   }
 194:Core/Src/main.c ****   /* USER CODE BEGIN Callback 1 */
 195:Core/Src/main.c **** 
 196:Core/Src/main.c ****   /* USER CODE END Callback 1 */
 197:Core/Src/main.c **** }
  47              		.loc 1 197 1 view .LVU5
  48 000a 08BD     		pop	{r3, pc}
  49              	.LVL2:
  50              	.L4:
 192:Core/Src/main.c ****   }
  51              		.loc 1 192 5 is_stmt 1 view .LVU6
  52 000c FFF7FEFF 		bl	HAL_IncTick
  53              	.LVL3:
  54              		.loc 1 197 1 is_stmt 0 view .LVU7
  55 0010 FBE7     		b	.L1
  56              	.L6:
  57 0012 00BF     		.align	2
  58              	.L5:
  59 0014 002C0140 		.word	1073818624
  60              		.cfi_endproc
  61              	.LFE71:
  63              		.section	.text.Error_Handler,"ax",%progbits
  64              		.align	1
  65              		.global	Error_Handler
  66              		.syntax unified
  67              		.thumb
  68              		.thumb_func
  69              		.fpu softvfp
  71              	Error_Handler:
  72              	.LFB72:
 198:Core/Src/main.c **** 
 199:Core/Src/main.c **** /**
 200:Core/Src/main.c ****   * @brief  This function is executed in case of error occurrence.
 201:Core/Src/main.c ****   * @retval None
 202:Core/Src/main.c ****   */
 203:Core/Src/main.c **** void Error_Handler(void)
 204:Core/Src/main.c **** {
  73              		.loc 1 204 1 is_stmt 1 view -0
  74              		.cfi_startproc
  75              		@ Volatile: function does not return.
  76              		@ args = 0, pretend = 0, frame = 0
  77              		@ frame_needed = 0, uses_anonymous_args = 0
  78              		@ link register save eliminated.
 205:Core/Src/main.c ****   /* USER CODE BEGIN Error_Handler_Debug */
 206:Core/Src/main.c ****   /* User can add his own implementation to report the HAL error return state */
 207:Core/Src/main.c ****   __disable_irq();
  79              		.loc 1 207 3 view .LVU9
  80              	.LBB4:
ARM GAS  /tmp/ccvrHEsJ.s 			page 6


  81              	.LBI4:
  82              		.file 2 "Drivers/CMSIS/Include/cmsis_gcc.h"
   1:Drivers/CMSIS/Include/cmsis_gcc.h **** /**************************************************************************//**
   2:Drivers/CMSIS/Include/cmsis_gcc.h ****  * @file     cmsis_gcc.h
   3:Drivers/CMSIS/Include/cmsis_gcc.h ****  * @brief    CMSIS compiler GCC header file
   4:Drivers/CMSIS/Include/cmsis_gcc.h ****  * @version  V5.0.4
   5:Drivers/CMSIS/Include/cmsis_gcc.h ****  * @date     09. April 2018
   6:Drivers/CMSIS/Include/cmsis_gcc.h ****  ******************************************************************************/
   7:Drivers/CMSIS/Include/cmsis_gcc.h **** /*
   8:Drivers/CMSIS/Include/cmsis_gcc.h ****  * Copyright (c) 2009-2018 Arm Limited. All rights reserved.
   9:Drivers/CMSIS/Include/cmsis_gcc.h ****  *
  10:Drivers/CMSIS/Include/cmsis_gcc.h ****  * SPDX-License-Identifier: Apache-2.0
  11:Drivers/CMSIS/Include/cmsis_gcc.h ****  *
  12:Drivers/CMSIS/Include/cmsis_gcc.h ****  * Licensed under the Apache License, Version 2.0 (the License); you may
  13:Drivers/CMSIS/Include/cmsis_gcc.h ****  * not use this file except in compliance with the License.
  14:Drivers/CMSIS/Include/cmsis_gcc.h ****  * You may obtain a copy of the License at
  15:Drivers/CMSIS/Include/cmsis_gcc.h ****  *
  16:Drivers/CMSIS/Include/cmsis_gcc.h ****  * www.apache.org/licenses/LICENSE-2.0
  17:Drivers/CMSIS/Include/cmsis_gcc.h ****  *
  18:Drivers/CMSIS/Include/cmsis_gcc.h ****  * Unless required by applicable law or agreed to in writing, software
  19:Drivers/CMSIS/Include/cmsis_gcc.h ****  * distributed under the License is distributed on an AS IS BASIS, WITHOUT
  20:Drivers/CMSIS/Include/cmsis_gcc.h ****  * WARRANTIES OR CONDITIONS OF ANY KIND, either express or implied.
  21:Drivers/CMSIS/Include/cmsis_gcc.h ****  * See the License for the specific language governing permissions and
  22:Drivers/CMSIS/Include/cmsis_gcc.h ****  * limitations under the License.
  23:Drivers/CMSIS/Include/cmsis_gcc.h ****  */
  24:Drivers/CMSIS/Include/cmsis_gcc.h **** 
  25:Drivers/CMSIS/Include/cmsis_gcc.h **** #ifndef __CMSIS_GCC_H
  26:Drivers/CMSIS/Include/cmsis_gcc.h **** #define __CMSIS_GCC_H
  27:Drivers/CMSIS/Include/cmsis_gcc.h **** 
  28:Drivers/CMSIS/Include/cmsis_gcc.h **** /* ignore some GCC warnings */
  29:Drivers/CMSIS/Include/cmsis_gcc.h **** #pragma GCC diagnostic push
  30:Drivers/CMSIS/Include/cmsis_gcc.h **** #pragma GCC diagnostic ignored "-Wsign-conversion"
  31:Drivers/CMSIS/Include/cmsis_gcc.h **** #pragma GCC diagnostic ignored "-Wconversion"
  32:Drivers/CMSIS/Include/cmsis_gcc.h **** #pragma GCC diagnostic ignored "-Wunused-parameter"
  33:Drivers/CMSIS/Include/cmsis_gcc.h **** 
  34:Drivers/CMSIS/Include/cmsis_gcc.h **** /* Fallback for __has_builtin */
  35:Drivers/CMSIS/Include/cmsis_gcc.h **** #ifndef __has_builtin
  36:Drivers/CMSIS/Include/cmsis_gcc.h ****   #define __has_builtin(x) (0)
  37:Drivers/CMSIS/Include/cmsis_gcc.h **** #endif
  38:Drivers/CMSIS/Include/cmsis_gcc.h **** 
  39:Drivers/CMSIS/Include/cmsis_gcc.h **** /* CMSIS compiler specific defines */
  40:Drivers/CMSIS/Include/cmsis_gcc.h **** #ifndef   __ASM
  41:Drivers/CMSIS/Include/cmsis_gcc.h ****   #define __ASM                                  __asm
  42:Drivers/CMSIS/Include/cmsis_gcc.h **** #endif
  43:Drivers/CMSIS/Include/cmsis_gcc.h **** #ifndef   __INLINE
  44:Drivers/CMSIS/Include/cmsis_gcc.h ****   #define __INLINE                               inline
  45:Drivers/CMSIS/Include/cmsis_gcc.h **** #endif
  46:Drivers/CMSIS/Include/cmsis_gcc.h **** #ifndef   __STATIC_INLINE
  47:Drivers/CMSIS/Include/cmsis_gcc.h ****   #define __STATIC_INLINE                        static inline
  48:Drivers/CMSIS/Include/cmsis_gcc.h **** #endif
  49:Drivers/CMSIS/Include/cmsis_gcc.h **** #ifndef   __STATIC_FORCEINLINE                 
  50:Drivers/CMSIS/Include/cmsis_gcc.h ****   #define __STATIC_FORCEINLINE                   __attribute__((always_inline)) static inline
  51:Drivers/CMSIS/Include/cmsis_gcc.h **** #endif                                           
  52:Drivers/CMSIS/Include/cmsis_gcc.h **** #ifndef   __NO_RETURN
  53:Drivers/CMSIS/Include/cmsis_gcc.h ****   #define __NO_RETURN                            __attribute__((__noreturn__))
  54:Drivers/CMSIS/Include/cmsis_gcc.h **** #endif
  55:Drivers/CMSIS/Include/cmsis_gcc.h **** #ifndef   __USED
ARM GAS  /tmp/ccvrHEsJ.s 			page 7


  56:Drivers/CMSIS/Include/cmsis_gcc.h ****   #define __USED                                 __attribute__((used))
  57:Drivers/CMSIS/Include/cmsis_gcc.h **** #endif
  58:Drivers/CMSIS/Include/cmsis_gcc.h **** #ifndef   __WEAK
  59:Drivers/CMSIS/Include/cmsis_gcc.h ****   #define __WEAK                                 __attribute__((weak))
  60:Drivers/CMSIS/Include/cmsis_gcc.h **** #endif
  61:Drivers/CMSIS/Include/cmsis_gcc.h **** #ifndef   __PACKED
  62:Drivers/CMSIS/Include/cmsis_gcc.h ****   #define __PACKED                               __attribute__((packed, aligned(1)))
  63:Drivers/CMSIS/Include/cmsis_gcc.h **** #endif
  64:Drivers/CMSIS/Include/cmsis_gcc.h **** #ifndef   __PACKED_STRUCT
  65:Drivers/CMSIS/Include/cmsis_gcc.h ****   #define __PACKED_STRUCT                        struct __attribute__((packed, aligned(1)))
  66:Drivers/CMSIS/Include/cmsis_gcc.h **** #endif
  67:Drivers/CMSIS/Include/cmsis_gcc.h **** #ifndef   __PACKED_UNION
  68:Drivers/CMSIS/Include/cmsis_gcc.h ****   #define __PACKED_UNION                         union __attribute__((packed, aligned(1)))
  69:Drivers/CMSIS/Include/cmsis_gcc.h **** #endif
  70:Drivers/CMSIS/Include/cmsis_gcc.h **** #ifndef   __UNALIGNED_UINT32        /* deprecated */
  71:Drivers/CMSIS/Include/cmsis_gcc.h ****   #pragma GCC diagnostic push
  72:Drivers/CMSIS/Include/cmsis_gcc.h ****   #pragma GCC diagnostic ignored "-Wpacked"
  73:Drivers/CMSIS/Include/cmsis_gcc.h ****   #pragma GCC diagnostic ignored "-Wattributes"
  74:Drivers/CMSIS/Include/cmsis_gcc.h ****   struct __attribute__((packed)) T_UINT32 { uint32_t v; };
  75:Drivers/CMSIS/Include/cmsis_gcc.h ****   #pragma GCC diagnostic pop
  76:Drivers/CMSIS/Include/cmsis_gcc.h ****   #define __UNALIGNED_UINT32(x)                  (((struct T_UINT32 *)(x))->v)
  77:Drivers/CMSIS/Include/cmsis_gcc.h **** #endif
  78:Drivers/CMSIS/Include/cmsis_gcc.h **** #ifndef   __UNALIGNED_UINT16_WRITE
  79:Drivers/CMSIS/Include/cmsis_gcc.h ****   #pragma GCC diagnostic push
  80:Drivers/CMSIS/Include/cmsis_gcc.h ****   #pragma GCC diagnostic ignored "-Wpacked"
  81:Drivers/CMSIS/Include/cmsis_gcc.h ****   #pragma GCC diagnostic ignored "-Wattributes"
  82:Drivers/CMSIS/Include/cmsis_gcc.h ****   __PACKED_STRUCT T_UINT16_WRITE { uint16_t v; };
  83:Drivers/CMSIS/Include/cmsis_gcc.h ****   #pragma GCC diagnostic pop
  84:Drivers/CMSIS/Include/cmsis_gcc.h ****   #define __UNALIGNED_UINT16_WRITE(addr, val)    (void)((((struct T_UINT16_WRITE *)(void *)(addr))-
  85:Drivers/CMSIS/Include/cmsis_gcc.h **** #endif
  86:Drivers/CMSIS/Include/cmsis_gcc.h **** #ifndef   __UNALIGNED_UINT16_READ
  87:Drivers/CMSIS/Include/cmsis_gcc.h ****   #pragma GCC diagnostic push
  88:Drivers/CMSIS/Include/cmsis_gcc.h ****   #pragma GCC diagnostic ignored "-Wpacked"
  89:Drivers/CMSIS/Include/cmsis_gcc.h ****   #pragma GCC diagnostic ignored "-Wattributes"
  90:Drivers/CMSIS/Include/cmsis_gcc.h ****   __PACKED_STRUCT T_UINT16_READ { uint16_t v; };
  91:Drivers/CMSIS/Include/cmsis_gcc.h ****   #pragma GCC diagnostic pop
  92:Drivers/CMSIS/Include/cmsis_gcc.h ****   #define __UNALIGNED_UINT16_READ(addr)          (((const struct T_UINT16_READ *)(const void *)(add
  93:Drivers/CMSIS/Include/cmsis_gcc.h **** #endif
  94:Drivers/CMSIS/Include/cmsis_gcc.h **** #ifndef   __UNALIGNED_UINT32_WRITE
  95:Drivers/CMSIS/Include/cmsis_gcc.h ****   #pragma GCC diagnostic push
  96:Drivers/CMSIS/Include/cmsis_gcc.h ****   #pragma GCC diagnostic ignored "-Wpacked"
  97:Drivers/CMSIS/Include/cmsis_gcc.h ****   #pragma GCC diagnostic ignored "-Wattributes"
  98:Drivers/CMSIS/Include/cmsis_gcc.h ****   __PACKED_STRUCT T_UINT32_WRITE { uint32_t v; };
  99:Drivers/CMSIS/Include/cmsis_gcc.h ****   #pragma GCC diagnostic pop
 100:Drivers/CMSIS/Include/cmsis_gcc.h ****   #define __UNALIGNED_UINT32_WRITE(addr, val)    (void)((((struct T_UINT32_WRITE *)(void *)(addr))-
 101:Drivers/CMSIS/Include/cmsis_gcc.h **** #endif
 102:Drivers/CMSIS/Include/cmsis_gcc.h **** #ifndef   __UNALIGNED_UINT32_READ
 103:Drivers/CMSIS/Include/cmsis_gcc.h ****   #pragma GCC diagnostic push
 104:Drivers/CMSIS/Include/cmsis_gcc.h ****   #pragma GCC diagnostic ignored "-Wpacked"
 105:Drivers/CMSIS/Include/cmsis_gcc.h ****   #pragma GCC diagnostic ignored "-Wattributes"
 106:Drivers/CMSIS/Include/cmsis_gcc.h ****   __PACKED_STRUCT T_UINT32_READ { uint32_t v; };
 107:Drivers/CMSIS/Include/cmsis_gcc.h ****   #pragma GCC diagnostic pop
 108:Drivers/CMSIS/Include/cmsis_gcc.h ****   #define __UNALIGNED_UINT32_READ(addr)          (((const struct T_UINT32_READ *)(const void *)(add
 109:Drivers/CMSIS/Include/cmsis_gcc.h **** #endif
 110:Drivers/CMSIS/Include/cmsis_gcc.h **** #ifndef   __ALIGNED
 111:Drivers/CMSIS/Include/cmsis_gcc.h ****   #define __ALIGNED(x)                           __attribute__((aligned(x)))
 112:Drivers/CMSIS/Include/cmsis_gcc.h **** #endif
ARM GAS  /tmp/ccvrHEsJ.s 			page 8


 113:Drivers/CMSIS/Include/cmsis_gcc.h **** #ifndef   __RESTRICT
 114:Drivers/CMSIS/Include/cmsis_gcc.h ****   #define __RESTRICT                             __restrict
 115:Drivers/CMSIS/Include/cmsis_gcc.h **** #endif
 116:Drivers/CMSIS/Include/cmsis_gcc.h **** 
 117:Drivers/CMSIS/Include/cmsis_gcc.h **** 
 118:Drivers/CMSIS/Include/cmsis_gcc.h **** /* ###########################  Core Function Access  ########################### */
 119:Drivers/CMSIS/Include/cmsis_gcc.h **** /** \ingroup  CMSIS_Core_FunctionInterface
 120:Drivers/CMSIS/Include/cmsis_gcc.h ****     \defgroup CMSIS_Core_RegAccFunctions CMSIS Core Register Access Functions
 121:Drivers/CMSIS/Include/cmsis_gcc.h ****   @{
 122:Drivers/CMSIS/Include/cmsis_gcc.h ****  */
 123:Drivers/CMSIS/Include/cmsis_gcc.h **** 
 124:Drivers/CMSIS/Include/cmsis_gcc.h **** /**
 125:Drivers/CMSIS/Include/cmsis_gcc.h ****   \brief   Enable IRQ Interrupts
 126:Drivers/CMSIS/Include/cmsis_gcc.h ****   \details Enables IRQ interrupts by clearing the I-bit in the CPSR.
 127:Drivers/CMSIS/Include/cmsis_gcc.h ****            Can only be executed in Privileged modes.
 128:Drivers/CMSIS/Include/cmsis_gcc.h ****  */
 129:Drivers/CMSIS/Include/cmsis_gcc.h **** __STATIC_FORCEINLINE void __enable_irq(void)
 130:Drivers/CMSIS/Include/cmsis_gcc.h **** {
 131:Drivers/CMSIS/Include/cmsis_gcc.h ****   __ASM volatile ("cpsie i" : : : "memory");
 132:Drivers/CMSIS/Include/cmsis_gcc.h **** }
 133:Drivers/CMSIS/Include/cmsis_gcc.h **** 
 134:Drivers/CMSIS/Include/cmsis_gcc.h **** 
 135:Drivers/CMSIS/Include/cmsis_gcc.h **** /**
 136:Drivers/CMSIS/Include/cmsis_gcc.h ****   \brief   Disable IRQ Interrupts
 137:Drivers/CMSIS/Include/cmsis_gcc.h ****   \details Disables IRQ interrupts by setting the I-bit in the CPSR.
 138:Drivers/CMSIS/Include/cmsis_gcc.h ****            Can only be executed in Privileged modes.
 139:Drivers/CMSIS/Include/cmsis_gcc.h ****  */
 140:Drivers/CMSIS/Include/cmsis_gcc.h **** __STATIC_FORCEINLINE void __disable_irq(void)
  83              		.loc 2 140 27 view .LVU10
  84              	.LBB5:
 141:Drivers/CMSIS/Include/cmsis_gcc.h **** {
 142:Drivers/CMSIS/Include/cmsis_gcc.h ****   __ASM volatile ("cpsid i" : : : "memory");
  85              		.loc 2 142 3 view .LVU11
  86              		.syntax unified
  87              	@ 142 "Drivers/CMSIS/Include/cmsis_gcc.h" 1
  88 0000 72B6     		cpsid i
  89              	@ 0 "" 2
  90              		.thumb
  91              		.syntax unified
  92              	.L8:
  93              	.LBE5:
  94              	.LBE4:
 208:Core/Src/main.c ****   while (1)
  95              		.loc 1 208 3 discriminator 1 view .LVU12
 209:Core/Src/main.c ****   {
 210:Core/Src/main.c ****   }
  96              		.loc 1 210 3 discriminator 1 view .LVU13
 208:Core/Src/main.c ****   while (1)
  97              		.loc 1 208 9 discriminator 1 view .LVU14
  98 0002 FEE7     		b	.L8
  99              		.cfi_endproc
 100              	.LFE72:
 102              		.section	.text.SystemClock_Config,"ax",%progbits
 103              		.align	1
 104              		.global	SystemClock_Config
 105              		.syntax unified
 106              		.thumb
ARM GAS  /tmp/ccvrHEsJ.s 			page 9


 107              		.thumb_func
 108              		.fpu softvfp
 110              	SystemClock_Config:
 111              	.LFB70:
 132:Core/Src/main.c ****   RCC_OscInitTypeDef RCC_OscInitStruct = {0};
 112              		.loc 1 132 1 view -0
 113              		.cfi_startproc
 114              		@ args = 0, pretend = 0, frame = 88
 115              		@ frame_needed = 0, uses_anonymous_args = 0
 116 0000 00B5     		push	{lr}
 117              	.LCFI1:
 118              		.cfi_def_cfa_offset 4
 119              		.cfi_offset 14, -4
 120 0002 97B0     		sub	sp, sp, #92
 121              	.LCFI2:
 122              		.cfi_def_cfa_offset 96
 133:Core/Src/main.c ****   RCC_ClkInitTypeDef RCC_ClkInitStruct = {0};
 123              		.loc 1 133 3 view .LVU16
 133:Core/Src/main.c ****   RCC_ClkInitTypeDef RCC_ClkInitStruct = {0};
 124              		.loc 1 133 22 is_stmt 0 view .LVU17
 125 0004 2822     		movs	r2, #40
 126 0006 0021     		movs	r1, #0
 127 0008 0CA8     		add	r0, sp, #48
 128 000a FFF7FEFF 		bl	memset
 129              	.LVL4:
 134:Core/Src/main.c ****   RCC_PeriphCLKInitTypeDef PeriphClkInit = {0};
 130              		.loc 1 134 3 is_stmt 1 view .LVU18
 134:Core/Src/main.c ****   RCC_PeriphCLKInitTypeDef PeriphClkInit = {0};
 131              		.loc 1 134 22 is_stmt 0 view .LVU19
 132 000e 0023     		movs	r3, #0
 133 0010 0793     		str	r3, [sp, #28]
 134 0012 0893     		str	r3, [sp, #32]
 135 0014 0993     		str	r3, [sp, #36]
 136 0016 0A93     		str	r3, [sp, #40]
 137 0018 0B93     		str	r3, [sp, #44]
 135:Core/Src/main.c **** 
 138              		.loc 1 135 3 is_stmt 1 view .LVU20
 135:Core/Src/main.c **** 
 139              		.loc 1 135 28 is_stmt 0 view .LVU21
 140 001a 0193     		str	r3, [sp, #4]
 141 001c 0293     		str	r3, [sp, #8]
 142 001e 0393     		str	r3, [sp, #12]
 143 0020 0493     		str	r3, [sp, #16]
 144 0022 0593     		str	r3, [sp, #20]
 145 0024 0693     		str	r3, [sp, #24]
 140:Core/Src/main.c ****   RCC_OscInitStruct.HSEState = RCC_HSE_ON;
 146              		.loc 1 140 3 is_stmt 1 view .LVU22
 140:Core/Src/main.c ****   RCC_OscInitStruct.HSEState = RCC_HSE_ON;
 147              		.loc 1 140 36 is_stmt 0 view .LVU23
 148 0026 0122     		movs	r2, #1
 149 0028 0C92     		str	r2, [sp, #48]
 141:Core/Src/main.c ****   RCC_OscInitStruct.HSEPredivValue = RCC_HSE_PREDIV_DIV1;
 150              		.loc 1 141 3 is_stmt 1 view .LVU24
 141:Core/Src/main.c ****   RCC_OscInitStruct.HSEPredivValue = RCC_HSE_PREDIV_DIV1;
 151              		.loc 1 141 30 is_stmt 0 view .LVU25
 152 002a 4FF48033 		mov	r3, #65536
 153 002e 0D93     		str	r3, [sp, #52]
ARM GAS  /tmp/ccvrHEsJ.s 			page 10


 142:Core/Src/main.c ****   RCC_OscInitStruct.HSIState = RCC_HSI_ON;
 154              		.loc 1 142 3 is_stmt 1 view .LVU26
 143:Core/Src/main.c ****   RCC_OscInitStruct.PLL.PLLState = RCC_PLL_ON;
 155              		.loc 1 143 3 view .LVU27
 143:Core/Src/main.c ****   RCC_OscInitStruct.PLL.PLLState = RCC_PLL_ON;
 156              		.loc 1 143 30 is_stmt 0 view .LVU28
 157 0030 1092     		str	r2, [sp, #64]
 144:Core/Src/main.c ****   RCC_OscInitStruct.PLL.PLLSource = RCC_PLLSOURCE_HSE;
 158              		.loc 1 144 3 is_stmt 1 view .LVU29
 144:Core/Src/main.c ****   RCC_OscInitStruct.PLL.PLLSource = RCC_PLLSOURCE_HSE;
 159              		.loc 1 144 34 is_stmt 0 view .LVU30
 160 0032 0222     		movs	r2, #2
 161 0034 1392     		str	r2, [sp, #76]
 145:Core/Src/main.c ****   RCC_OscInitStruct.PLL.PLLMUL = RCC_PLL_MUL9;
 162              		.loc 1 145 3 is_stmt 1 view .LVU31
 145:Core/Src/main.c ****   RCC_OscInitStruct.PLL.PLLMUL = RCC_PLL_MUL9;
 163              		.loc 1 145 35 is_stmt 0 view .LVU32
 164 0036 1493     		str	r3, [sp, #80]
 146:Core/Src/main.c ****   if (HAL_RCC_OscConfig(&RCC_OscInitStruct) != HAL_OK)
 165              		.loc 1 146 3 is_stmt 1 view .LVU33
 146:Core/Src/main.c ****   if (HAL_RCC_OscConfig(&RCC_OscInitStruct) != HAL_OK)
 166              		.loc 1 146 32 is_stmt 0 view .LVU34
 167 0038 4FF4E013 		mov	r3, #1835008
 168 003c 1593     		str	r3, [sp, #84]
 147:Core/Src/main.c ****   {
 169              		.loc 1 147 3 is_stmt 1 view .LVU35
 147:Core/Src/main.c ****   {
 170              		.loc 1 147 7 is_stmt 0 view .LVU36
 171 003e 0CA8     		add	r0, sp, #48
 172 0040 FFF7FEFF 		bl	HAL_RCC_OscConfig
 173              	.LVL5:
 147:Core/Src/main.c ****   {
 174              		.loc 1 147 6 view .LVU37
 175 0044 C8B9     		cbnz	r0, .L14
 154:Core/Src/main.c ****                               |RCC_CLOCKTYPE_PCLK1|RCC_CLOCKTYPE_PCLK2;
 176              		.loc 1 154 3 is_stmt 1 view .LVU38
 154:Core/Src/main.c ****                               |RCC_CLOCKTYPE_PCLK1|RCC_CLOCKTYPE_PCLK2;
 177              		.loc 1 154 31 is_stmt 0 view .LVU39
 178 0046 0F23     		movs	r3, #15
 179 0048 0793     		str	r3, [sp, #28]
 156:Core/Src/main.c ****   RCC_ClkInitStruct.AHBCLKDivider = RCC_SYSCLK_DIV1;
 180              		.loc 1 156 3 is_stmt 1 view .LVU40
 156:Core/Src/main.c ****   RCC_ClkInitStruct.AHBCLKDivider = RCC_SYSCLK_DIV1;
 181              		.loc 1 156 34 is_stmt 0 view .LVU41
 182 004a 0221     		movs	r1, #2
 183 004c 0891     		str	r1, [sp, #32]
 157:Core/Src/main.c ****   RCC_ClkInitStruct.APB1CLKDivider = RCC_HCLK_DIV2;
 184              		.loc 1 157 3 is_stmt 1 view .LVU42
 157:Core/Src/main.c ****   RCC_ClkInitStruct.APB1CLKDivider = RCC_HCLK_DIV2;
 185              		.loc 1 157 35 is_stmt 0 view .LVU43
 186 004e 0023     		movs	r3, #0
 187 0050 0993     		str	r3, [sp, #36]
 158:Core/Src/main.c ****   RCC_ClkInitStruct.APB2CLKDivider = RCC_HCLK_DIV1;
 188              		.loc 1 158 3 is_stmt 1 view .LVU44
 158:Core/Src/main.c ****   RCC_ClkInitStruct.APB2CLKDivider = RCC_HCLK_DIV1;
 189              		.loc 1 158 36 is_stmt 0 view .LVU45
 190 0052 4FF48062 		mov	r2, #1024
ARM GAS  /tmp/ccvrHEsJ.s 			page 11


 191 0056 0A92     		str	r2, [sp, #40]
 159:Core/Src/main.c **** 
 192              		.loc 1 159 3 is_stmt 1 view .LVU46
 159:Core/Src/main.c **** 
 193              		.loc 1 159 36 is_stmt 0 view .LVU47
 194 0058 0B93     		str	r3, [sp, #44]
 161:Core/Src/main.c ****   {
 195              		.loc 1 161 3 is_stmt 1 view .LVU48
 161:Core/Src/main.c ****   {
 196              		.loc 1 161 7 is_stmt 0 view .LVU49
 197 005a 07A8     		add	r0, sp, #28
 198 005c FFF7FEFF 		bl	HAL_RCC_ClockConfig
 199              	.LVL6:
 161:Core/Src/main.c ****   {
 200              		.loc 1 161 6 view .LVU50
 201 0060 68B9     		cbnz	r0, .L15
 165:Core/Src/main.c ****   PeriphClkInit.AdcClockSelection = RCC_ADCPCLK2_DIV6;
 202              		.loc 1 165 3 is_stmt 1 view .LVU51
 165:Core/Src/main.c ****   PeriphClkInit.AdcClockSelection = RCC_ADCPCLK2_DIV6;
 203              		.loc 1 165 38 is_stmt 0 view .LVU52
 204 0062 0223     		movs	r3, #2
 205 0064 0193     		str	r3, [sp, #4]
 166:Core/Src/main.c ****   if (HAL_RCCEx_PeriphCLKConfig(&PeriphClkInit) != HAL_OK)
 206              		.loc 1 166 3 is_stmt 1 view .LVU53
 166:Core/Src/main.c ****   if (HAL_RCCEx_PeriphCLKConfig(&PeriphClkInit) != HAL_OK)
 207              		.loc 1 166 35 is_stmt 0 view .LVU54
 208 0066 4FF40043 		mov	r3, #32768
 209 006a 0393     		str	r3, [sp, #12]
 167:Core/Src/main.c ****   {
 210              		.loc 1 167 3 is_stmt 1 view .LVU55
 167:Core/Src/main.c ****   {
 211              		.loc 1 167 7 is_stmt 0 view .LVU56
 212 006c 01A8     		add	r0, sp, #4
 213 006e FFF7FEFF 		bl	HAL_RCCEx_PeriphCLKConfig
 214              	.LVL7:
 167:Core/Src/main.c ****   {
 215              		.loc 1 167 6 view .LVU57
 216 0072 30B9     		cbnz	r0, .L16
 171:Core/Src/main.c **** 
 217              		.loc 1 171 1 view .LVU58
 218 0074 17B0     		add	sp, sp, #92
 219              	.LCFI3:
 220              		.cfi_remember_state
 221              		.cfi_def_cfa_offset 4
 222              		@ sp needed
 223 0076 5DF804FB 		ldr	pc, [sp], #4
 224              	.L14:
 225              	.LCFI4:
 226              		.cfi_restore_state
 149:Core/Src/main.c ****   }
 227              		.loc 1 149 5 is_stmt 1 view .LVU59
 228 007a FFF7FEFF 		bl	Error_Handler
 229              	.LVL8:
 230              	.L15:
 163:Core/Src/main.c ****   }
 231              		.loc 1 163 5 view .LVU60
 232 007e FFF7FEFF 		bl	Error_Handler
ARM GAS  /tmp/ccvrHEsJ.s 			page 12


 233              	.LVL9:
 234              	.L16:
 169:Core/Src/main.c ****   }
 235              		.loc 1 169 5 view .LVU61
 236 0082 FFF7FEFF 		bl	Error_Handler
 237              	.LVL10:
 238              		.cfi_endproc
 239              	.LFE70:
 241              		.section	.text.main,"ax",%progbits
 242              		.align	1
 243              		.global	main
 244              		.syntax unified
 245              		.thumb
 246              		.thumb_func
 247              		.fpu softvfp
 249              	main:
 250              	.LFB69:
  72:Core/Src/main.c **** 
 251              		.loc 1 72 1 view -0
 252              		.cfi_startproc
 253              		@ Volatile: function does not return.
 254              		@ args = 0, pretend = 0, frame = 0
 255              		@ frame_needed = 0, uses_anonymous_args = 0
 256 0000 08B5     		push	{r3, lr}
 257              	.LCFI5:
 258              		.cfi_def_cfa_offset 8
 259              		.cfi_offset 3, -8
 260              		.cfi_offset 14, -4
  81:Core/Src/main.c **** 
 261              		.loc 1 81 3 view .LVU63
 262 0002 FFF7FEFF 		bl	HAL_Init
 263              	.LVL11:
  88:Core/Src/main.c **** 
 264              		.loc 1 88 3 view .LVU64
 265 0006 FFF7FEFF 		bl	SystemClock_Config
 266              	.LVL12:
  95:Core/Src/main.c ****   MX_DMA_Init();
 267              		.loc 1 95 3 view .LVU65
 268 000a FFF7FEFF 		bl	MX_GPIO_Init
 269              	.LVL13:
  96:Core/Src/main.c ****   MX_ADC1_Init();
 270              		.loc 1 96 3 view .LVU66
 271 000e FFF7FEFF 		bl	MX_DMA_Init
 272              	.LVL14:
  97:Core/Src/main.c ****   MX_USART1_UART_Init();
 273              		.loc 1 97 3 view .LVU67
 274 0012 FFF7FEFF 		bl	MX_ADC1_Init
 275              	.LVL15:
  98:Core/Src/main.c ****   MX_USART3_UART_Init();
 276              		.loc 1 98 3 view .LVU68
 277 0016 FFF7FEFF 		bl	MX_USART1_UART_Init
 278              	.LVL16:
  99:Core/Src/main.c ****   MX_I2C1_Init();
 279              		.loc 1 99 3 view .LVU69
 280 001a FFF7FEFF 		bl	MX_USART3_UART_Init
 281              	.LVL17:
 100:Core/Src/main.c ****   MX_TIM3_Init();
ARM GAS  /tmp/ccvrHEsJ.s 			page 13


 282              		.loc 1 100 3 view .LVU70
 283 001e FFF7FEFF 		bl	MX_I2C1_Init
 284              	.LVL18:
 101:Core/Src/main.c ****   /* USER CODE BEGIN 2 */
 285              		.loc 1 101 3 view .LVU71
 286 0022 FFF7FEFF 		bl	MX_TIM3_Init
 287              	.LVL19:
 107:Core/Src/main.c ****   MX_FREERTOS_Init();
 288              		.loc 1 107 3 view .LVU72
 289 0026 FFF7FEFF 		bl	osKernelInitialize
 290              	.LVL20:
 108:Core/Src/main.c **** 
 291              		.loc 1 108 3 view .LVU73
 292 002a FFF7FEFF 		bl	MX_FREERTOS_Init
 293              	.LVL21:
 111:Core/Src/main.c **** 
 294              		.loc 1 111 3 view .LVU74
 295 002e FFF7FEFF 		bl	osKernelStart
 296              	.LVL22:
 297              	.L18:
 117:Core/Src/main.c ****   {
 298              		.loc 1 117 3 discriminator 1 view .LVU75
 120:Core/Src/main.c **** 	HAL_Delay(500);
 299              		.loc 1 120 2 discriminator 1 view .LVU76
 300 0032 2021     		movs	r1, #32
 301 0034 0348     		ldr	r0, .L20
 302 0036 FFF7FEFF 		bl	HAL_GPIO_TogglePin
 303              	.LVL23:
 121:Core/Src/main.c ****     /* USER CODE BEGIN 3 */
 304              		.loc 1 121 2 discriminator 1 view .LVU77
 305 003a 4FF4FA70 		mov	r0, #500
 306 003e FFF7FEFF 		bl	HAL_Delay
 307              	.LVL24:
 117:Core/Src/main.c ****   {
 308              		.loc 1 117 9 discriminator 1 view .LVU78
 309 0042 F6E7     		b	.L18
 310              	.L21:
 311              		.align	2
 312              	.L20:
 313 0044 000C0140 		.word	1073810432
 314              		.cfi_endproc
 315              	.LFE69:
 317              		.text
 318              	.Letext0:
 319              		.file 3 "/usr/lib/gcc/arm-none-eabi/10.3.1/include/stdint.h"
 320              		.file 4 "Drivers/CMSIS/Device/ST/STM32F1xx/Include/stm32f103xe.h"
 321              		.file 5 "Drivers/STM32F1xx_HAL_Driver/Inc/stm32f1xx_hal_def.h"
 322              		.file 6 "Drivers/STM32F1xx_HAL_Driver/Inc/stm32f1xx_hal_rcc.h"
 323              		.file 7 "Drivers/STM32F1xx_HAL_Driver/Inc/stm32f1xx_hal_rcc_ex.h"
 324              		.file 8 "Drivers/STM32F1xx_HAL_Driver/Inc/stm32f1xx_hal_dma.h"
 325              		.file 9 "Drivers/STM32F1xx_HAL_Driver/Inc/stm32f1xx_hal_tim.h"
 326              		.file 10 "Drivers/STM32F1xx_HAL_Driver/Inc/stm32f1xx_hal.h"
 327              		.file 11 "Core/Inc/gpio.h"
 328              		.file 12 "Core/Inc/dma.h"
 329              		.file 13 "Core/Inc/adc.h"
 330              		.file 14 "Core/Inc/usart.h"
 331              		.file 15 "Core/Inc/i2c.h"
ARM GAS  /tmp/ccvrHEsJ.s 			page 14


 332              		.file 16 "Core/Inc/tim.h"
 333              		.file 17 "Middlewares/Third_Party/FreeRTOS/Source/CMSIS_RTOS_V2/cmsis_os2.h"
 334              		.file 18 "Drivers/STM32F1xx_HAL_Driver/Inc/stm32f1xx_hal_gpio.h"
 335              		.file 19 "<built-in>"
ARM GAS  /tmp/ccvrHEsJ.s 			page 15


DEFINED SYMBOLS
                            *ABS*:0000000000000000 main.c
     /tmp/ccvrHEsJ.s:16     .text.HAL_TIM_PeriodElapsedCallback:0000000000000000 $t
     /tmp/ccvrHEsJ.s:24     .text.HAL_TIM_PeriodElapsedCallback:0000000000000000 HAL_TIM_PeriodElapsedCallback
     /tmp/ccvrHEsJ.s:59     .text.HAL_TIM_PeriodElapsedCallback:0000000000000014 $d
     /tmp/ccvrHEsJ.s:64     .text.Error_Handler:0000000000000000 $t
     /tmp/ccvrHEsJ.s:71     .text.Error_Handler:0000000000000000 Error_Handler
     /tmp/ccvrHEsJ.s:103    .text.SystemClock_Config:0000000000000000 $t
     /tmp/ccvrHEsJ.s:110    .text.SystemClock_Config:0000000000000000 SystemClock_Config
     /tmp/ccvrHEsJ.s:242    .text.main:0000000000000000 $t
     /tmp/ccvrHEsJ.s:249    .text.main:0000000000000000 main
     /tmp/ccvrHEsJ.s:313    .text.main:0000000000000044 $d

UNDEFINED SYMBOLS
HAL_IncTick
memset
HAL_RCC_OscConfig
HAL_RCC_ClockConfig
HAL_RCCEx_PeriphCLKConfig
HAL_Init
MX_GPIO_Init
MX_DMA_Init
MX_ADC1_Init
MX_USART1_UART_Init
MX_USART3_UART_Init
MX_I2C1_Init
MX_TIM3_Init
osKernelInitialize
MX_FREERTOS_Init
osKernelStart
HAL_GPIO_TogglePin
HAL_Delay
