ARM GAS  /tmp/ccQj8t1Q.s 			page 1


   1              		.cpu cortex-m3
   2              		.eabi_attribute 20, 1
   3              		.eabi_attribute 21, 1
   4              		.eabi_attribute 23, 3
   5              		.eabi_attribute 24, 1
   6              		.eabi_attribute 25, 1
   7              		.eabi_attribute 26, 1
   8              		.eabi_attribute 30, 1
   9              		.eabi_attribute 34, 1
  10              		.eabi_attribute 18, 4
  11              		.file	"tim.c"
  12              		.text
  13              	.Ltext0:
  14              		.cfi_sections	.debug_frame
  15              		.section	.text.HAL_TIM_Base_MspInit,"ax",%progbits
  16              		.align	1
  17              		.global	HAL_TIM_Base_MspInit
  18              		.arch armv7-m
  19              		.syntax unified
  20              		.thumb
  21              		.thumb_func
  22              		.fpu softvfp
  24              	HAL_TIM_Base_MspInit:
  25              	.LVL0:
  26              	.LFB66:
  27              		.file 1 "Core/Src/tim.c"
   1:Core/Src/tim.c **** /* USER CODE BEGIN Header */
   2:Core/Src/tim.c **** /**
   3:Core/Src/tim.c ****   ******************************************************************************
   4:Core/Src/tim.c ****   * @file    tim.c
   5:Core/Src/tim.c ****   * @brief   This file provides code for the configuration
   6:Core/Src/tim.c ****   *          of the TIM instances.
   7:Core/Src/tim.c ****   ******************************************************************************
   8:Core/Src/tim.c ****   * @attention
   9:Core/Src/tim.c ****   *
  10:Core/Src/tim.c ****   * Copyright (c) 2025 STMicroelectronics.
  11:Core/Src/tim.c ****   * All rights reserved.
  12:Core/Src/tim.c ****   *
  13:Core/Src/tim.c ****   * This software is licensed under terms that can be found in the LICENSE file
  14:Core/Src/tim.c ****   * in the root directory of this software component.
  15:Core/Src/tim.c ****   * If no LICENSE file comes with this software, it is provided AS-IS.
  16:Core/Src/tim.c ****   *
  17:Core/Src/tim.c ****   ******************************************************************************
  18:Core/Src/tim.c ****   */
  19:Core/Src/tim.c **** /* USER CODE END Header */
  20:Core/Src/tim.c **** /* Includes ------------------------------------------------------------------*/
  21:Core/Src/tim.c **** #include "tim.h"
  22:Core/Src/tim.c **** 
  23:Core/Src/tim.c **** /* USER CODE BEGIN 0 */
  24:Core/Src/tim.c **** 
  25:Core/Src/tim.c **** /* USER CODE END 0 */
  26:Core/Src/tim.c **** 
  27:Core/Src/tim.c **** TIM_HandleTypeDef htim3;
  28:Core/Src/tim.c **** 
  29:Core/Src/tim.c **** /* TIM3 init function */
  30:Core/Src/tim.c **** void MX_TIM3_Init(void)
  31:Core/Src/tim.c **** {
ARM GAS  /tmp/ccQj8t1Q.s 			page 2


  32:Core/Src/tim.c **** 
  33:Core/Src/tim.c ****   /* USER CODE BEGIN TIM3_Init 0 */
  34:Core/Src/tim.c **** 
  35:Core/Src/tim.c ****   /* USER CODE END TIM3_Init 0 */
  36:Core/Src/tim.c **** 
  37:Core/Src/tim.c ****   TIM_ClockConfigTypeDef sClockSourceConfig = {0};
  38:Core/Src/tim.c ****   TIM_MasterConfigTypeDef sMasterConfig = {0};
  39:Core/Src/tim.c ****   TIM_OC_InitTypeDef sConfigOC = {0};
  40:Core/Src/tim.c **** 
  41:Core/Src/tim.c ****   /* USER CODE BEGIN TIM3_Init 1 */
  42:Core/Src/tim.c **** 
  43:Core/Src/tim.c ****   /* USER CODE END TIM3_Init 1 */
  44:Core/Src/tim.c ****   htim3.Instance = TIM3;
  45:Core/Src/tim.c ****   htim3.Init.Prescaler = 71;
  46:Core/Src/tim.c ****   htim3.Init.CounterMode = TIM_COUNTERMODE_UP;
  47:Core/Src/tim.c ****   htim3.Init.Period = 19999;
  48:Core/Src/tim.c ****   htim3.Init.ClockDivision = TIM_CLOCKDIVISION_DIV1;
  49:Core/Src/tim.c ****   htim3.Init.AutoReloadPreload = TIM_AUTORELOAD_PRELOAD_DISABLE;
  50:Core/Src/tim.c ****   if (HAL_TIM_Base_Init(&htim3) != HAL_OK)
  51:Core/Src/tim.c ****   {
  52:Core/Src/tim.c ****     Error_Handler();
  53:Core/Src/tim.c ****   }
  54:Core/Src/tim.c ****   sClockSourceConfig.ClockSource = TIM_CLOCKSOURCE_INTERNAL;
  55:Core/Src/tim.c ****   if (HAL_TIM_ConfigClockSource(&htim3, &sClockSourceConfig) != HAL_OK)
  56:Core/Src/tim.c ****   {
  57:Core/Src/tim.c ****     Error_Handler();
  58:Core/Src/tim.c ****   }
  59:Core/Src/tim.c ****   if (HAL_TIM_PWM_Init(&htim3) != HAL_OK)
  60:Core/Src/tim.c ****   {
  61:Core/Src/tim.c ****     Error_Handler();
  62:Core/Src/tim.c ****   }
  63:Core/Src/tim.c ****   sMasterConfig.MasterOutputTrigger = TIM_TRGO_RESET;
  64:Core/Src/tim.c ****   sMasterConfig.MasterSlaveMode = TIM_MASTERSLAVEMODE_DISABLE;
  65:Core/Src/tim.c ****   if (HAL_TIMEx_MasterConfigSynchronization(&htim3, &sMasterConfig) != HAL_OK)
  66:Core/Src/tim.c ****   {
  67:Core/Src/tim.c ****     Error_Handler();
  68:Core/Src/tim.c ****   }
  69:Core/Src/tim.c ****   sConfigOC.OCMode = TIM_OCMODE_PWM1;
  70:Core/Src/tim.c ****   sConfigOC.Pulse = 0;
  71:Core/Src/tim.c ****   sConfigOC.OCPolarity = TIM_OCPOLARITY_HIGH;
  72:Core/Src/tim.c ****   sConfigOC.OCFastMode = TIM_OCFAST_DISABLE;
  73:Core/Src/tim.c ****   if (HAL_TIM_PWM_ConfigChannel(&htim3, &sConfigOC, TIM_CHANNEL_1) != HAL_OK)
  74:Core/Src/tim.c ****   {
  75:Core/Src/tim.c ****     Error_Handler();
  76:Core/Src/tim.c ****   }
  77:Core/Src/tim.c ****   if (HAL_TIM_PWM_ConfigChannel(&htim3, &sConfigOC, TIM_CHANNEL_2) != HAL_OK)
  78:Core/Src/tim.c ****   {
  79:Core/Src/tim.c ****     Error_Handler();
  80:Core/Src/tim.c ****   }
  81:Core/Src/tim.c ****   /* USER CODE BEGIN TIM3_Init 2 */
  82:Core/Src/tim.c **** 
  83:Core/Src/tim.c ****   /* USER CODE END TIM3_Init 2 */
  84:Core/Src/tim.c ****   HAL_TIM_MspPostInit(&htim3);
  85:Core/Src/tim.c **** 
  86:Core/Src/tim.c **** }
  87:Core/Src/tim.c **** 
  88:Core/Src/tim.c **** void HAL_TIM_Base_MspInit(TIM_HandleTypeDef* tim_baseHandle)
ARM GAS  /tmp/ccQj8t1Q.s 			page 3


  89:Core/Src/tim.c **** {
  28              		.loc 1 89 1 view -0
  29              		.cfi_startproc
  30              		@ args = 0, pretend = 0, frame = 8
  31              		@ frame_needed = 0, uses_anonymous_args = 0
  32              		@ link register save eliminated.
  90:Core/Src/tim.c **** 
  91:Core/Src/tim.c ****   if(tim_baseHandle->Instance==TIM3)
  33              		.loc 1 91 3 view .LVU1
  34              		.loc 1 91 20 is_stmt 0 view .LVU2
  35 0000 0268     		ldr	r2, [r0]
  36              		.loc 1 91 5 view .LVU3
  37 0002 094B     		ldr	r3, .L8
  38 0004 9A42     		cmp	r2, r3
  39 0006 00D0     		beq	.L7
  40 0008 7047     		bx	lr
  41              	.L7:
  89:Core/Src/tim.c **** 
  42              		.loc 1 89 1 view .LVU4
  43 000a 82B0     		sub	sp, sp, #8
  44              	.LCFI0:
  45              		.cfi_def_cfa_offset 8
  92:Core/Src/tim.c ****   {
  93:Core/Src/tim.c ****   /* USER CODE BEGIN TIM3_MspInit 0 */
  94:Core/Src/tim.c **** 
  95:Core/Src/tim.c ****   /* USER CODE END TIM3_MspInit 0 */
  96:Core/Src/tim.c ****     /* TIM3 clock enable */
  97:Core/Src/tim.c ****     __HAL_RCC_TIM3_CLK_ENABLE();
  46              		.loc 1 97 5 is_stmt 1 view .LVU5
  47              	.LBB2:
  48              		.loc 1 97 5 view .LVU6
  49              		.loc 1 97 5 view .LVU7
  50 000c 03F50333 		add	r3, r3, #134144
  51 0010 DA69     		ldr	r2, [r3, #28]
  52 0012 42F00202 		orr	r2, r2, #2
  53 0016 DA61     		str	r2, [r3, #28]
  54              		.loc 1 97 5 view .LVU8
  55 0018 DB69     		ldr	r3, [r3, #28]
  56 001a 03F00203 		and	r3, r3, #2
  57 001e 0193     		str	r3, [sp, #4]
  58              		.loc 1 97 5 view .LVU9
  59 0020 019B     		ldr	r3, [sp, #4]
  60              	.LBE2:
  61              		.loc 1 97 5 view .LVU10
  98:Core/Src/tim.c ****   /* USER CODE BEGIN TIM3_MspInit 1 */
  99:Core/Src/tim.c **** 
 100:Core/Src/tim.c ****   /* USER CODE END TIM3_MspInit 1 */
 101:Core/Src/tim.c ****   }
 102:Core/Src/tim.c **** }
  62              		.loc 1 102 1 is_stmt 0 view .LVU11
  63 0022 02B0     		add	sp, sp, #8
  64              	.LCFI1:
  65              		.cfi_def_cfa_offset 0
  66              		@ sp needed
  67 0024 7047     		bx	lr
  68              	.L9:
  69 0026 00BF     		.align	2
ARM GAS  /tmp/ccQj8t1Q.s 			page 4


  70              	.L8:
  71 0028 00040040 		.word	1073742848
  72              		.cfi_endproc
  73              	.LFE66:
  75              		.section	.text.HAL_TIM_MspPostInit,"ax",%progbits
  76              		.align	1
  77              		.global	HAL_TIM_MspPostInit
  78              		.syntax unified
  79              		.thumb
  80              		.thumb_func
  81              		.fpu softvfp
  83              	HAL_TIM_MspPostInit:
  84              	.LVL1:
  85              	.LFB67:
 103:Core/Src/tim.c **** void HAL_TIM_MspPostInit(TIM_HandleTypeDef* timHandle)
 104:Core/Src/tim.c **** {
  86              		.loc 1 104 1 is_stmt 1 view -0
  87              		.cfi_startproc
  88              		@ args = 0, pretend = 0, frame = 24
  89              		@ frame_needed = 0, uses_anonymous_args = 0
  90              		.loc 1 104 1 is_stmt 0 view .LVU13
  91 0000 00B5     		push	{lr}
  92              	.LCFI2:
  93              		.cfi_def_cfa_offset 4
  94              		.cfi_offset 14, -4
  95 0002 87B0     		sub	sp, sp, #28
  96              	.LCFI3:
  97              		.cfi_def_cfa_offset 32
 105:Core/Src/tim.c **** 
 106:Core/Src/tim.c ****   GPIO_InitTypeDef GPIO_InitStruct = {0};
  98              		.loc 1 106 3 is_stmt 1 view .LVU14
  99              		.loc 1 106 20 is_stmt 0 view .LVU15
 100 0004 0023     		movs	r3, #0
 101 0006 0293     		str	r3, [sp, #8]
 102 0008 0393     		str	r3, [sp, #12]
 103 000a 0493     		str	r3, [sp, #16]
 104 000c 0593     		str	r3, [sp, #20]
 107:Core/Src/tim.c ****   if(timHandle->Instance==TIM3)
 105              		.loc 1 107 3 is_stmt 1 view .LVU16
 106              		.loc 1 107 15 is_stmt 0 view .LVU17
 107 000e 0268     		ldr	r2, [r0]
 108              		.loc 1 107 5 view .LVU18
 109 0010 0D4B     		ldr	r3, .L14
 110 0012 9A42     		cmp	r2, r3
 111 0014 02D0     		beq	.L13
 112              	.LVL2:
 113              	.L10:
 108:Core/Src/tim.c ****   {
 109:Core/Src/tim.c ****   /* USER CODE BEGIN TIM3_MspPostInit 0 */
 110:Core/Src/tim.c **** 
 111:Core/Src/tim.c ****   /* USER CODE END TIM3_MspPostInit 0 */
 112:Core/Src/tim.c **** 
 113:Core/Src/tim.c ****     __HAL_RCC_GPIOA_CLK_ENABLE();
 114:Core/Src/tim.c ****     /**TIM3 GPIO Configuration
 115:Core/Src/tim.c ****     PA6     ------> TIM3_CH1
 116:Core/Src/tim.c ****     PA7     ------> TIM3_CH2
 117:Core/Src/tim.c ****     */
ARM GAS  /tmp/ccQj8t1Q.s 			page 5


 118:Core/Src/tim.c ****     GPIO_InitStruct.Pin = GPIO_PIN_6|GPIO_PIN_7;
 119:Core/Src/tim.c ****     GPIO_InitStruct.Mode = GPIO_MODE_AF_PP;
 120:Core/Src/tim.c ****     GPIO_InitStruct.Speed = GPIO_SPEED_FREQ_LOW;
 121:Core/Src/tim.c ****     HAL_GPIO_Init(GPIOA, &GPIO_InitStruct);
 122:Core/Src/tim.c **** 
 123:Core/Src/tim.c ****   /* USER CODE BEGIN TIM3_MspPostInit 1 */
 124:Core/Src/tim.c **** 
 125:Core/Src/tim.c ****   /* USER CODE END TIM3_MspPostInit 1 */
 126:Core/Src/tim.c ****   }
 127:Core/Src/tim.c **** 
 128:Core/Src/tim.c **** }
 114              		.loc 1 128 1 view .LVU19
 115 0016 07B0     		add	sp, sp, #28
 116              	.LCFI4:
 117              		.cfi_remember_state
 118              		.cfi_def_cfa_offset 4
 119              		@ sp needed
 120 0018 5DF804FB 		ldr	pc, [sp], #4
 121              	.LVL3:
 122              	.L13:
 123              	.LCFI5:
 124              		.cfi_restore_state
 113:Core/Src/tim.c ****     /**TIM3 GPIO Configuration
 125              		.loc 1 113 5 is_stmt 1 view .LVU20
 126              	.LBB3:
 113:Core/Src/tim.c ****     /**TIM3 GPIO Configuration
 127              		.loc 1 113 5 view .LVU21
 113:Core/Src/tim.c ****     /**TIM3 GPIO Configuration
 128              		.loc 1 113 5 view .LVU22
 129 001c 03F50333 		add	r3, r3, #134144
 130 0020 9A69     		ldr	r2, [r3, #24]
 131 0022 42F00402 		orr	r2, r2, #4
 132 0026 9A61     		str	r2, [r3, #24]
 113:Core/Src/tim.c ****     /**TIM3 GPIO Configuration
 133              		.loc 1 113 5 view .LVU23
 134 0028 9B69     		ldr	r3, [r3, #24]
 135 002a 03F00403 		and	r3, r3, #4
 136 002e 0193     		str	r3, [sp, #4]
 113:Core/Src/tim.c ****     /**TIM3 GPIO Configuration
 137              		.loc 1 113 5 view .LVU24
 138 0030 019B     		ldr	r3, [sp, #4]
 139              	.LBE3:
 113:Core/Src/tim.c ****     /**TIM3 GPIO Configuration
 140              		.loc 1 113 5 view .LVU25
 118:Core/Src/tim.c ****     GPIO_InitStruct.Mode = GPIO_MODE_AF_PP;
 141              		.loc 1 118 5 view .LVU26
 118:Core/Src/tim.c ****     GPIO_InitStruct.Mode = GPIO_MODE_AF_PP;
 142              		.loc 1 118 25 is_stmt 0 view .LVU27
 143 0032 C023     		movs	r3, #192
 144 0034 0293     		str	r3, [sp, #8]
 119:Core/Src/tim.c ****     GPIO_InitStruct.Speed = GPIO_SPEED_FREQ_LOW;
 145              		.loc 1 119 5 is_stmt 1 view .LVU28
 119:Core/Src/tim.c ****     GPIO_InitStruct.Speed = GPIO_SPEED_FREQ_LOW;
 146              		.loc 1 119 26 is_stmt 0 view .LVU29
 147 0036 0223     		movs	r3, #2
 148 0038 0393     		str	r3, [sp, #12]
 120:Core/Src/tim.c ****     HAL_GPIO_Init(GPIOA, &GPIO_InitStruct);
ARM GAS  /tmp/ccQj8t1Q.s 			page 6


 149              		.loc 1 120 5 is_stmt 1 view .LVU30
 120:Core/Src/tim.c ****     HAL_GPIO_Init(GPIOA, &GPIO_InitStruct);
 150              		.loc 1 120 27 is_stmt 0 view .LVU31
 151 003a 0593     		str	r3, [sp, #20]
 121:Core/Src/tim.c **** 
 152              		.loc 1 121 5 is_stmt 1 view .LVU32
 153 003c 02A9     		add	r1, sp, #8
 154 003e 0348     		ldr	r0, .L14+4
 155              	.LVL4:
 121:Core/Src/tim.c **** 
 156              		.loc 1 121 5 is_stmt 0 view .LVU33
 157 0040 FFF7FEFF 		bl	HAL_GPIO_Init
 158              	.LVL5:
 159              		.loc 1 128 1 view .LVU34
 160 0044 E7E7     		b	.L10
 161              	.L15:
 162 0046 00BF     		.align	2
 163              	.L14:
 164 0048 00040040 		.word	1073742848
 165 004c 00080140 		.word	1073809408
 166              		.cfi_endproc
 167              	.LFE67:
 169              		.section	.text.MX_TIM3_Init,"ax",%progbits
 170              		.align	1
 171              		.global	MX_TIM3_Init
 172              		.syntax unified
 173              		.thumb
 174              		.thumb_func
 175              		.fpu softvfp
 177              	MX_TIM3_Init:
 178              	.LFB65:
  31:Core/Src/tim.c **** 
 179              		.loc 1 31 1 is_stmt 1 view -0
 180              		.cfi_startproc
 181              		@ args = 0, pretend = 0, frame = 56
 182              		@ frame_needed = 0, uses_anonymous_args = 0
 183 0000 00B5     		push	{lr}
 184              	.LCFI6:
 185              		.cfi_def_cfa_offset 4
 186              		.cfi_offset 14, -4
 187 0002 8FB0     		sub	sp, sp, #60
 188              	.LCFI7:
 189              		.cfi_def_cfa_offset 64
  37:Core/Src/tim.c ****   TIM_MasterConfigTypeDef sMasterConfig = {0};
 190              		.loc 1 37 3 view .LVU36
  37:Core/Src/tim.c ****   TIM_MasterConfigTypeDef sMasterConfig = {0};
 191              		.loc 1 37 26 is_stmt 0 view .LVU37
 192 0004 0023     		movs	r3, #0
 193 0006 0A93     		str	r3, [sp, #40]
 194 0008 0B93     		str	r3, [sp, #44]
 195 000a 0C93     		str	r3, [sp, #48]
 196 000c 0D93     		str	r3, [sp, #52]
  38:Core/Src/tim.c ****   TIM_OC_InitTypeDef sConfigOC = {0};
 197              		.loc 1 38 3 is_stmt 1 view .LVU38
  38:Core/Src/tim.c ****   TIM_OC_InitTypeDef sConfigOC = {0};
 198              		.loc 1 38 27 is_stmt 0 view .LVU39
 199 000e 0893     		str	r3, [sp, #32]
ARM GAS  /tmp/ccQj8t1Q.s 			page 7


 200 0010 0993     		str	r3, [sp, #36]
  39:Core/Src/tim.c **** 
 201              		.loc 1 39 3 is_stmt 1 view .LVU40
  39:Core/Src/tim.c **** 
 202              		.loc 1 39 22 is_stmt 0 view .LVU41
 203 0012 0193     		str	r3, [sp, #4]
 204 0014 0293     		str	r3, [sp, #8]
 205 0016 0393     		str	r3, [sp, #12]
 206 0018 0493     		str	r3, [sp, #16]
 207 001a 0593     		str	r3, [sp, #20]
 208 001c 0693     		str	r3, [sp, #24]
 209 001e 0793     		str	r3, [sp, #28]
  44:Core/Src/tim.c ****   htim3.Init.Prescaler = 71;
 210              		.loc 1 44 3 is_stmt 1 view .LVU42
  44:Core/Src/tim.c ****   htim3.Init.Prescaler = 71;
 211              		.loc 1 44 18 is_stmt 0 view .LVU43
 212 0020 2548     		ldr	r0, .L30
 213 0022 264A     		ldr	r2, .L30+4
 214 0024 0260     		str	r2, [r0]
  45:Core/Src/tim.c ****   htim3.Init.CounterMode = TIM_COUNTERMODE_UP;
 215              		.loc 1 45 3 is_stmt 1 view .LVU44
  45:Core/Src/tim.c ****   htim3.Init.CounterMode = TIM_COUNTERMODE_UP;
 216              		.loc 1 45 24 is_stmt 0 view .LVU45
 217 0026 4722     		movs	r2, #71
 218 0028 4260     		str	r2, [r0, #4]
  46:Core/Src/tim.c ****   htim3.Init.Period = 19999;
 219              		.loc 1 46 3 is_stmt 1 view .LVU46
  46:Core/Src/tim.c ****   htim3.Init.Period = 19999;
 220              		.loc 1 46 26 is_stmt 0 view .LVU47
 221 002a 8360     		str	r3, [r0, #8]
  47:Core/Src/tim.c ****   htim3.Init.ClockDivision = TIM_CLOCKDIVISION_DIV1;
 222              		.loc 1 47 3 is_stmt 1 view .LVU48
  47:Core/Src/tim.c ****   htim3.Init.ClockDivision = TIM_CLOCKDIVISION_DIV1;
 223              		.loc 1 47 21 is_stmt 0 view .LVU49
 224 002c 44F61F62 		movw	r2, #19999
 225 0030 C260     		str	r2, [r0, #12]
  48:Core/Src/tim.c ****   htim3.Init.AutoReloadPreload = TIM_AUTORELOAD_PRELOAD_DISABLE;
 226              		.loc 1 48 3 is_stmt 1 view .LVU50
  48:Core/Src/tim.c ****   htim3.Init.AutoReloadPreload = TIM_AUTORELOAD_PRELOAD_DISABLE;
 227              		.loc 1 48 28 is_stmt 0 view .LVU51
 228 0032 0361     		str	r3, [r0, #16]
  49:Core/Src/tim.c ****   if (HAL_TIM_Base_Init(&htim3) != HAL_OK)
 229              		.loc 1 49 3 is_stmt 1 view .LVU52
  49:Core/Src/tim.c ****   if (HAL_TIM_Base_Init(&htim3) != HAL_OK)
 230              		.loc 1 49 32 is_stmt 0 view .LVU53
 231 0034 8361     		str	r3, [r0, #24]
  50:Core/Src/tim.c ****   {
 232              		.loc 1 50 3 is_stmt 1 view .LVU54
  50:Core/Src/tim.c ****   {
 233              		.loc 1 50 7 is_stmt 0 view .LVU55
 234 0036 FFF7FEFF 		bl	HAL_TIM_Base_Init
 235              	.LVL6:
  50:Core/Src/tim.c ****   {
 236              		.loc 1 50 6 view .LVU56
 237 003a 58BB     		cbnz	r0, .L24
 238              	.L17:
  54:Core/Src/tim.c ****   if (HAL_TIM_ConfigClockSource(&htim3, &sClockSourceConfig) != HAL_OK)
ARM GAS  /tmp/ccQj8t1Q.s 			page 8


 239              		.loc 1 54 3 is_stmt 1 view .LVU57
  54:Core/Src/tim.c ****   if (HAL_TIM_ConfigClockSource(&htim3, &sClockSourceConfig) != HAL_OK)
 240              		.loc 1 54 34 is_stmt 0 view .LVU58
 241 003c 4FF48053 		mov	r3, #4096
 242 0040 0A93     		str	r3, [sp, #40]
  55:Core/Src/tim.c ****   {
 243              		.loc 1 55 3 is_stmt 1 view .LVU59
  55:Core/Src/tim.c ****   {
 244              		.loc 1 55 7 is_stmt 0 view .LVU60
 245 0042 0AA9     		add	r1, sp, #40
 246 0044 1C48     		ldr	r0, .L30
 247 0046 FFF7FEFF 		bl	HAL_TIM_ConfigClockSource
 248              	.LVL7:
  55:Core/Src/tim.c ****   {
 249              		.loc 1 55 6 view .LVU61
 250 004a 30BB     		cbnz	r0, .L25
 251              	.L18:
  59:Core/Src/tim.c ****   {
 252              		.loc 1 59 3 is_stmt 1 view .LVU62
  59:Core/Src/tim.c ****   {
 253              		.loc 1 59 7 is_stmt 0 view .LVU63
 254 004c 1A48     		ldr	r0, .L30
 255 004e FFF7FEFF 		bl	HAL_TIM_PWM_Init
 256              	.LVL8:
  59:Core/Src/tim.c ****   {
 257              		.loc 1 59 6 view .LVU64
 258 0052 28BB     		cbnz	r0, .L26
 259              	.L19:
  63:Core/Src/tim.c ****   sMasterConfig.MasterSlaveMode = TIM_MASTERSLAVEMODE_DISABLE;
 260              		.loc 1 63 3 is_stmt 1 view .LVU65
  63:Core/Src/tim.c ****   sMasterConfig.MasterSlaveMode = TIM_MASTERSLAVEMODE_DISABLE;
 261              		.loc 1 63 37 is_stmt 0 view .LVU66
 262 0054 0023     		movs	r3, #0
 263 0056 0893     		str	r3, [sp, #32]
  64:Core/Src/tim.c ****   if (HAL_TIMEx_MasterConfigSynchronization(&htim3, &sMasterConfig) != HAL_OK)
 264              		.loc 1 64 3 is_stmt 1 view .LVU67
  64:Core/Src/tim.c ****   if (HAL_TIMEx_MasterConfigSynchronization(&htim3, &sMasterConfig) != HAL_OK)
 265              		.loc 1 64 33 is_stmt 0 view .LVU68
 266 0058 0993     		str	r3, [sp, #36]
  65:Core/Src/tim.c ****   {
 267              		.loc 1 65 3 is_stmt 1 view .LVU69
  65:Core/Src/tim.c ****   {
 268              		.loc 1 65 7 is_stmt 0 view .LVU70
 269 005a 08A9     		add	r1, sp, #32
 270 005c 1648     		ldr	r0, .L30
 271 005e FFF7FEFF 		bl	HAL_TIMEx_MasterConfigSynchronization
 272              	.LVL9:
  65:Core/Src/tim.c ****   {
 273              		.loc 1 65 6 view .LVU71
 274 0062 00BB     		cbnz	r0, .L27
 275              	.L20:
  69:Core/Src/tim.c ****   sConfigOC.Pulse = 0;
 276              		.loc 1 69 3 is_stmt 1 view .LVU72
  69:Core/Src/tim.c ****   sConfigOC.Pulse = 0;
 277              		.loc 1 69 20 is_stmt 0 view .LVU73
 278 0064 6023     		movs	r3, #96
 279 0066 0193     		str	r3, [sp, #4]
ARM GAS  /tmp/ccQj8t1Q.s 			page 9


  70:Core/Src/tim.c ****   sConfigOC.OCPolarity = TIM_OCPOLARITY_HIGH;
 280              		.loc 1 70 3 is_stmt 1 view .LVU74
  70:Core/Src/tim.c ****   sConfigOC.OCPolarity = TIM_OCPOLARITY_HIGH;
 281              		.loc 1 70 19 is_stmt 0 view .LVU75
 282 0068 0022     		movs	r2, #0
 283 006a 0292     		str	r2, [sp, #8]
  71:Core/Src/tim.c ****   sConfigOC.OCFastMode = TIM_OCFAST_DISABLE;
 284              		.loc 1 71 3 is_stmt 1 view .LVU76
  71:Core/Src/tim.c ****   sConfigOC.OCFastMode = TIM_OCFAST_DISABLE;
 285              		.loc 1 71 24 is_stmt 0 view .LVU77
 286 006c 0392     		str	r2, [sp, #12]
  72:Core/Src/tim.c ****   if (HAL_TIM_PWM_ConfigChannel(&htim3, &sConfigOC, TIM_CHANNEL_1) != HAL_OK)
 287              		.loc 1 72 3 is_stmt 1 view .LVU78
  72:Core/Src/tim.c ****   if (HAL_TIM_PWM_ConfigChannel(&htim3, &sConfigOC, TIM_CHANNEL_1) != HAL_OK)
 288              		.loc 1 72 24 is_stmt 0 view .LVU79
 289 006e 0592     		str	r2, [sp, #20]
  73:Core/Src/tim.c ****   {
 290              		.loc 1 73 3 is_stmt 1 view .LVU80
  73:Core/Src/tim.c ****   {
 291              		.loc 1 73 7 is_stmt 0 view .LVU81
 292 0070 01A9     		add	r1, sp, #4
 293 0072 1148     		ldr	r0, .L30
 294 0074 FFF7FEFF 		bl	HAL_TIM_PWM_ConfigChannel
 295              	.LVL10:
  73:Core/Src/tim.c ****   {
 296              		.loc 1 73 6 view .LVU82
 297 0078 C0B9     		cbnz	r0, .L28
 298              	.L21:
  77:Core/Src/tim.c ****   {
 299              		.loc 1 77 3 is_stmt 1 view .LVU83
  77:Core/Src/tim.c ****   {
 300              		.loc 1 77 7 is_stmt 0 view .LVU84
 301 007a 0422     		movs	r2, #4
 302 007c 0DEB0201 		add	r1, sp, r2
 303 0080 0D48     		ldr	r0, .L30
 304 0082 FFF7FEFF 		bl	HAL_TIM_PWM_ConfigChannel
 305              	.LVL11:
  77:Core/Src/tim.c ****   {
 306              		.loc 1 77 6 view .LVU85
 307 0086 A0B9     		cbnz	r0, .L29
 308              	.L22:
  84:Core/Src/tim.c **** 
 309              		.loc 1 84 3 is_stmt 1 view .LVU86
 310 0088 0B48     		ldr	r0, .L30
 311 008a FFF7FEFF 		bl	HAL_TIM_MspPostInit
 312              	.LVL12:
  86:Core/Src/tim.c **** 
 313              		.loc 1 86 1 is_stmt 0 view .LVU87
 314 008e 0FB0     		add	sp, sp, #60
 315              	.LCFI8:
 316              		.cfi_remember_state
 317              		.cfi_def_cfa_offset 4
 318              		@ sp needed
 319 0090 5DF804FB 		ldr	pc, [sp], #4
 320              	.L24:
 321              	.LCFI9:
 322              		.cfi_restore_state
ARM GAS  /tmp/ccQj8t1Q.s 			page 10


  52:Core/Src/tim.c ****   }
 323              		.loc 1 52 5 is_stmt 1 view .LVU88
 324 0094 FFF7FEFF 		bl	Error_Handler
 325              	.LVL13:
 326 0098 D0E7     		b	.L17
 327              	.L25:
  57:Core/Src/tim.c ****   }
 328              		.loc 1 57 5 view .LVU89
 329 009a FFF7FEFF 		bl	Error_Handler
 330              	.LVL14:
 331 009e D5E7     		b	.L18
 332              	.L26:
  61:Core/Src/tim.c ****   }
 333              		.loc 1 61 5 view .LVU90
 334 00a0 FFF7FEFF 		bl	Error_Handler
 335              	.LVL15:
 336 00a4 D6E7     		b	.L19
 337              	.L27:
  67:Core/Src/tim.c ****   }
 338              		.loc 1 67 5 view .LVU91
 339 00a6 FFF7FEFF 		bl	Error_Handler
 340              	.LVL16:
 341 00aa DBE7     		b	.L20
 342              	.L28:
  75:Core/Src/tim.c ****   }
 343              		.loc 1 75 5 view .LVU92
 344 00ac FFF7FEFF 		bl	Error_Handler
 345              	.LVL17:
 346 00b0 E3E7     		b	.L21
 347              	.L29:
  79:Core/Src/tim.c ****   }
 348              		.loc 1 79 5 view .LVU93
 349 00b2 FFF7FEFF 		bl	Error_Handler
 350              	.LVL18:
 351 00b6 E7E7     		b	.L22
 352              	.L31:
 353              		.align	2
 354              	.L30:
 355 00b8 00000000 		.word	.LANCHOR0
 356 00bc 00040040 		.word	1073742848
 357              		.cfi_endproc
 358              	.LFE65:
 360              		.section	.text.HAL_TIM_Base_MspDeInit,"ax",%progbits
 361              		.align	1
 362              		.global	HAL_TIM_Base_MspDeInit
 363              		.syntax unified
 364              		.thumb
 365              		.thumb_func
 366              		.fpu softvfp
 368              	HAL_TIM_Base_MspDeInit:
 369              	.LVL19:
 370              	.LFB68:
 129:Core/Src/tim.c **** 
 130:Core/Src/tim.c **** void HAL_TIM_Base_MspDeInit(TIM_HandleTypeDef* tim_baseHandle)
 131:Core/Src/tim.c **** {
 371              		.loc 1 131 1 view -0
 372              		.cfi_startproc
ARM GAS  /tmp/ccQj8t1Q.s 			page 11


 373              		@ args = 0, pretend = 0, frame = 0
 374              		@ frame_needed = 0, uses_anonymous_args = 0
 375              		@ link register save eliminated.
 132:Core/Src/tim.c **** 
 133:Core/Src/tim.c ****   if(tim_baseHandle->Instance==TIM3)
 376              		.loc 1 133 3 view .LVU95
 377              		.loc 1 133 20 is_stmt 0 view .LVU96
 378 0000 0268     		ldr	r2, [r0]
 379              		.loc 1 133 5 view .LVU97
 380 0002 054B     		ldr	r3, .L35
 381 0004 9A42     		cmp	r2, r3
 382 0006 00D0     		beq	.L34
 383              	.L32:
 134:Core/Src/tim.c ****   {
 135:Core/Src/tim.c ****   /* USER CODE BEGIN TIM3_MspDeInit 0 */
 136:Core/Src/tim.c **** 
 137:Core/Src/tim.c ****   /* USER CODE END TIM3_MspDeInit 0 */
 138:Core/Src/tim.c ****     /* Peripheral clock disable */
 139:Core/Src/tim.c ****     __HAL_RCC_TIM3_CLK_DISABLE();
 140:Core/Src/tim.c ****   /* USER CODE BEGIN TIM3_MspDeInit 1 */
 141:Core/Src/tim.c **** 
 142:Core/Src/tim.c ****   /* USER CODE END TIM3_MspDeInit 1 */
 143:Core/Src/tim.c ****   }
 144:Core/Src/tim.c **** }
 384              		.loc 1 144 1 view .LVU98
 385 0008 7047     		bx	lr
 386              	.L34:
 139:Core/Src/tim.c ****   /* USER CODE BEGIN TIM3_MspDeInit 1 */
 387              		.loc 1 139 5 is_stmt 1 view .LVU99
 388 000a 044A     		ldr	r2, .L35+4
 389 000c D369     		ldr	r3, [r2, #28]
 390 000e 23F00203 		bic	r3, r3, #2
 391 0012 D361     		str	r3, [r2, #28]
 392              		.loc 1 144 1 is_stmt 0 view .LVU100
 393 0014 F8E7     		b	.L32
 394              	.L36:
 395 0016 00BF     		.align	2
 396              	.L35:
 397 0018 00040040 		.word	1073742848
 398 001c 00100240 		.word	1073876992
 399              		.cfi_endproc
 400              	.LFE68:
 402              		.global	htim3
 403              		.section	.bss.htim3,"aw",%nobits
 404              		.align	2
 405              		.set	.LANCHOR0,. + 0
 408              	htim3:
 409 0000 00000000 		.space	72
 409      00000000 
 409      00000000 
 409      00000000 
 409      00000000 
 410              		.text
 411              	.Letext0:
 412              		.file 2 "/usr/lib/gcc/arm-none-eabi/10.3.1/include/stdint.h"
 413              		.file 3 "Drivers/CMSIS/Device/ST/STM32F1xx/Include/stm32f103xe.h"
 414              		.file 4 "Drivers/STM32F1xx_HAL_Driver/Inc/stm32f1xx_hal_def.h"
ARM GAS  /tmp/ccQj8t1Q.s 			page 12


 415              		.file 5 "Drivers/STM32F1xx_HAL_Driver/Inc/stm32f1xx_hal_gpio.h"
 416              		.file 6 "Drivers/STM32F1xx_HAL_Driver/Inc/stm32f1xx_hal_dma.h"
 417              		.file 7 "Drivers/STM32F1xx_HAL_Driver/Inc/stm32f1xx_hal_tim.h"
 418              		.file 8 "Drivers/STM32F1xx_HAL_Driver/Inc/stm32f1xx_hal_tim_ex.h"
 419              		.file 9 "Core/Inc/main.h"
 420              		.file 10 "Core/Inc/tim.h"
ARM GAS  /tmp/ccQj8t1Q.s 			page 13


DEFINED SYMBOLS
                            *ABS*:0000000000000000 tim.c
     /tmp/ccQj8t1Q.s:16     .text.HAL_TIM_Base_MspInit:0000000000000000 $t
     /tmp/ccQj8t1Q.s:24     .text.HAL_TIM_Base_MspInit:0000000000000000 HAL_TIM_Base_MspInit
     /tmp/ccQj8t1Q.s:71     .text.HAL_TIM_Base_MspInit:0000000000000028 $d
     /tmp/ccQj8t1Q.s:76     .text.HAL_TIM_MspPostInit:0000000000000000 $t
     /tmp/ccQj8t1Q.s:83     .text.HAL_TIM_MspPostInit:0000000000000000 HAL_TIM_MspPostInit
     /tmp/ccQj8t1Q.s:164    .text.HAL_TIM_MspPostInit:0000000000000048 $d
     /tmp/ccQj8t1Q.s:170    .text.MX_TIM3_Init:0000000000000000 $t
     /tmp/ccQj8t1Q.s:177    .text.MX_TIM3_Init:0000000000000000 MX_TIM3_Init
     /tmp/ccQj8t1Q.s:355    .text.MX_TIM3_Init:00000000000000b8 $d
     /tmp/ccQj8t1Q.s:361    .text.HAL_TIM_Base_MspDeInit:0000000000000000 $t
     /tmp/ccQj8t1Q.s:368    .text.HAL_TIM_Base_MspDeInit:0000000000000000 HAL_TIM_Base_MspDeInit
     /tmp/ccQj8t1Q.s:397    .text.HAL_TIM_Base_MspDeInit:0000000000000018 $d
     /tmp/ccQj8t1Q.s:408    .bss.htim3:0000000000000000 htim3
     /tmp/ccQj8t1Q.s:404    .bss.htim3:0000000000000000 $d

UNDEFINED SYMBOLS
HAL_GPIO_Init
HAL_TIM_Base_Init
HAL_TIM_ConfigClockSource
HAL_TIM_PWM_Init
HAL_TIMEx_MasterConfigSynchronization
HAL_TIM_PWM_ConfigChannel
Error_Handler
