Archive member included to satisfy reference by file (symbol)

/usr/lib/gcc/arm-none-eabi/10.3.1/../../../arm-none-eabi/lib/thumb/v7-m/nofp/libc_nano.a(lib_a-atexit.o)
                              /usr/lib/gcc/arm-none-eabi/10.3.1/../../../arm-none-eabi/lib/thumb/v7-m/nofp/crt0.o (atexit)
/usr/lib/gcc/arm-none-eabi/10.3.1/../../../arm-none-eabi/lib/thumb/v7-m/nofp/libc_nano.a(lib_a-errno.o)
                              build/sysmem.o (__errno)
/usr/lib/gcc/arm-none-eabi/10.3.1/../../../arm-none-eabi/lib/thumb/v7-m/nofp/libc_nano.a(lib_a-exit.o)
                              /usr/lib/gcc/arm-none-eabi/10.3.1/../../../arm-none-eabi/lib/thumb/v7-m/nofp/crt0.o (exit)
/usr/lib/gcc/arm-none-eabi/10.3.1/../../../arm-none-eabi/lib/thumb/v7-m/nofp/libc_nano.a(lib_a-fini.o)
                              /usr/lib/gcc/arm-none-eabi/10.3.1/../../../arm-none-eabi/lib/thumb/v7-m/nofp/crt0.o (__libc_fini_array)
/usr/lib/gcc/arm-none-eabi/10.3.1/../../../arm-none-eabi/lib/thumb/v7-m/nofp/libc_nano.a(lib_a-impure.o)
                              /usr/lib/gcc/arm-none-eabi/10.3.1/../../../arm-none-eabi/lib/thumb/v7-m/nofp/libc_nano.a(lib_a-exit.o) (_global_impure_ptr)
/usr/lib/gcc/arm-none-eabi/10.3.1/../../../arm-none-eabi/lib/thumb/v7-m/nofp/libc_nano.a(lib_a-init.o)
                              /usr/lib/gcc/arm-none-eabi/10.3.1/../../../arm-none-eabi/lib/thumb/v7-m/nofp/crt0.o (__libc_init_array)
/usr/lib/gcc/arm-none-eabi/10.3.1/../../../arm-none-eabi/lib/thumb/v7-m/nofp/libc_nano.a(lib_a-memcpy.o)
                              build/queue.o (memcpy)
/usr/lib/gcc/arm-none-eabi/10.3.1/../../../arm-none-eabi/lib/thumb/v7-m/nofp/libc_nano.a(lib_a-memset.o)
                              /usr/lib/gcc/arm-none-eabi/10.3.1/../../../arm-none-eabi/lib/thumb/v7-m/nofp/crt0.o (memset)
/usr/lib/gcc/arm-none-eabi/10.3.1/../../../arm-none-eabi/lib/thumb/v7-m/nofp/libc_nano.a(lib_a-printf.o)
                              build/freertos.o (printf)
/usr/lib/gcc/arm-none-eabi/10.3.1/../../../arm-none-eabi/lib/thumb/v7-m/nofp/libc_nano.a(lib_a-puts.o)
                              build/freertos.o (puts)
/usr/lib/gcc/arm-none-eabi/10.3.1/../../../arm-none-eabi/lib/thumb/v7-m/nofp/libc_nano.a(lib_a-wbuf.o)
                              /usr/lib/gcc/arm-none-eabi/10.3.1/../../../arm-none-eabi/lib/thumb/v7-m/nofp/libc_nano.a(lib_a-puts.o) (__swbuf_r)
/usr/lib/gcc/arm-none-eabi/10.3.1/../../../arm-none-eabi/lib/thumb/v7-m/nofp/libc_nano.a(lib_a-wsetup.o)
                              /usr/lib/gcc/arm-none-eabi/10.3.1/../../../arm-none-eabi/lib/thumb/v7-m/nofp/libc_nano.a(lib_a-puts.o) (__swsetup_r)
/usr/lib/gcc/arm-none-eabi/10.3.1/../../../arm-none-eabi/lib/thumb/v7-m/nofp/libc_nano.a(lib_a-__atexit.o)
                              /usr/lib/gcc/arm-none-eabi/10.3.1/../../../arm-none-eabi/lib/thumb/v7-m/nofp/libc_nano.a(lib_a-atexit.o) (__register_exitproc)
/usr/lib/gcc/arm-none-eabi/10.3.1/../../../arm-none-eabi/lib/thumb/v7-m/nofp/libc_nano.a(lib_a-__call_atexit.o)
                              /usr/lib/gcc/arm-none-eabi/10.3.1/../../../arm-none-eabi/lib/thumb/v7-m/nofp/libc_nano.a(lib_a-__atexit.o) (__call_exitprocs)
/usr/lib/gcc/arm-none-eabi/10.3.1/../../../arm-none-eabi/lib/thumb/v7-m/nofp/libc_nano.a(lib_a-fflush.o)
                              /usr/lib/gcc/arm-none-eabi/10.3.1/../../../arm-none-eabi/lib/thumb/v7-m/nofp/libc_nano.a(lib_a-wbuf.o) (_fflush_r)
/usr/lib/gcc/arm-none-eabi/10.3.1/../../../arm-none-eabi/lib/thumb/v7-m/nofp/libc_nano.a(lib_a-findfp.o)
                              /usr/lib/gcc/arm-none-eabi/10.3.1/../../../arm-none-eabi/lib/thumb/v7-m/nofp/libc_nano.a(lib_a-printf.o) (__sinit)
/usr/lib/gcc/arm-none-eabi/10.3.1/../../../arm-none-eabi/lib/thumb/v7-m/nofp/libc_nano.a(lib_a-fwalk.o)
                              /usr/lib/gcc/arm-none-eabi/10.3.1/../../../arm-none-eabi/lib/thumb/v7-m/nofp/libc_nano.a(lib_a-findfp.o) (_fwalk)
/usr/lib/gcc/arm-none-eabi/10.3.1/../../../arm-none-eabi/lib/thumb/v7-m/nofp/libc_nano.a(lib_a-makebuf.o)
                              /usr/lib/gcc/arm-none-eabi/10.3.1/../../../arm-none-eabi/lib/thumb/v7-m/nofp/libc_nano.a(lib_a-wsetup.o) (__smakebuf_r)
/usr/lib/gcc/arm-none-eabi/10.3.1/../../../arm-none-eabi/lib/thumb/v7-m/nofp/libc_nano.a(lib_a-nano-freer.o)
                              /usr/lib/gcc/arm-none-eabi/10.3.1/../../../arm-none-eabi/lib/thumb/v7-m/nofp/libc_nano.a(lib_a-wsetup.o) (_free_r)
/usr/lib/gcc/arm-none-eabi/10.3.1/../../../arm-none-eabi/lib/thumb/v7-m/nofp/libc_nano.a(lib_a-nano-mallocr.o)
                              /usr/lib/gcc/arm-none-eabi/10.3.1/../../../arm-none-eabi/lib/thumb/v7-m/nofp/libc_nano.a(lib_a-findfp.o) (_malloc_r)
/usr/lib/gcc/arm-none-eabi/10.3.1/../../../arm-none-eabi/lib/thumb/v7-m/nofp/libc_nano.a(lib_a-nano-vfprintf.o)
                              /usr/lib/gcc/arm-none-eabi/10.3.1/../../../arm-none-eabi/lib/thumb/v7-m/nofp/libc_nano.a(lib_a-printf.o) (_vfprintf_r)
[...]
Memory Configuration

Name             Origin             Length             Attributes
RAM              0x0000000020000000 0x0000000000010000 xrw
FLASH            0x0000000008000000 0x0000000000080000 xr
*default*        0x0000000000000000 0xffffffffffffffff

Linker script and memory map

LOAD /usr/lib/gcc/arm-none-eabi/10.3.1/thumb/v7-m/nofp/crti.o
LOAD /usr/lib/gcc/arm-none-eabi/10.3.1/thumb/v7-m/nofp/crtbegin.o
LOAD /usr/lib/gcc/arm-none-eabi/10.3.1/../../../arm-none-eabi/lib/thumb/v7-m/nofp/crt0.o
LOAD build/main.o
LOAD build/gpio.o
LOAD build/freertos.o
LOAD build/adc.o
LOAD build/dma.o
LOAD build/i2c.o
LOAD build/tim.o
LOAD build/usart.o
LOAD build/oled.o
LOAD build/stm32f1xx_it.o
LOAD build/stm32f1xx_hal_msp.o
LOAD build/stm32f1xx_hal_timebase_tim.o
LOAD build/stm32f1xx_hal_gpio_ex.o
LOAD build/stm32f1xx_hal_tim.o
LOAD build/stm32f1xx_hal_tim_ex.o
LOAD build/stm32f1xx_hal_adc.o
LOAD build/stm32f1xx_hal_adc_ex.o
LOAD build/stm32f1xx_hal.o
LOAD build/stm32f1xx_hal_rcc.o
LOAD build/stm32f1xx_hal_rcc_ex.o
LOAD build/stm32f1xx_hal_gpio.o
LOAD build/stm32f1xx_hal_dma.o
LOAD build/stm32f1xx_hal_cortex.o
LOAD build/stm32f1xx_hal_pwr.o
LOAD build/stm32f1xx_hal_flash.o
LOAD build/stm32f1xx_hal_flash_ex.o
LOAD build/stm32f1xx_hal_exti.o
LOAD build/stm32f1xx_hal_i2c.o
LOAD build/stm32f1xx_hal_uart.o
LOAD build/system_stm32f1xx.o
LOAD build/croutine.o
LOAD build/event_groups.o
LOAD build/list.o
LOAD build/queue.o
LOAD build/stream_buffer.o
LOAD build/tasks.o
LOAD build/timers.o
LOAD build/cmsis_os2.o
LOAD build/heap_4.o
LOAD build/port.o
LOAD build/sysmem.o
LOAD build/syscalls.o
LOAD build/startup_stm32f103xe.o
LOAD /usr/lib/gcc/arm-none-eabi/10.3.1/../../../arm-none-eabi/lib/thumb/v7-m/nofp/libc_nano.a
LOAD /usr/lib/gcc/arm-none-eabi/10.3.1/../../../arm-none-eabi/lib/thumb/v7-m/nofp/libm.a
LOAD /usr/lib/gcc/arm-none-eabi/10.3.1/../../../arm-none-eabi/lib/thumb/v7-m/nofp/libnosys.a
START GROUP
LOAD /usr/lib/gcc/arm-none-eabi/10.3.1/thumb/v7-m/nofp/libgcc.a
LOAD /usr/lib/gcc/arm-none-eabi/10.3.1/../../../arm-none-eabi/lib/thumb/v7-m/nofp/libc_nano.a
END GROUP
START GROUP
LOAD /usr/lib/gcc/arm-none-eabi/10.3.1/thumb/v7-m/nofp/libgcc.a
LOAD /usr/lib/gcc/arm-none-eabi/10.3.1/../../../arm-none-eabi/lib/thumb/v7-m/nofp/libc_nano.a
END GROUP
LOAD /usr/lib/gcc/arm-none-eabi/10.3.1/thumb/v7-m/nofp/crtend.o
LOAD /usr/lib/gcc/arm-none-eabi/10.3.1/thumb/v7-m/nofp/crtn.o
                0x0000000020010000                _estack = (ORIGIN (RAM) + LENGTH (RAM))
                0x0000000000000200                _Min_Heap_Size = 0x200
                0x0000000000000800                _Min_Stack_Size = 0x800

.isr_vector     0x0000000008000000      0x1e4
                0x0000000008000000                . = ALIGN (0x4)
 *(.isr_vector)
 .isr_vector    0x0000000008000000      0x1e4 build/startup_stm32f103xe.o
                0x0000000008000000                g_pfnVectors
                0x00000000080001e4                . = ALIGN (0x4)

.text           0x00000000080001f0     0x6ae8
                0x00000000080001f0                . = ALIGN (0x4)
 *(.text)
 .text          0x00000000080001f0       0x88 /usr/lib/gcc/arm-none-eabi/10.3.1/thumb/v7-m/nofp/crtbegin.o
 .text          0x0000000008000278        0xc /usr/lib/gcc/arm-none-eabi/10.3.1/../../../arm-none-eabi/lib/thumb/v7-m/nofp/libc_nano.a(lib_a-errno.o)
                0x0000000008000278                __errno
 .text          0x0000000008000284       0x48 /usr/lib/gcc/arm-none-eabi/10.3.1/../../../arm-none-eabi/lib/thumb/v7-m/nofp/libc_nano.a(lib_a-init.o)
                0x0000000008000284                __libc_init_array
 .text          0x00000000080002cc       0xec /usr/lib/gcc/arm-none-eabi/10.3.1/../../../arm-none-eabi/lib/thumb/v7-m/nofp/libc_nano.a(lib_a-memcpy.o)
                0x00000000080002cc                memcpy
 .text          0x00000000080003b8       0xa4 /usr/lib/gcc/arm-none-eabi/10.3.1/../../../arm-none-eabi/lib/thumb/v7-m/nofp/libc_nano.a(lib_a-memset.o)
                0x00000000080003b8                memset
 .text          0x000000000800045c       0x60 /usr/lib/gcc/arm-none-eabi/10.3.1/../../../arm-none-eabi/lib/thumb/v7-m/nofp/libc_nano.a(lib_a-printf.o)
                0x000000000800045c                _printf_r
                0x000000000800045c                _iprintf_r
                0x0000000008000488                printf
                0x0000000008000488                iprintf
 .text          0x00000000080004bc       0xe0 /usr/lib/gcc/arm-none-eabi/10.3.1/../../../arm-none-eabi/lib/thumb/v7-m/nofp/libc_nano.a(lib_a-puts.o)
                0x00000000080004bc                _puts_r
                0x000000000800058c                puts
 .text          0x000000000800059c       0xc4 /usr/lib/gcc/arm-none-eabi/10.3.1/../../../arm-none-eabi/lib/thumb/v7-m/nofp/libc_nano.a(lib_a-wbuf.o)
                0x000000000800059c                __swbuf_r
                0x000000000800064c                __swbuf
 .text          0x0000000008000660      0x104 /usr/lib/gcc/arm-none-eabi/10.3.1/../../../arm-none-eabi/lib/thumb/v7-m/nofp/libc_nano.a(lib_a-wsetup.o)
                0x0000000008000660                __swsetup_r
 .text          0x0000000008000764      0x1dc /usr/lib/gcc/arm-none-eabi/10.3.1/../../../arm-none-eabi/lib/thumb/v7-m/nofp/libc_nano.a(lib_a-fflush.o)
                0x0000000008000764                __sflush_r
                0x000000000800086c                _fflush_r
                0x00000000080008c0                fflush
 .text          0x0000000008000940      0x230 /usr/lib/gcc/arm-none-eabi/10.3.1/../../../arm-none-eabi/lib/thumb/v7-m/nofp/libc_nano.a(lib_a-findfp.o)
                0x0000000008000944                _cleanup_r
                0x0000000008000954                __sfmoreglue
                0x0000000008000984                __sfp
                0x0000000008000b1c                _cleanup
                0x0000000008000b30                __sinit
                0x0000000008000b38                __sfp_lock_acquire
                0x0000000008000b3c                __sfp_lock_release
                0x0000000008000b40                __sinit_lock_acquire
                0x0000000008000b44                __sinit_lock_release
                0x0000000008000b48                __fp_lock_all
                0x0000000008000b5c                __fp_unlock_all
 .text          0x0000000008000b70       0x88 /usr/lib/gcc/arm-none-eabi/10.3.1/../../../arm-none-eabi/lib/thumb/v7-m/nofp/libc_nano.a(lib_a-fwalk.o)
                0x0000000008000b70                _fwalk
                0x0000000008000bb0                _fwalk_reent
 .text          0x0000000008000bf8      0x11c /usr/lib/gcc/arm-none-eabi/10.3.1/../../../arm-none-eabi/lib/thumb/v7-m/nofp/libc_nano.a(lib_a-makebuf.o)
                0x0000000008000bf8                __smakebuf_r
                0x0000000008000cb8                __swhatbuf_r
 .text          0x0000000008000d14       0xcc /usr/lib/gcc/arm-none-eabi/10.3.1/../../../arm-none-eabi/lib/thumb/v7-m/nofp/libc_nano.a(lib_a-nano-freer.o)
                0x0000000008000d14                _free_r
 .text          0x0000000008000de0       0xb8 /usr/lib/gcc/arm-none-eabi/10.3.1/../../../arm-none-eabi/lib/thumb/v7-m/nofp/libc_nano.a(lib_a-nano-mallocr.o)
                0x0000000008000de0                _malloc_r
 .text          0x0000000008000e98      0x320 /usr/lib/gcc/arm-none-eabi/10.3.1/../../../arm-none-eabi/lib/thumb/v7-m/nofp/libc_nano.a(lib_a-nano-vfprintf.o)
                0x0000000008000ec0                __sfputs_r
                0x0000000008000ef0                __sprint_r
                0x0000000008000f0c                _vfiprintf_r
                0x0000000008000f0c                _vfprintf_r
                0x000000000800119c                vfiprintf
                0x000000000800119c                vfprintf
 .text          0x00000000080011b8      0x3d8 /usr/lib/gcc/arm-none-eabi/10.3.1/../../../arm-none-eabi/lib/thumb/v7-m/nofp/libc_nano.a(lib_a-nano-vfprintf_i.o)
                0x00000000080011b8                _printf_common
                0x00000000080012e4                _printf_i
 .text          0x0000000008001590       0x24 /usr/lib/gcc/arm-none-eabi/10.3.1/../../../arm-none-eabi/lib/thumb/v7-m/nofp/libc_nano.a(lib_a-sbrkr.o)
                0x0000000008001590                _sbrk_r
 .text          0x00000000080015b4       0x90 /usr/lib/gcc/arm-none-eabi/10.3.1/../../../arm-none-eabi/lib/thumb/v7-m/nofp/libc_nano.a(lib_a-stdio.o)
                0x00000000080015b4                __sread
                0x00000000080015d8                __seofread
                0x00000000080015dc                __swrite
                0x000000000800161c                __sseek
                0x000000000800163c                __sclose
 .text          0x0000000008001644       0x2c /usr/lib/gcc/arm-none-eabi/10.3.1/../../../arm-none-eabi/lib/thumb/v7-m/nofp/libc_nano.a(lib_a-writer.o)
                0x0000000008001644                _write_r
 .text          0x0000000008001670       0x24 /usr/lib/gcc/arm-none-eabi/10.3.1/../../../arm-none-eabi/lib/thumb/v7-m/nofp/libc_nano.a(lib_a-closer.o)
                0x0000000008001670                _close_r
 .text          0x0000000008001694       0x28 /usr/lib/gcc/arm-none-eabi/10.3.1/../../../arm-none-eabi/lib/thumb/v7-m/nofp/libc_nano.a(lib_a-fstatr.o)
                0x0000000008001694                _fstat_r
 .text          0x00000000080016bc      0x2f0 /usr/lib/gcc/arm-none-eabi/10.3.1/../../../arm-none-eabi/lib/thumb/v7-m/nofp/libc_nano.a(lib_a-fvwrite.o)
                0x00000000080016bc                __sfvwrite_r
 .text          0x00000000080019ac       0x24 /usr/lib/gcc/arm-none-eabi/10.3.1/../../../arm-none-eabi/lib/thumb/v7-m/nofp/libc_nano.a(lib_a-isattyr.o)
                0x00000000080019ac                _isatty_r
 .text          0x00000000080019d0       0x2c /usr/lib/gcc/arm-none-eabi/10.3.1/../../../arm-none-eabi/lib/thumb/v7-m/nofp/libc_nano.a(lib_a-lseekr.o)
                0x00000000080019d0                _lseek_r
 .text          0x00000000080019fc       0x90 /usr/lib/gcc/arm-none-eabi/10.3.1/../../../arm-none-eabi/lib/thumb/v7-m/nofp/libc_nano.a(lib_a-memchr-stub.o)
                0x00000000080019fc                memchr
 .text          0x0000000008001a8c       0xf8 /usr/lib/gcc/arm-none-eabi/10.3.1/../../../arm-none-eabi/lib/thumb/v7-m/nofp/libc_nano.a(lib_a-memmove.o)
                0x0000000008001a8c                memmove
 .text          0x0000000008001b84        0x8 /usr/lib/gcc/arm-none-eabi/10.3.1/../../../arm-none-eabi/lib/thumb/v7-m/nofp/libc_nano.a(lib_a-mlock.o)
                0x0000000008001b84                __malloc_lock
                0x0000000008001b88                __malloc_unlock
 .text          0x0000000008001b8c       0x50 /usr/lib/gcc/arm-none-eabi/10.3.1/../../../arm-none-eabi/lib/thumb/v7-m/nofp/libc_nano.a(lib_a-nano-reallocr.o)
                0x0000000008001b8c                _realloc_r
 .text          0x0000000008001bdc       0x2c /usr/lib/gcc/arm-none-eabi/10.3.1/../../../arm-none-eabi/lib/thumb/v7-m/nofp/libc_nano.a(lib_a-readr.o)
                0x0000000008001bdc                _read_r
 .text          0x0000000008001c08       0x14 /usr/lib/gcc/arm-none-eabi/10.3.1/../../../arm-none-eabi/lib/thumb/v7-m/nofp/libc_nano.a(lib_a-nano-msizer.o)
                0x0000000008001c08                _malloc_usable_size_r
 *(.text*)
 .text.HAL_TIM_PeriodElapsedCallback
                0x0000000008001c1c       0x18 build/main.o
                0x0000000008001c1c                HAL_TIM_PeriodElapsedCallback
 .text.Error_Handler
                0x0000000008001c34        0x4 build/main.o
                0x0000000008001c34                Error_Handler
 .text.SystemClock_Config
                0x0000000008001c38       0x86 build/main.o
                0x0000000008001c38                SystemClock_Config
 *fill*         0x0000000008001cbe        0x2 
 .text.main     0x0000000008001cc0       0x48 build/main.o
                0x0000000008001cc0                main
 .text.MX_GPIO_Init
                0x0000000008001d08       0xcc build/gpio.o
                0x0000000008001d08                MX_GPIO_Init
 .text.StartDefaultTask
                0x0000000008001dd4       0x34 build/freertos.o
                0x0000000008001dd4                StartDefaultTask
 .text.StartGUITask
                0x0000000008001e08       0x98 build/freertos.o
                0x0000000008001e08                StartGUITask
 .text.vApplicationMallocFailedHook
                0x0000000008001ea0        0x2 build/freertos.o
                0x0000000008001ea0                vApplicationMallocFailedHook
 *fill*         0x0000000008001ea2        0x2 
 .text.MX_FREERTOS_Init
                0x0000000008001ea4       0x38 build/freertos.o
                0x0000000008001ea4                MX_FREERTOS_Init
 .text.MX_ADC1_Init
                0x0000000008001edc       0x90 build/adc.o
                0x0000000008001edc                MX_ADC1_Init
 .text.HAL_ADC_MspInit
                0x0000000008001f6c       0x9c build/adc.o
                0x0000000008001f6c                HAL_ADC_MspInit
 .text.MX_DMA_Init
                0x0000000008002008       0x44 build/dma.o
                0x0000000008002008                MX_DMA_Init
 .text.MX_I2C1_Init
                0x000000000800204c       0x3c build/i2c.o
                0x000000000800204c                MX_I2C1_Init
 .text.HAL_I2C_MspInit
                0x0000000008002088       0x64 build/i2c.o
                0x0000000008002088                HAL_I2C_MspInit
 .text.HAL_TIM_Base_MspInit
                0x00000000080020ec       0x2c build/tim.o
                0x00000000080020ec                HAL_TIM_Base_MspInit
 .text.HAL_TIM_MspPostInit
                0x0000000008002118       0x50 build/tim.o
                0x0000000008002118                HAL_TIM_MspPostInit
 .text.MX_TIM3_Init
                0x0000000008002168       0xc0 build/tim.o
                0x0000000008002168                MX_TIM3_Init
 .text.MX_USART1_UART_Init
                0x0000000008002228       0x34 build/usart.o
                0x0000000008002228                MX_USART1_UART_Init
 .text.MX_USART3_UART_Init
                0x000000000800225c       0x34 build/usart.o
                0x000000000800225c                MX_USART3_UART_Init
 .text.HAL_UART_MspInit
                0x0000000008002290      0x130 build/usart.o
                0x0000000008002290                HAL_UART_MspInit
 .text._write   0x00000000080023c0       0x18 build/usart.o
                0x00000000080023c0                _write
 .text.OLED_WR_Byte
                0x00000000080023d8       0x30 build/oled.o
                0x00000000080023d8                OLED_WR_Byte
 .text.OLED_Refresh
                0x0000000008002408       0x4c build/oled.o
                0x0000000008002408                OLED_Refresh
 .text.OLED_Clear
                0x0000000008002454       0x18 build/oled.o
                0x0000000008002454                OLED_Clear
 .text.OLED_Init
                0x000000000800246c       0xee build/oled.o
                0x000000000800246c                OLED_Init
 *fill*         0x000000000800255a        0x2 
 .text.OLED_DrawPoint
                0x000000000800255c       0x2c build/oled.o
                0x000000000800255c                OLED_DrawPoint
 .text.OLED_ClearPoint
                0x0000000008002588       0x40 build/oled.o
                0x0000000008002588                OLED_ClearPoint
 .text.OLED_ShowChar
                0x00000000080025c8       0xc4 build/oled.o
                0x00000000080025c8                OLED_ShowChar
 .text.OLED_ShowString
                0x000000000800268c       0x3c build/oled.o
                0x000000000800268c                OLED_ShowString
 .text.NMI_Handler
                0x00000000080026c8        0x2 build/stm32f1xx_it.o
                0x00000000080026c8                NMI_Handler
 .text.HardFault_Handler
                0x00000000080026ca        0x2 build/stm32f1xx_it.o
                0x00000000080026ca                HardFault_Handler
 .text.MemManage_Handler
                0x00000000080026cc        0x2 build/stm32f1xx_it.o
                0x00000000080026cc                MemManage_Handler
 .text.BusFault_Handler
                0x00000000080026ce        0x2 build/stm32f1xx_it.o
                0x00000000080026ce                BusFault_Handler
 .text.UsageFault_Handler
                0x00000000080026d0        0x2 build/stm32f1xx_it.o
                0x00000000080026d0                UsageFault_Handler
 .text.DebugMon_Handler
                0x00000000080026d2        0x2 build/stm32f1xx_it.o
                0x00000000080026d2                DebugMon_Handler
 .text.DMA1_Channel1_IRQHandler
                0x00000000080026d4       0x10 build/stm32f1xx_it.o
                0x00000000080026d4                DMA1_Channel1_IRQHandler
 .text.DMA1_Channel3_IRQHandler
                0x00000000080026e4       0x10 build/stm32f1xx_it.o
                0x00000000080026e4                DMA1_Channel3_IRQHandler
 .text.TIM1_UP_IRQHandler
                0x00000000080026f4       0x10 build/stm32f1xx_it.o
                0x00000000080026f4                TIM1_UP_IRQHandler
 .text.USART1_IRQHandler
                0x0000000008002704       0x10 build/stm32f1xx_it.o
                0x0000000008002704                USART1_IRQHandler
 .text.USART3_IRQHandler
                0x0000000008002714       0x10 build/stm32f1xx_it.o
                0x0000000008002714                USART3_IRQHandler
 .text.HAL_MspInit
                0x0000000008002724       0x54 build/stm32f1xx_hal_msp.o
                0x0000000008002724                HAL_MspInit
 .text.HAL_InitTick
                0x0000000008002778       0x94 build/stm32f1xx_hal_timebase_tim.o
                0x0000000008002778                HAL_InitTick
 .text.TIM_OC1_SetConfig
                0x000000000800280c       0x68 build/stm32f1xx_hal_tim.o
 .text.TIM_OC3_SetConfig
                0x0000000008002874       0x70 build/stm32f1xx_hal_tim.o
 .text.TIM_OC4_SetConfig
                0x00000000080028e4       0x50 build/stm32f1xx_hal_tim.o
 .text.TIM_TI1_ConfigInputStage
                0x0000000008002934       0x24 build/stm32f1xx_hal_tim.o
 .text.TIM_TI2_ConfigInputStage
                0x0000000008002958       0x26 build/stm32f1xx_hal_tim.o
 .text.TIM_ITRx_SetConfig
                0x000000000800297e       0x10 build/stm32f1xx_hal_tim.o
 *fill*         0x000000000800298e        0x2 
 .text.HAL_TIM_Base_Start_IT
                0x0000000008002990       0x78 build/stm32f1xx_hal_tim.o
                0x0000000008002990                HAL_TIM_Base_Start_IT
 .text.HAL_TIM_PWM_MspInit
                0x0000000008002a08        0x2 build/stm32f1xx_hal_tim.o
                0x0000000008002a08                HAL_TIM_PWM_MspInit
 .text.HAL_TIM_OC_DelayElapsedCallback
                0x0000000008002a0a        0x2 build/stm32f1xx_hal_tim.o
                0x0000000008002a0a                HAL_TIM_OC_DelayElapsedCallback
 .text.HAL_TIM_IC_CaptureCallback
                0x0000000008002a0c        0x2 build/stm32f1xx_hal_tim.o
                0x0000000008002a0c                HAL_TIM_IC_CaptureCallback
 .text.HAL_TIM_PWM_PulseFinishedCallback
                0x0000000008002a0e        0x2 build/stm32f1xx_hal_tim.o
                0x0000000008002a0e                HAL_TIM_PWM_PulseFinishedCallback
 .text.HAL_TIM_TriggerCallback
                0x0000000008002a10        0x2 build/stm32f1xx_hal_tim.o
                0x0000000008002a10                HAL_TIM_TriggerCallback
 .text.HAL_TIM_IRQHandler
                0x0000000008002a12      0x15e build/stm32f1xx_hal_tim.o
                0x0000000008002a12                HAL_TIM_IRQHandler
 .text.TIM_Base_SetConfig
                0x0000000008002b70       0xa8 build/stm32f1xx_hal_tim.o
                0x0000000008002b70                TIM_Base_SetConfig
 .text.HAL_TIM_Base_Init
                0x0000000008002c18       0x58 build/stm32f1xx_hal_tim.o
                0x0000000008002c18                HAL_TIM_Base_Init
 .text.HAL_TIM_PWM_Init
                0x0000000008002c70       0x58 build/stm32f1xx_hal_tim.o
                0x0000000008002c70                HAL_TIM_PWM_Init
 .text.TIM_OC2_SetConfig
                0x0000000008002cc8       0x70 build/stm32f1xx_hal_tim.o
                0x0000000008002cc8                TIM_OC2_SetConfig
 .text.HAL_TIM_PWM_ConfigChannel
                0x0000000008002d38       0xdc build/stm32f1xx_hal_tim.o
                0x0000000008002d38                HAL_TIM_PWM_ConfigChannel
 .text.TIM_ETR_SetConfig
                0x0000000008002e14       0x18 build/stm32f1xx_hal_tim.o
                0x0000000008002e14                TIM_ETR_SetConfig
 .text.HAL_TIM_ConfigClockSource
                0x0000000008002e2c       0xfe build/stm32f1xx_hal_tim.o
                0x0000000008002e2c                HAL_TIM_ConfigClockSource
 *fill*         0x0000000008002f2a        0x2 
 .text.HAL_TIMEx_MasterConfigSynchronization
                0x0000000008002f2c       0x7c build/stm32f1xx_hal_tim_ex.o
                0x0000000008002f2c                HAL_TIMEx_MasterConfigSynchronization
 .text.HAL_TIMEx_CommutCallback
                0x0000000008002fa8        0x2 build/stm32f1xx_hal_tim_ex.o
                0x0000000008002fa8                HAL_TIMEx_CommutCallback
 .text.HAL_TIMEx_BreakCallback
                0x0000000008002faa        0x2 build/stm32f1xx_hal_tim_ex.o
                0x0000000008002faa                HAL_TIMEx_BreakCallback
 .text.HAL_ADC_ConfigChannel
                0x0000000008002fac      0x144 build/stm32f1xx_hal_adc.o
                0x0000000008002fac                HAL_ADC_ConfigChannel
 .text.ADC_ConversionStop_Disable
                0x00000000080030f0       0x56 build/stm32f1xx_hal_adc.o
                0x00000000080030f0                ADC_ConversionStop_Disable
 *fill*         0x0000000008003146        0x2 
 .text.HAL_ADC_Init
                0x0000000008003148      0x128 build/stm32f1xx_hal_adc.o
                0x0000000008003148                HAL_ADC_Init
 .text.HAL_Init
                0x0000000008003270       0x24 build/stm32f1xx_hal.o
                0x0000000008003270                HAL_Init
 .text.HAL_IncTick
                0x0000000008003294       0x18 build/stm32f1xx_hal.o
                0x0000000008003294                HAL_IncTick
 .text.HAL_GetTick
                0x00000000080032ac        0xc build/stm32f1xx_hal.o
                0x00000000080032ac                HAL_GetTick
 .text.HAL_Delay
                0x00000000080032b8       0x28 build/stm32f1xx_hal.o
                0x00000000080032b8                HAL_Delay
 .text.RCC_Delay
                0x00000000080032e0       0x2c build/stm32f1xx_hal_rcc.o
 .text.HAL_RCC_OscConfig
                0x000000000800330c      0x410 build/stm32f1xx_hal_rcc.o
                0x000000000800330c                HAL_RCC_OscConfig
 .text.HAL_RCC_GetSysClockFreq
                0x000000000800371c       0x54 build/stm32f1xx_hal_rcc.o
                0x000000000800371c                HAL_RCC_GetSysClockFreq
 .text.HAL_RCC_ClockConfig
                0x0000000008003770      0x16c build/stm32f1xx_hal_rcc.o
                0x0000000008003770                HAL_RCC_ClockConfig
 .text.HAL_RCC_GetHCLKFreq
                0x00000000080038dc        0xc build/stm32f1xx_hal_rcc.o
                0x00000000080038dc                HAL_RCC_GetHCLKFreq
 .text.HAL_RCC_GetPCLK1Freq
                0x00000000080038e8       0x20 build/stm32f1xx_hal_rcc.o
                0x00000000080038e8                HAL_RCC_GetPCLK1Freq
 .text.HAL_RCC_GetPCLK2Freq
                0x0000000008003908       0x20 build/stm32f1xx_hal_rcc.o
                0x0000000008003908                HAL_RCC_GetPCLK2Freq
 .text.HAL_RCC_GetClockConfig
                0x0000000008003928       0x3c build/stm32f1xx_hal_rcc.o
                0x0000000008003928                HAL_RCC_GetClockConfig
 .text.HAL_RCCEx_PeriphCLKConfig
                0x0000000008003964      0x118 build/stm32f1xx_hal_rcc_ex.o
                0x0000000008003964                HAL_RCCEx_PeriphCLKConfig
 .text.HAL_GPIO_Init
                0x0000000008003a7c      0x240 build/stm32f1xx_hal_gpio.o
                0x0000000008003a7c                HAL_GPIO_Init
 .text.HAL_GPIO_WritePin
                0x0000000008003cbc        0xc build/stm32f1xx_hal_gpio.o
                0x0000000008003cbc                HAL_GPIO_WritePin
 .text.HAL_GPIO_TogglePin
                0x0000000008003cc8       0x12 build/stm32f1xx_hal_gpio.o
                0x0000000008003cc8                HAL_GPIO_TogglePin
 *fill*         0x0000000008003cda        0x2 
 .text.HAL_DMA_Init
                0x0000000008003cdc       0x98 build/stm32f1xx_hal_dma.o
                0x0000000008003cdc                HAL_DMA_Init
 .text.HAL_DMA_Abort
                0x0000000008003d74       0x46 build/stm32f1xx_hal_dma.o
                0x0000000008003d74                HAL_DMA_Abort
 *fill*         0x0000000008003dba        0x2 
 .text.HAL_DMA_Abort_IT
                0x0000000008003dbc      0x16c build/stm32f1xx_hal_dma.o
                0x0000000008003dbc                HAL_DMA_Abort_IT
 .text.HAL_DMA_IRQHandler
                0x0000000008003f28      0x2ec build/stm32f1xx_hal_dma.o
                0x0000000008003f28                HAL_DMA_IRQHandler
 .text.HAL_NVIC_SetPriorityGrouping
                0x0000000008004214       0x24 build/stm32f1xx_hal_cortex.o
                0x0000000008004214                HAL_NVIC_SetPriorityGrouping
 .text.HAL_NVIC_SetPriority
                0x0000000008004238       0x70 build/stm32f1xx_hal_cortex.o
                0x0000000008004238                HAL_NVIC_SetPriority
 .text.HAL_NVIC_EnableIRQ
                0x00000000080042a8       0x1c build/stm32f1xx_hal_cortex.o
                0x00000000080042a8                HAL_NVIC_EnableIRQ
 .text.I2C_IsAcknowledgeFailed
                0x00000000080042c4       0x32 build/stm32f1xx_hal_i2c.o
 .text.I2C_WaitOnFlagUntilTimeout
                0x00000000080042f6       0xaa build/stm32f1xx_hal_i2c.o
 .text.I2C_WaitOnMasterAddressFlagUntilTimeout
                0x00000000080043a0       0xd6 build/stm32f1xx_hal_i2c.o
 .text.I2C_WaitOnTXEFlagUntilTimeout
                0x0000000008004476       0x5e build/stm32f1xx_hal_i2c.o
 .text.I2C_RequestMemoryWrite
                0x00000000080044d4       0xd8 build/stm32f1xx_hal_i2c.o
 .text.I2C_WaitOnBTFFlagUntilTimeout
                0x00000000080045ac       0x5e build/stm32f1xx_hal_i2c.o
 *fill*         0x000000000800460a        0x2 
 .text.HAL_I2C_Init
                0x000000000800460c      0x1bc build/stm32f1xx_hal_i2c.o
                0x000000000800460c                HAL_I2C_Init
 .text.HAL_I2C_Mem_Write
                0x00000000080047c8      0x164 build/stm32f1xx_hal_i2c.o
                0x00000000080047c8                HAL_I2C_Mem_Write
 .text.UART_EndRxTransfer
                0x000000000800492c       0x5c build/stm32f1xx_hal_uart.o
 .text.UART_Transmit_IT
                0x0000000008004988       0x60 build/stm32f1xx_hal_uart.o
 .text.UART_SetConfig
                0x00000000080049e8       0x94 build/stm32f1xx_hal_uart.o
 .text.UART_WaitOnFlagUntilTimeout
                0x0000000008004a7c       0x8a build/stm32f1xx_hal_uart.o
 .text.HAL_UART_Init
                0x0000000008004b06       0x60 build/stm32f1xx_hal_uart.o
                0x0000000008004b06                HAL_UART_Init
 .text.HAL_UART_Transmit
                0x0000000008004b66       0xcc build/stm32f1xx_hal_uart.o
                0x0000000008004b66                HAL_UART_Transmit
 .text.HAL_UART_TxCpltCallback
                0x0000000008004c32        0x2 build/stm32f1xx_hal_uart.o
                0x0000000008004c32                HAL_UART_TxCpltCallback
 .text.UART_EndTransmit_IT
                0x0000000008004c34       0x1a build/stm32f1xx_hal_uart.o
 .text.HAL_UART_RxCpltCallback
                0x0000000008004c4e        0x2 build/stm32f1xx_hal_uart.o
                0x0000000008004c4e                HAL_UART_RxCpltCallback
 .text.HAL_UART_ErrorCallback
                0x0000000008004c50        0x2 build/stm32f1xx_hal_uart.o
                0x0000000008004c50                HAL_UART_ErrorCallback
 .text.UART_DMAAbortOnError
                0x0000000008004c52       0x10 build/stm32f1xx_hal_uart.o
 .text.HAL_UARTEx_RxEventCallback
                0x0000000008004c62        0x2 build/stm32f1xx_hal_uart.o
                0x0000000008004c62                HAL_UARTEx_RxEventCallback
 .text.UART_Receive_IT
                0x0000000008004c64       0xe6 build/stm32f1xx_hal_uart.o
 *fill*         0x0000000008004d4a        0x2 
 .text.HAL_UART_IRQHandler
                0x0000000008004d4c      0x288 build/stm32f1xx_hal_uart.o
                0x0000000008004d4c                HAL_UART_IRQHandler
 .text.SystemInit
                0x0000000008004fd4        0x2 build/system_stm32f1xx.o
                0x0000000008004fd4                SystemInit
 .text.vListInitialise
                0x0000000008004fd6       0x16 build/list.o
                0x0000000008004fd6                vListInitialise
 .text.vListInitialiseItem
                0x0000000008004fec        0x6 build/list.o
                0x0000000008004fec                vListInitialiseItem
 .text.vListInsertEnd
                0x0000000008004ff2       0x16 build/list.o
                0x0000000008004ff2                vListInsertEnd
 .text.vListInsert
                0x0000000008005008       0x32 build/list.o
                0x0000000008005008                vListInsert
 .text.uxListRemove
                0x000000000800503a       0x26 build/list.o
                0x000000000800503a                uxListRemove
 .text.prvIsQueueFull
                0x0000000008005060       0x1e build/queue.o
 .text.prvIsQueueEmpty
                0x000000000800507e       0x1a build/queue.o
 .text.prvCopyDataToQueue
                0x0000000008005098       0x76 build/queue.o
 .text.prvCopyDataFromQueue
                0x000000000800510e       0x24 build/queue.o
 .text.prvUnlockQueue
                0x0000000008005132       0x6e build/queue.o
 .text.xQueueGenericReset
                0x00000000080051a0       0x84 build/queue.o
                0x00000000080051a0                xQueueGenericReset
 .text.prvInitialiseNewQueue
                0x0000000008005224       0x22 build/queue.o
 .text.xQueueGenericCreateStatic
                0x0000000008005246       0x94 build/queue.o
                0x0000000008005246                xQueueGenericCreateStatic
 .text.xQueueGenericSend
                0x00000000080052da      0x188 build/queue.o
                0x00000000080052da                xQueueGenericSend
 .text.xQueueGenericSendFromISR
                0x0000000008005462       0xce build/queue.o
                0x0000000008005462                xQueueGenericSendFromISR
 .text.xQueueReceive
                0x0000000008005530      0x15e build/queue.o
                0x0000000008005530                xQueueReceive
 *fill*         0x000000000800568e        0x2 
 .text.vQueueAddToRegistry
                0x0000000008005690       0x28 build/queue.o
                0x0000000008005690                vQueueAddToRegistry
 .text.vQueueWaitForMessageRestricted
                0x00000000080056b8       0x52 build/queue.o
                0x00000000080056b8                vQueueWaitForMessageRestricted
 *fill*         0x000000000800570a        0x2 
 .text.prvResetNextTaskUnblockTime
                0x000000000800570c       0x2c build/tasks.o
 .text.prvInitialiseNewTask
                0x0000000008005738       0xa6 build/tasks.o
 *fill*         0x00000000080057de        0x2 
 .text.prvInitialiseTaskLists
                0x00000000080057e0       0x68 build/tasks.o
 .text.prvAddNewTaskToReadyList
                0x0000000008005848       0xac build/tasks.o
 .text.prvDeleteTCB
                0x00000000080058f4       0x38 build/tasks.o
 .text.prvCheckTasksWaitingTermination
                0x000000000800592c       0x4c build/tasks.o
 .text.prvIdleTask
                0x0000000008005978       0x28 build/tasks.o
 .text.prvAddCurrentTaskToDelayedList
                0x00000000080059a0       0x7c build/tasks.o
 .text.xTaskCreateStatic
                0x0000000008005a1c       0x76 build/tasks.o
                0x0000000008005a1c                xTaskCreateStatic
 .text.xTaskCreate
                0x0000000008005a92       0x68 build/tasks.o
                0x0000000008005a92                xTaskCreate
 *fill*         0x0000000008005afa        0x2 
 .text.vTaskStartScheduler
                0x0000000008005afc       0x9c build/tasks.o
                0x0000000008005afc                vTaskStartScheduler
 .text.vTaskSuspendAll
                0x0000000008005b98       0x10 build/tasks.o
                0x0000000008005b98                vTaskSuspendAll
 .text.xTaskGetTickCount
                0x0000000008005ba8        0xc build/tasks.o
                0x0000000008005ba8                xTaskGetTickCount
 .text.xTaskIncrementTick
                0x0000000008005bb4      0x118 build/tasks.o
                0x0000000008005bb4                xTaskIncrementTick
 .text.xTaskResumeAll
                0x0000000008005ccc       0xf8 build/tasks.o
                0x0000000008005ccc                xTaskResumeAll
 .text.vTaskDelay
                0x0000000008005dc4       0x4c build/tasks.o
                0x0000000008005dc4                vTaskDelay
 .text.vTaskSwitchContext
                0x0000000008005e10       0x94 build/tasks.o
                0x0000000008005e10                vTaskSwitchContext
 .text.vTaskPlaceOnEventList
                0x0000000008005ea4       0x30 build/tasks.o
                0x0000000008005ea4                vTaskPlaceOnEventList
 .text.vTaskPlaceOnEventListRestricted
                0x0000000008005ed4       0x38 build/tasks.o
                0x0000000008005ed4                vTaskPlaceOnEventListRestricted
 .text.xTaskRemoveFromEventList
                0x0000000008005f0c       0x8c build/tasks.o
                0x0000000008005f0c                xTaskRemoveFromEventList
 .text.vTaskInternalSetTimeOutState
                0x0000000008005f98       0x18 build/tasks.o
                0x0000000008005f98                vTaskInternalSetTimeOutState
 .text.xTaskCheckForTimeOut
                0x0000000008005fb0       0x84 build/tasks.o
                0x0000000008005fb0                xTaskCheckForTimeOut
 .text.vTaskMissedYield
                0x0000000008006034        0xc build/tasks.o
                0x0000000008006034                vTaskMissedYield
 .text.xTaskGetSchedulerState
                0x0000000008006040       0x20 build/tasks.o
                0x0000000008006040                xTaskGetSchedulerState
 .text.xTaskPriorityDisinherit
                0x0000000008006060       0x90 build/tasks.o
                0x0000000008006060                xTaskPriorityDisinherit
 .text.prvGetNextExpireTime
                0x00000000080060f0       0x20 build/timers.o
 .text.prvInsertTimerInActiveList
                0x0000000008006110       0x48 build/timers.o
 .text.prvCheckForValidListAndQueue
                0x0000000008006158       0x70 build/timers.o
 .text.xTimerCreateTimerTask
                0x00000000080061c8       0x64 build/timers.o
                0x00000000080061c8                xTimerCreateTimerTask
 .text.xTimerGenericCommand
                0x000000000800622c       0x6c build/timers.o
                0x000000000800622c                xTimerGenericCommand
 .text.prvSwitchTimerLists
                0x0000000008006298       0x7c build/timers.o
 .text.prvSampleTimeNow
                0x0000000008006314       0x2c build/timers.o
 .text.prvProcessExpiredTimer
                0x0000000008006340       0x6c build/timers.o
 .text.prvProcessTimerOrBlockTask
                0x00000000080063ac       0x74 build/timers.o
 .text.prvProcessReceivedCommands
                0x0000000008006420      0x10c build/timers.o
 .text.prvTimerTask
                0x000000000800652c       0x16 build/timers.o
 .text.SysTick_Handler
                0x0000000008006542       0x18 build/cmsis_os2.o
                0x0000000008006542                SysTick_Handler
 *fill*         0x000000000800655a        0x2 
 .text.osKernelInitialize
                0x000000000800655c       0x24 build/cmsis_os2.o
                0x000000000800655c                osKernelInitialize
 .text.osKernelStart
                0x0000000008006580       0x38 build/cmsis_os2.o
                0x0000000008006580                osKernelStart
 .text.osThreadNew
                0x00000000080065b8       0xbc build/cmsis_os2.o
                0x00000000080065b8                osThreadNew
 .text.osDelay  0x0000000008006674       0x1c build/cmsis_os2.o
                0x0000000008006674                osDelay
 .text.vApplicationGetIdleTaskMemory
                0x0000000008006690       0x18 build/cmsis_os2.o
                0x0000000008006690                vApplicationGetIdleTaskMemory
 .text.vApplicationGetTimerTaskMemory
                0x00000000080066a8       0x18 build/cmsis_os2.o
                0x00000000080066a8                vApplicationGetTimerTaskMemory
 .text.prvHeapInit
                0x00000000080066c0       0x64 build/heap_4.o
 .text.prvInsertBlockIntoFreeList
                0x0000000008006724       0x60 build/heap_4.o
 .text.pvPortMalloc
                0x0000000008006784      0x110 build/heap_4.o
                0x0000000008006784                pvPortMalloc
 .text.vPortFree
                0x0000000008006894       0x7c build/heap_4.o
                0x0000000008006894                vPortFree
 .text.prvTaskExitError
                0x0000000008006910       0x40 build/port.o
 .text.prvPortStartFirstTask
                0x0000000008006950       0x20 build/port.o
 .text.pxPortInitialiseStack
                0x0000000008006970       0x24 build/port.o
                0x0000000008006970                pxPortInitialiseStack
 *fill*         0x0000000008006994        0xc 
 .text.SVC_Handler
                0x00000000080069a0       0x24 build/port.o
                0x00000000080069a0                SVC_Handler
 .text.vPortEnterCritical
                0x00000000080069c4       0x44 build/port.o
                0x00000000080069c4                vPortEnterCritical
 .text.vPortExitCritical
                0x0000000008006a08       0x2c build/port.o
                0x0000000008006a08                vPortExitCritical
 *fill*         0x0000000008006a34        0xc 
 .text.PendSV_Handler
                0x0000000008006a40       0x44 build/port.o
                0x0000000008006a40                PendSV_Handler
 .text.xPortSysTickHandler
                0x0000000008006a84       0x2c build/port.o
                0x0000000008006a84                xPortSysTickHandler
 .text.vPortSetupTimerInterrupt
                0x0000000008006ab0       0x28 build/port.o
                0x0000000008006ab0                vPortSetupTimerInterrupt
 .text.xPortStartScheduler
                0x0000000008006ad8       0xc0 build/port.o
                0x0000000008006ad8                xPortStartScheduler
 .text.vPortValidateInterruptPriority
                0x0000000008006b98       0x5c build/port.o
                0x0000000008006b98                vPortValidateInterruptPriority
 .text._sbrk    0x0000000008006bf4       0x48 build/sysmem.o
                0x0000000008006bf4                _sbrk
 .text._read    0x0000000008006c3c       0x20 build/syscalls.o
                0x0000000008006c3c                _read
 .text._close   0x0000000008006c5c        0x6 build/syscalls.o
                0x0000000008006c5c                _close
 .text._fstat   0x0000000008006c62        0xa build/syscalls.o
                0x0000000008006c62                _fstat
 .text._isatty  0x0000000008006c6c        0x4 build/syscalls.o
                0x0000000008006c6c                _isatty
 .text._lseek   0x0000000008006c70        0x4 build/syscalls.o
                0x0000000008006c70                _lseek
 .text.Reset_Handler
                0x0000000008006c74       0x48 build/startup_stm32f103xe.o
                0x0000000008006c74                Reset_Handler
 .text.Default_Handler
                0x0000000008006cbc        0x2 build/startup_stm32f103xe.o
                0x0000000008006cbc                RTC_Alarm_IRQHandler
                0x0000000008006cbc                EXTI2_IRQHandler
                0x0000000008006cbc                TIM8_TRG_COM_IRQHandler
                0x0000000008006cbc                TIM8_CC_IRQHandler
                0x0000000008006cbc                TIM1_CC_IRQHandler
                0x0000000008006cbc                TIM6_IRQHandler
                0x0000000008006cbc                PVD_IRQHandler
                0x0000000008006cbc                SDIO_IRQHandler
                0x0000000008006cbc                EXTI3_IRQHandler
                0x0000000008006cbc                EXTI0_IRQHandler
                0x0000000008006cbc                I2C2_EV_IRQHandler
                0x0000000008006cbc                ADC1_2_IRQHandler
                0x0000000008006cbc                SPI1_IRQHandler
                0x0000000008006cbc                TAMPER_IRQHandler
                0x0000000008006cbc                TIM8_UP_IRQHandler
                0x0000000008006cbc                DMA2_Channel2_IRQHandler
                0x0000000008006cbc                DMA1_Channel4_IRQHandler
                0x0000000008006cbc                RTC_IRQHandler
                0x0000000008006cbc                DMA1_Channel7_IRQHandler
                0x0000000008006cbc                CAN1_RX1_IRQHandler
                0x0000000008006cbc                UART5_IRQHandler
                0x0000000008006cbc                ADC3_IRQHandler
                0x0000000008006cbc                TIM4_IRQHandler
                0x0000000008006cbc                DMA2_Channel1_IRQHandler
                0x0000000008006cbc                I2C1_EV_IRQHandler
                0x0000000008006cbc                DMA1_Channel6_IRQHandler
                0x0000000008006cbc                UART4_IRQHandler
                0x0000000008006cbc                TIM3_IRQHandler
                0x0000000008006cbc                RCC_IRQHandler
                0x0000000008006cbc                TIM1_TRG_COM_IRQHandler
                0x0000000008006cbc                Default_Handler
                0x0000000008006cbc                EXTI15_10_IRQHandler
                0x0000000008006cbc                TIM7_IRQHandler
                0x0000000008006cbc                TIM5_IRQHandler
                0x0000000008006cbc                EXTI9_5_IRQHandler
                0x0000000008006cbc                SPI2_IRQHandler
                0x0000000008006cbc                DMA1_Channel5_IRQHandler
                0x0000000008006cbc                EXTI4_IRQHandler
                0x0000000008006cbc                USB_LP_CAN1_RX0_IRQHandler
                0x0000000008006cbc                USB_HP_CAN1_TX_IRQHandler
                0x0000000008006cbc                FSMC_IRQHandler
                0x0000000008006cbc                WWDG_IRQHandler
                0x0000000008006cbc                TIM2_IRQHandler
                0x0000000008006cbc                TIM1_BRK_IRQHandler
                0x0000000008006cbc                EXTI1_IRQHandler
                0x0000000008006cbc                DMA2_Channel4_5_IRQHandler
                0x0000000008006cbc                USART2_IRQHandler
                0x0000000008006cbc                I2C2_ER_IRQHandler
                0x0000000008006cbc                DMA1_Channel2_IRQHandler
                0x0000000008006cbc                TIM8_BRK_IRQHandler
                0x0000000008006cbc                CAN1_SCE_IRQHandler
                0x0000000008006cbc                FLASH_IRQHandler
                0x0000000008006cbc                SPI3_IRQHandler
                0x0000000008006cbc                I2C1_ER_IRQHandler
                0x0000000008006cbc                USBWakeUp_IRQHandler
                0x0000000008006cbc                DMA2_Channel3_IRQHandler
 *(.glue_7)
 .glue_7        0x0000000008006cbe        0x0 linker stubs
 *(.glue_7t)
 .glue_7t       0x0000000008006cbe        0x0 linker stubs
 *(.eh_frame)
 *fill*         0x0000000008006cbe        0x2 
 .eh_frame      0x0000000008006cc0        0x0 /usr/lib/gcc/arm-none-eabi/10.3.1/thumb/v7-m/nofp/crtbegin.o
 *(.init)
 .init          0x0000000008006cc0        0x4 /usr/lib/gcc/arm-none-eabi/10.3.1/thumb/v7-m/nofp/crti.o
                0x0000000008006cc0                _init
 .init          0x0000000008006cc4        0x8 /usr/lib/gcc/arm-none-eabi/10.3.1/thumb/v7-m/nofp/crtn.o
 *(.fini)
 .fini          0x0000000008006ccc        0x4 /usr/lib/gcc/arm-none-eabi/10.3.1/thumb/v7-m/nofp/crti.o
                0x0000000008006ccc                _fini
 .fini          0x0000000008006cd0        0x8 /usr/lib/gcc/arm-none-eabi/10.3.1/thumb/v7-m/nofp/crtn.o
                0x0000000008006cd8                . = ALIGN (0x4)
                0x0000000008006cd8                _etext = .

.vfp11_veneer   0x0000000008006cd8        0x0
 .vfp11_veneer  0x0000000008006cd8        0x0 linker stubs

.v4_bx          0x0000000008006cd8        0x0
 .v4_bx         0x0000000008006cd8        0x0 linker stubs

.iplt           0x0000000008006cd8        0x0
 .iplt          0x0000000008006cd8        0x0 /usr/lib/gcc/arm-none-eabi/10.3.1/thumb/v7-m/nofp/crtbegin.o

.rodata         0x0000000008006cd8     0x1944
                0x0000000008006cd8                . = ALIGN (0x4)
 *(.rodata)
 .rodata        0x0000000008006cd8        0x4 /usr/lib/gcc/arm-none-eabi/10.3.1/../../../arm-none-eabi/lib/thumb/v7-m/nofp/libc_nano.a(lib_a-impure.o)
                0x0000000008006cd8                _global_impure_ptr
 .rodata        0x0000000008006cdc       0x60 /usr/lib/gcc/arm-none-eabi/10.3.1/../../../arm-none-eabi/lib/thumb/v7-m/nofp/libc_nano.a(lib_a-findfp.o)
                0x0000000008006cdc                __sf_fake_stderr
                0x0000000008006cfc                __sf_fake_stdout
                0x0000000008006d1c                __sf_fake_stdin
 *(.rodata*)
 .rodata.StartDefaultTask.str1.4
                0x0000000008006d3c       0x32 build/freertos.o
 *fill*         0x0000000008006d6e        0x2 
 .rodata.StartGUITask.str1.4
                0x0000000008006d70       0x3a build/freertos.o
                                         0x3e (size before relaxing)
 *fill*         0x0000000008006daa        0x2 
 .rodata.str1.4
                0x0000000008006dac        0xc build/freertos.o
 .rodata.defaultTask_attributes
                0x0000000008006db8       0x24 build/freertos.o
                0x0000000008006db8                defaultTask_attributes
 .rodata.asc2_1206
                0x0000000008006ddc      0x474 build/oled.o
                0x0000000008006ddc                asc2_1206
 .rodata.asc2_1608
                0x0000000008007250      0x5f0 build/oled.o
                0x0000000008007250                asc2_1608
 .rodata.asc2_2412
                0x0000000008007840      0xd5c build/oled.o
                0x0000000008007840                asc2_2412
 .rodata.aPLLMULFactorTable.1
                0x000000000800859c       0x10 build/stm32f1xx_hal_rcc.o
 .rodata.aPredivFactorTable.0
                0x00000000080085ac        0x2 build/stm32f1xx_hal_rcc.o
 *fill*         0x00000000080085ae        0x2 
 .rodata.AHBPrescTable
                0x00000000080085b0       0x10 build/system_stm32f1xx.o
                0x00000000080085b0                AHBPrescTable
 .rodata.APBPrescTable
                0x00000000080085c0        0x8 build/system_stm32f1xx.o
                0x00000000080085c0                APBPrescTable
 .rodata.vTaskStartScheduler.str1.4
                0x00000000080085c8        0x5 build/tasks.o
 *fill*         0x00000000080085cd        0x3 
 .rodata.prvCheckForValidListAndQueue.str1.4
                0x00000000080085d0        0x5 build/timers.o
 *fill*         0x00000000080085d5        0x3 
 .rodata.xTimerCreateTimerTask.str1.4
                0x00000000080085d8        0x8 build/timers.o
 .rodata.str1.4
                0x00000000080085e0       0x13 /usr/lib/gcc/arm-none-eabi/10.3.1/../../../arm-none-eabi/lib/thumb/v7-m/nofp/libc_nano.a(lib_a-nano-vfprintf.o)
 *fill*         0x00000000080085f3        0x1 
 .rodata.str1.4
                0x00000000080085f4       0x25 /usr/lib/gcc/arm-none-eabi/10.3.1/../../../arm-none-eabi/lib/thumb/v7-m/nofp/libc_nano.a(lib_a-nano-vfprintf_i.o)
                0x000000000800861c                . = ALIGN (0x4)
 *fill*         0x0000000008008619        0x3 

.ARM.extab      0x000000000800861c        0x0
                0x000000000800861c                . = ALIGN (0x4)
 *(.ARM.extab* .gnu.linkonce.armextab.*)
                0x000000000800861c                . = ALIGN (0x4)

.ARM            0x000000000800861c        0x0
                0x000000000800861c                . = ALIGN (0x4)
                0x000000000800861c                __exidx_start = .
 *(.ARM.exidx*)
                0x000000000800861c                __exidx_end = .
                0x000000000800861c                . = ALIGN (0x4)

.preinit_array  0x000000000800861c        0x0
                0x000000000800861c                . = ALIGN (0x4)
                0x000000000800861c                PROVIDE (__preinit_array_start = .)
 *(.preinit_array*)
                0x000000000800861c                PROVIDE (__preinit_array_end = .)
                0x000000000800861c                . = ALIGN (0x4)

.init_array     0x000000000800861c        0x4
                0x000000000800861c                . = ALIGN (0x4)
                0x000000000800861c                PROVIDE (__init_array_start = .)
 *(SORT_BY_NAME(.init_array.*))
 *(.init_array*)
 .init_array    0x000000000800861c        0x4 /usr/lib/gcc/arm-none-eabi/10.3.1/thumb/v7-m/nofp/crtbegin.o
                0x0000000008008620                PROVIDE (__init_array_end = .)
                0x0000000008008620                . = ALIGN (0x4)

.fini_array     0x0000000008008620        0x4
                0x0000000008008620                . = ALIGN (0x4)
                0x0000000008008620                PROVIDE (__fini_array_start = .)
 *(SORT_BY_NAME(.fini_array.*))
 *(.fini_array*)
 .fini_array    0x0000000008008620        0x4 /usr/lib/gcc/arm-none-eabi/10.3.1/thumb/v7-m/nofp/crtbegin.o
                0x0000000008008624                PROVIDE (__fini_array_end = .)
                0x0000000008008624                . = ALIGN (0x4)
                0x0000000008008624                _sidata = LOADADDR (.data)

.rel.dyn        0x0000000008008624        0x0
 .rel.iplt      0x0000000008008624        0x0 /usr/lib/gcc/arm-none-eabi/10.3.1/thumb/v7-m/nofp/crtbegin.o

.data           0x0000000020000000       0x74 load address 0x0000000008008624
                0x0000000020000000                . = ALIGN (0x4)
                0x0000000020000000                _sdata = .
 *(.data)
 .data          0x0000000020000000       0x64 /usr/lib/gcc/arm-none-eabi/10.3.1/../../../arm-none-eabi/lib/thumb/v7-m/nofp/libc_nano.a(lib_a-impure.o)
                0x0000000020000000                _impure_ptr
 *(.data*)
 .data.uwTickFreq
                0x0000000020000064        0x1 build/stm32f1xx_hal.o
                0x0000000020000064                uwTickFreq
 *fill*         0x0000000020000065        0x3 
 .data.uwTickPrio
                0x0000000020000068        0x4 build/stm32f1xx_hal.o
                0x0000000020000068                uwTickPrio
 .data.SystemCoreClock
                0x000000002000006c        0x4 build/system_stm32f1xx.o
                0x000000002000006c                SystemCoreClock
 .data.uxCriticalNesting
                0x0000000020000070        0x4 build/port.o
 *(.RamFunc)
 *(.RamFunc*)
                0x0000000020000074                . = ALIGN (0x4)
                0x0000000020000074                _edata = .

.tm_clone_table
                0x0000000020000074        0x0 load address 0x0000000008008698
 .tm_clone_table
                0x0000000020000074        0x0 /usr/lib/gcc/arm-none-eabi/10.3.1/thumb/v7-m/nofp/crtbegin.o
 .tm_clone_table
                0x0000000020000074        0x0 /usr/lib/gcc/arm-none-eabi/10.3.1/thumb/v7-m/nofp/crtend.o

.igot.plt       0x0000000020000074        0x0 load address 0x0000000008008698
 .igot.plt      0x0000000020000074        0x0 /usr/lib/gcc/arm-none-eabi/10.3.1/thumb/v7-m/nofp/crtbegin.o
                0x0000000020000074                . = ALIGN (0x4)

.bss            0x0000000020000074     0x3438 load address 0x0000000008008698
                0x0000000020000074                _sbss = .
                0x0000000020000074                __bss_start__ = _sbss
 *(.bss)
 .bss           0x0000000020000074       0x1c /usr/lib/gcc/arm-none-eabi/10.3.1/thumb/v7-m/nofp/crtbegin.o
 .bss           0x0000000020000090        0x8 /usr/lib/gcc/arm-none-eabi/10.3.1/../../../arm-none-eabi/lib/thumb/v7-m/nofp/libc_nano.a(lib_a-nano-mallocr.o)
                0x0000000020000090                __malloc_free_list
                0x0000000020000094                __malloc_sbrk_start
 .bss           0x0000000020000098        0x4 /usr/lib/gcc/arm-none-eabi/10.3.1/../../../arm-none-eabi/lib/thumb/v7-m/nofp/libc_nano.a(lib_a-reent.o)
                0x0000000020000098                errno
 *(.bss*)
 .bss.defaultTaskHandle
                0x000000002000009c        0x4 build/freertos.o
                0x000000002000009c                defaultTaskHandle
 .bss.heart.0   0x00000000200000a0        0x1 build/freertos.o
 *fill*         0x00000000200000a1        0x3 
 .bss.oledTaskHandle
                0x00000000200000a4        0x4 build/freertos.o
                0x00000000200000a4                oledTaskHandle
 .bss.hadc1     0x00000000200000a8       0x30 build/adc.o
                0x00000000200000a8                hadc1
 .bss.hdma_adc1
                0x00000000200000d8       0x44 build/adc.o
                0x00000000200000d8                hdma_adc1
 .bss.hi2c1     0x000000002000011c       0x54 build/i2c.o
                0x000000002000011c                hi2c1
 .bss.htim3     0x0000000020000170       0x48 build/tim.o
                0x0000000020000170                htim3
 .bss.hdma_usart3_rx
                0x00000000200001b8       0x44 build/usart.o
                0x00000000200001b8                hdma_usart3_rx
 .bss.huart1    0x00000000200001fc       0x48 build/usart.o
                0x00000000200001fc                huart1
 .bss.huart3    0x0000000020000244       0x48 build/usart.o
                0x0000000020000244                huart3
 .bss.OLED_GRAM
                0x000000002000028c      0x480 build/oled.o
                0x000000002000028c                OLED_GRAM
 .bss.htim1     0x000000002000070c       0x48 build/stm32f1xx_hal_timebase_tim.o
                0x000000002000070c                htim1
 .bss.uwTick    0x0000000020000754        0x4 build/stm32f1xx_hal.o
                0x0000000020000754                uwTick
 .bss.xQueueRegistry
                0x0000000020000758       0x40 build/queue.o
                0x0000000020000758                xQueueRegistry
 .bss.pxCurrentTCB
                0x0000000020000798        0x4 build/tasks.o
                0x0000000020000798                pxCurrentTCB
 .bss.pxDelayedTaskList
                0x000000002000079c        0x4 build/tasks.o
 .bss.pxOverflowDelayedTaskList
                0x00000000200007a0        0x4 build/tasks.o
 .bss.pxReadyTasksLists
                0x00000000200007a4      0x460 build/tasks.o
 .bss.uxCurrentNumberOfTasks
                0x0000000020000c04        0x4 build/tasks.o
 .bss.uxDeletedTasksWaitingCleanUp
                0x0000000020000c08        0x4 build/tasks.o
 .bss.uxSchedulerSuspended
                0x0000000020000c0c        0x4 build/tasks.o
 .bss.uxTaskNumber
                0x0000000020000c10        0x4 build/tasks.o
 .bss.uxTopReadyPriority
                0x0000000020000c14        0x4 build/tasks.o
 .bss.xDelayedTaskList1
                0x0000000020000c18       0x14 build/tasks.o
 .bss.xDelayedTaskList2
                0x0000000020000c2c       0x14 build/tasks.o
 .bss.xIdleTaskHandle
                0x0000000020000c40        0x4 build/tasks.o
 .bss.xNextTaskUnblockTime
                0x0000000020000c44        0x4 build/tasks.o
 .bss.xNumOfOverflows
                0x0000000020000c48        0x4 build/tasks.o
 .bss.xPendedTicks
                0x0000000020000c4c        0x4 build/tasks.o
 .bss.xPendingReadyList
                0x0000000020000c50       0x14 build/tasks.o
 .bss.xSchedulerRunning
                0x0000000020000c64        0x4 build/tasks.o
 .bss.xSuspendedTaskList
                0x0000000020000c68       0x14 build/tasks.o
 .bss.xTasksWaitingTermination
                0x0000000020000c7c       0x14 build/tasks.o
 .bss.xTickCount
                0x0000000020000c90        0x4 build/tasks.o
 .bss.xYieldPending
                0x0000000020000c94        0x4 build/tasks.o
 .bss.pxCurrentTimerList
                0x0000000020000c98        0x4 build/timers.o
 .bss.pxOverflowTimerList
                0x0000000020000c9c        0x4 build/timers.o
 .bss.ucStaticTimerQueueStorage.1
                0x0000000020000ca0       0xa0 build/timers.o
 .bss.xActiveTimerList1
                0x0000000020000d40       0x14 build/timers.o
 .bss.xActiveTimerList2
                0x0000000020000d54       0x14 build/timers.o
 .bss.xLastTime.2
                0x0000000020000d68        0x4 build/timers.o
 .bss.xStaticTimerQueue.0
                0x0000000020000d6c       0x50 build/timers.o
 .bss.xTimerQueue
                0x0000000020000dbc        0x4 build/timers.o
 .bss.xTimerTaskHandle
                0x0000000020000dc0        0x4 build/timers.o
 .bss.Idle_Stack.2
                0x0000000020000dc4      0x200 build/cmsis_os2.o
 .bss.Idle_TCB.3
                0x0000000020000fc4       0x5c build/cmsis_os2.o
 .bss.KernelState
                0x0000000020001020        0x4 build/cmsis_os2.o
 .bss.Timer_Stack.0
                0x0000000020001024      0x400 build/cmsis_os2.o
 .bss.Timer_TCB.1
                0x0000000020001424       0x5c build/cmsis_os2.o
 .bss.pxEnd     0x0000000020001480        0x4 build/heap_4.o
 .bss.ucHeap    0x0000000020001484     0x2000 build/heap_4.o
 .bss.xBlockAllocatedBit
                0x0000000020003484        0x4 build/heap_4.o
 .bss.xFreeBytesRemaining
                0x0000000020003488        0x4 build/heap_4.o
 .bss.xMinimumEverFreeBytesRemaining
                0x000000002000348c        0x4 build/heap_4.o
 .bss.xNumberOfSuccessfulAllocations
                0x0000000020003490        0x4 build/heap_4.o
 .bss.xNumberOfSuccessfulFrees
                0x0000000020003494        0x4 build/heap_4.o
 .bss.xStart    0x0000000020003498        0x8 build/heap_4.o
 .bss.ucMaxSysCallPriority
                0x00000000200034a0        0x1 build/port.o
 *fill*         0x00000000200034a1        0x3 
 .bss.ulMaxPRIGROUPValue
                0x00000000200034a4        0x4 build/port.o
 .bss.__sbrk_heap_end
                0x00000000200034a8        0x4 build/sysmem.o
 *(COMMON)
                0x00000000200034ac                . = ALIGN (0x4)
                0x00000000200034ac                _ebss = .
                0x00000000200034ac                __bss_end__ = _ebss

._user_heap_stack
                0x00000000200034ac      0xa04 load address 0x0000000008008698
                0x00000000200034b0                . = ALIGN (0x8)
 *fill*         0x00000000200034ac        0x4 
                [!provide]                        PROVIDE (end = .)
                0x00000000200034b0                PROVIDE (_end = .)
                0x00000000200036b0                . = (. + _Min_Heap_Size)
 *fill*         0x00000000200034b0      0x200 
                0x0000000020003eb0                . = (. + _Min_Stack_Size)
 *fill*         0x00000000200036b0      0x800 
                0x0000000020003eb0                . = ALIGN (0x8)

/DISCARD/
 libc.a(*)
 libm.a(*)
 libgcc.a(*)
OUTPUT(build/water_monitor.elf elf32-littlearm)
LOAD linker stubs
LOAD /usr/lib/gcc/arm-none-eabi/10.3.1/../../../arm-none-eabi/lib/thumb/v7-m/nofp/libc.a
LOAD /usr/lib/gcc/arm-none-eabi/10.3.1/../../../arm-none-eabi/lib/thumb/v7-m/nofp/libm.a
LOAD /usr/lib/gcc/arm-none-eabi/10.3.1/thumb/v7-m/nofp/libgcc.a

.ARM.attributes
                0x0000000000000000       0x29
 .ARM.attributes
                0x0000000000000000       0x1d /usr/lib/gcc/arm-none-eabi/10.3.1/thumb/v7-m/nofp/crti.o
 .ARM.attributes
                0x000000000000001d       0x2d /usr/lib/gcc/arm-none-eabi/10.3.1/thumb/v7-m/nofp/crtbegin.o
 .ARM.attributes
                0x000000000000004a       0x2d build/main.o
 .ARM.attributes
                0x0000000000000077       0x2d build/gpio.o
 .ARM.attributes
                0x00000000000000a4       0x2d build/freertos.o
 .ARM.attributes
                0x00000000000000d1       0x2d build/adc.o
 .ARM.attributes
                0x00000000000000fe       0x2d build/dma.o
 .ARM.attributes
                0x000000000000012b       0x2d build/i2c.o
 .ARM.attributes
                0x0000000000000158       0x2d build/tim.o
 .ARM.attributes
                0x0000000000000185       0x2d build/usart.o
 .ARM.attributes
                0x00000000000001b2       0x2d build/oled.o
 .ARM.attributes
                0x00000000000001df       0x2d build/stm32f1xx_it.o
 .ARM.attributes
                0x000000000000020c       0x2d build/stm32f1xx_hal_msp.o
 .ARM.attributes
                0x0000000000000239       0x2d build/stm32f1xx_hal_timebase_tim.o
 .ARM.attributes
                0x0000000000000266       0x2d build/stm32f1xx_hal_tim.o
 .ARM.attributes
                0x0000000000000293       0x2d build/stm32f1xx_hal_tim_ex.o
 .ARM.attributes
                0x00000000000002c0       0x2d build/stm32f1xx_hal_adc.o
 .ARM.attributes
                0x00000000000002ed       0x2d build/stm32f1xx_hal.o
 .ARM.attributes
                0x000000000000031a       0x2d build/stm32f1xx_hal_rcc.o
 .ARM.attributes
                0x0000000000000347       0x2d build/stm32f1xx_hal_rcc_ex.o
 .ARM.attributes
                0x0000000000000374       0x2d build/stm32f1xx_hal_gpio.o
 .ARM.attributes
                0x00000000000003a1       0x2d build/stm32f1xx_hal_dma.o
 .ARM.attributes
                0x00000000000003ce       0x2d build/stm32f1xx_hal_cortex.o
 .ARM.attributes
                0x00000000000003fb       0x2d build/stm32f1xx_hal_i2c.o
 .ARM.attributes
                0x0000000000000428       0x2d build/stm32f1xx_hal_uart.o
 .ARM.attributes
                0x0000000000000455       0x2d build/system_stm32f1xx.o
 .ARM.attributes
                0x0000000000000482       0x2d build/list.o
 .ARM.attributes
                0x00000000000004af       0x2d build/queue.o
 .ARM.attributes
                0x00000000000004dc       0x2d build/tasks.o
 .ARM.attributes
                0x0000000000000509       0x2d build/timers.o
 .ARM.attributes
                0x0000000000000536       0x2d build/cmsis_os2.o
 .ARM.attributes
                0x0000000000000563       0x2d build/heap_4.o
 .ARM.attributes
                0x0000000000000590       0x2d build/port.o
 .ARM.attributes
                0x00000000000005bd       0x2d build/sysmem.o
 .ARM.attributes
                0x00000000000005ea       0x2d build/syscalls.o
 .ARM.attributes
                0x0000000000000617       0x21 build/startup_stm32f103xe.o
 .ARM.attributes
                0x0000000000000638       0x2d /usr/lib/gcc/arm-none-eabi/10.3.1/../../../arm-none-eabi/lib/thumb/v7-m/nofp/libc_nano.a(lib_a-errno.o)
 .ARM.attributes
                0x0000000000000665       0x2d /usr/lib/gcc/arm-none-eabi/10.3.1/../../../arm-none-eabi/lib/thumb/v7-m/nofp/libc_nano.a(lib_a-impure.o)
 .ARM.attributes
                0x0000000000000692       0x2d /usr/lib/gcc/arm-none-eabi/10.3.1/../../../arm-none-eabi/lib/thumb/v7-m/nofp/libc_nano.a(lib_a-init.o)
 .ARM.attributes
                0x00000000000006bf       0x1b /usr/lib/gcc/arm-none-eabi/10.3.1/../../../arm-none-eabi/lib/thumb/v7-m/nofp/libc_nano.a(lib_a-memcpy.o)
 .ARM.attributes
                0x00000000000006da       0x2d /usr/lib/gcc/arm-none-eabi/10.3.1/../../../arm-none-eabi/lib/thumb/v7-m/nofp/libc_nano.a(lib_a-memset.o)
 .ARM.attributes
                0x0000000000000707       0x2d /usr/lib/gcc/arm-none-eabi/10.3.1/../../../arm-none-eabi/lib/thumb/v7-m/nofp/libc_nano.a(lib_a-printf.o)
 .ARM.attributes
                0x0000000000000734       0x2d /usr/lib/gcc/arm-none-eabi/10.3.1/../../../arm-none-eabi/lib/thumb/v7-m/nofp/libc_nano.a(lib_a-puts.o)
 .ARM.attributes
                0x0000000000000761       0x2d /usr/lib/gcc/arm-none-eabi/10.3.1/../../../arm-none-eabi/lib/thumb/v7-m/nofp/libc_nano.a(lib_a-wbuf.o)
 .ARM.attributes
                0x000000000000078e       0x2d /usr/lib/gcc/arm-none-eabi/10.3.1/../../../arm-none-eabi/lib/thumb/v7-m/nofp/libc_nano.a(lib_a-wsetup.o)
 .ARM.attributes
                0x00000000000007bb       0x2d /usr/lib/gcc/arm-none-eabi/10.3.1/../../../arm-none-eabi/lib/thumb/v7-m/nofp/libc_nano.a(lib_a-fflush.o)
 .ARM.attributes
                0x00000000000007e8       0x2d /usr/lib/gcc/arm-none-eabi/10.3.1/../../../arm-none-eabi/lib/thumb/v7-m/nofp/libc_nano.a(lib_a-findfp.o)
 .ARM.attributes
                0x0000000000000815       0x2d /usr/lib/gcc/arm-none-eabi/10.3.1/../../../arm-none-eabi/lib/thumb/v7-m/nofp/libc_nano.a(lib_a-fwalk.o)
 .ARM.attributes
                0x0000000000000842       0x2d /usr/lib/gcc/arm-none-eabi/10.3.1/../../../arm-none-eabi/lib/thumb/v7-m/nofp/libc_nano.a(lib_a-makebuf.o)
 .ARM.attributes
                0x000000000000086f       0x2d /usr/lib/gcc/arm-none-eabi/10.3.1/../../../arm-none-eabi/lib/thumb/v7-m/nofp/libc_nano.a(lib_a-nano-freer.o)
 .ARM.attributes
                0x000000000000089c       0x2d /usr/lib/gcc/arm-none-eabi/10.3.1/../../../arm-none-eabi/lib/thumb/v7-m/nofp/libc_nano.a(lib_a-nano-mallocr.o)
 .ARM.attributes
                0x00000000000008c9       0x2d /usr/lib/gcc/arm-none-eabi/10.3.1/../../../arm-none-eabi/lib/thumb/v7-m/nofp/libc_nano.a(lib_a-nano-vfprintf.o)
 .ARM.attributes
                0x00000000000008f6       0x2d /usr/lib/gcc/arm-none-eabi/10.3.1/../../../arm-none-eabi/lib/thumb/v7-m/nofp/libc_nano.a(lib_a-nano-vfprintf_i.o)
 .ARM.attributes
                0x0000000000000923       0x2d /usr/lib/gcc/arm-none-eabi/10.3.1/../../../arm-none-eabi/lib/thumb/v7-m/nofp/libc_nano.a(lib_a-sbrkr.o)
 .ARM.attributes
                0x0000000000000950       0x2d /usr/lib/gcc/arm-none-eabi/10.3.1/../../../arm-none-eabi/lib/thumb/v7-m/nofp/libc_nano.a(lib_a-stdio.o)
 .ARM.attributes
                0x000000000000097d       0x2d /usr/lib/gcc/arm-none-eabi/10.3.1/../../../arm-none-eabi/lib/thumb/v7-m/nofp/libc_nano.a(lib_a-writer.o)
 .ARM.attributes
                0x00000000000009aa       0x2d /usr/lib/gcc/arm-none-eabi/10.3.1/../../../arm-none-eabi/lib/thumb/v7-m/nofp/libc_nano.a(lib_a-closer.o)
 .ARM.attributes
                0x00000000000009d7       0x2d /usr/lib/gcc/arm-none-eabi/10.3.1/../../../arm-none-eabi/lib/thumb/v7-m/nofp/libc_nano.a(lib_a-fstatr.o)
 .ARM.attributes
                0x0000000000000a04       0x2d /usr/lib/gcc/arm-none-eabi/10.3.1/../../../arm-none-eabi/lib/thumb/v7-m/nofp/libc_nano.a(lib_a-fvwrite.o)
 .ARM.attributes
                0x0000000000000a31       0x2d /usr/lib/gcc/arm-none-eabi/10.3.1/../../../arm-none-eabi/lib/thumb/v7-m/nofp/libc_nano.a(lib_a-isattyr.o)
 .ARM.attributes
                0x0000000000000a5e       0x2d /usr/lib/gcc/arm-none-eabi/10.3.1/../../../arm-none-eabi/lib/thumb/v7-m/nofp/libc_nano.a(lib_a-lseekr.o)
 .ARM.attributes
                0x0000000000000a8b       0x2d /usr/lib/gcc/arm-none-eabi/10.3.1/../../../arm-none-eabi/lib/thumb/v7-m/nofp/libc_nano.a(lib_a-memchr-stub.o)
 .ARM.attributes
                0x0000000000000ab8       0x2d /usr/lib/gcc/arm-none-eabi/10.3.1/../../../arm-none-eabi/lib/thumb/v7-m/nofp/libc_nano.a(lib_a-memmove.o)
 .ARM.attributes
                0x0000000000000ae5       0x2d /usr/lib/gcc/arm-none-eabi/10.3.1/../../../arm-none-eabi/lib/thumb/v7-m/nofp/libc_nano.a(lib_a-mlock.o)
 .ARM.attributes
                0x0000000000000b12       0x2d /usr/lib/gcc/arm-none-eabi/10.3.1/../../../arm-none-eabi/lib/thumb/v7-m/nofp/libc_nano.a(lib_a-nano-reallocr.o)
 .ARM.attributes
                0x0000000000000b3f       0x2d /usr/lib/gcc/arm-none-eabi/10.3.1/../../../arm-none-eabi/lib/thumb/v7-m/nofp/libc_nano.a(lib_a-readr.o)
 .ARM.attributes
                0x0000000000000b6c       0x2d /usr/lib/gcc/arm-none-eabi/10.3.1/../../../arm-none-eabi/lib/thumb/v7-m/nofp/libc_nano.a(lib_a-reent.o)
 .ARM.attributes
                0x0000000000000b99       0x2d /usr/lib/gcc/arm-none-eabi/10.3.1/../../../arm-none-eabi/lib/thumb/v7-m/nofp/libc_nano.a(lib_a-nano-msizer.o)
 .ARM.attributes
                0x0000000000000bc6       0x2d /usr/lib/gcc/arm-none-eabi/10.3.1/thumb/v7-m/nofp/crtend.o
 .ARM.attributes
                0x0000000000000bf3       0x1d /usr/lib/gcc/arm-none-eabi/10.3.1/thumb/v7-m/nofp/crtn.o

.comment        0x0000000000000000       0x33
 .comment       0x0000000000000000       0x33 /usr/lib/gcc/arm-none-eabi/10.3.1/thumb/v7-m/nofp/crtbegin.o
                                         0x34 (size before relaxing)
 .comment       0x0000000000000033       0x34 build/main.o
 .comment       0x0000000000000033       0x34 build/gpio.o
 .comment       0x0000000000000033       0x34 build/freertos.o
 .comment       0x0000000000000033       0x34 build/adc.o
 .comment       0x0000000000000033       0x34 build/dma.o
 .comment       0x0000000000000033       0x34 build/i2c.o
 .comment       0x0000000000000033       0x34 build/tim.o
 .comment       0x0000000000000033       0x34 build/usart.o
 .comment       0x0000000000000033       0x34 build/oled.o
 .comment       0x0000000000000033       0x34 build/stm32f1xx_it.o
 .comment       0x0000000000000033       0x34 build/stm32f1xx_hal_msp.o
 .comment       0x0000000000000033       0x34 build/stm32f1xx_hal_timebase_tim.o
 .comment       0x0000000000000033       0x34 build/stm32f1xx_hal_tim.o
 .comment       0x0000000000000033       0x34 build/stm32f1xx_hal_tim_ex.o
 .comment       0x0000000000000033       0x34 build/stm32f1xx_hal_adc.o
 .comment       0x0000000000000033       0x34 build/stm32f1xx_hal.o
 .comment       0x0000000000000033       0x34 build/stm32f1xx_hal_rcc.o
 .comment       0x0000000000000033       0x34 build/stm32f1xx_hal_rcc_ex.o
 .comment       0x0000000000000033       0x34 build/stm32f1xx_hal_gpio.o
 .comment       0x0000000000000033       0x34 build/stm32f1xx_hal_dma.o
 .comment       0x0000000000000033       0x34 build/stm32f1xx_hal_cortex.o
 .comment       0x0000000000000033       0x34 build/stm32f1xx_hal_i2c.o
 .comment       0x0000000000000033       0x34 build/stm32f1xx_hal_uart.o
 .comment       0x0000000000000033       0x34 build/system_stm32f1xx.o
 .comment       0x0000000000000033       0x34 build/list.o
 .comment       0x0000000000000033       0x34 build/queue.o
 .comment       0x0000000000000033       0x34 build/tasks.o
 .comment       0x0000000000000033       0x34 build/timers.o
 .comment       0x0000000000000033       0x34 build/cmsis_os2.o
 .comment       0x0000000000000033       0x34 build/heap_4.o
 .comment       0x0000000000000033       0x34 build/port.o
 .comment       0x0000000000000033       0x34 build/sysmem.o
 .comment       0x0000000000000033       0x34 build/syscalls.o
 .comment       0x0000000000000033       0x34 /usr/lib/gcc/arm-none-eabi/10.3.1/../../../arm-none-eabi/lib/thumb/v7-m/nofp/libc_nano.a(lib_a-errno.o)
 .comment       0x0000000000000033       0x34 /usr/lib/gcc/arm-none-eabi/10.3.1/../../../arm-none-eabi/lib/thumb/v7-m/nofp/libc_nano.a(lib_a-impure.o)
 .comment       0x0000000000000033       0x34 /usr/lib/gcc/arm-none-eabi/10.3.1/../../../arm-none-eabi/lib/thumb/v7-m/nofp/libc_nano.a(lib_a-init.o)
 .comment       0x0000000000000033       0x34 /usr/lib/gcc/arm-none-eabi/10.3.1/../../../arm-none-eabi/lib/thumb/v7-m/nofp/libc_nano.a(lib_a-memset.o)
 .comment       0x0000000000000033       0x34 /usr/lib/gcc/arm-none-eabi/10.3.1/../../../arm-none-eabi/lib/thumb/v7-m/nofp/libc_nano.a(lib_a-printf.o)
 .comment       0x0000000000000033       0x34 /usr/lib/gcc/arm-none-eabi/10.3.1/../../../arm-none-eabi/lib/thumb/v7-m/nofp/libc_nano.a(lib_a-puts.o)
 .comment       0x0000000000000033       0x34 /usr/lib/gcc/arm-none-eabi/10.3.1/../../../arm-none-eabi/lib/thumb/v7-m/nofp/libc_nano.a(lib_a-wbuf.o)
 .comment       0x0000000000000033       0x34 /usr/lib/gcc/arm-none-eabi/10.3.1/../../../arm-none-eabi/lib/thumb/v7-m/nofp/libc_nano.a(lib_a-wsetup.o)
 .comment       0x0000000000000033       0x34 /usr/lib/gcc/arm-none-eabi/10.3.1/../../../arm-none-eabi/lib/thumb/v7-m/nofp/libc_nano.a(lib_a-fflush.o)
 .comment       0x0000000000000033       0x34 /usr/lib/gcc/arm-none-eabi/10.3.1/../../../arm-none-eabi/lib/thumb/v7-m/nofp/libc_nano.a(lib_a-findfp.o)
 .comment       0x0000000000000033       0x34 /usr/lib/gcc/arm-none-eabi/10.3.1/../../../arm-none-eabi/lib/thumb/v7-m/nofp/libc_nano.a(lib_a-fwalk.o)
 .comment       0x0000000000000033       0x34 /usr/lib/gcc/arm-none-eabi/10.3.1/../../../arm-none-eabi/lib/thumb/v7-m/nofp/libc_nano.a(lib_a-makebuf.o)
 .comment       0x0000000000000033       0x34 /usr/lib/gcc/arm-none-eabi/10.3.1/../../../arm-none-eabi/lib/thumb/v7-m/nofp/libc_nano.a(lib_a-nano-freer.o)
 .comment       0x0000000000000033       0x34 /usr/lib/gcc/arm-none-eabi/10.3.1/../../../arm-none-eabi/lib/thumb/v7-m/nofp/libc_nano.a(lib_a-nano-mallocr.o)
 .comment       0x0000000000000033       0x34 /usr/lib/gcc/arm-none-eabi/10.3.1/../../../arm-none-eabi/lib/thumb/v7-m/nofp/libc_nano.a(lib_a-nano-vfprintf.o)
 .comment       0x0000000000000033       0x34 /usr/lib/gcc/arm-none-eabi/10.3.1/../../../arm-none-eabi/lib/thumb/v7-m/nofp/libc_nano.a(lib_a-nano-vfprintf_i.o)
 .comment       0x0000000000000033       0x34 /usr/lib/gcc/arm-none-eabi/10.3.1/../../../arm-none-eabi/lib/thumb/v7-m/nofp/libc_nano.a(lib_a-sbrkr.o)
 .comment       0x0000000000000033       0x34 /usr/lib/gcc/arm-none-eabi/10.3.1/../../../arm-none-eabi/lib/thumb/v7-m/nofp/libc_nano.a(lib_a-stdio.o)
 .comment       0x0000000000000033       0x34 /usr/lib/gcc/arm-none-eabi/10.3.1/../../../arm-none-eabi/lib/thumb/v7-m/nofp/libc_nano.a(lib_a-writer.o)
 .comment       0x0000000000000033       0x34 /usr/lib/gcc/arm-none-eabi/10.3.1/../../../arm-none-eabi/lib/thumb/v7-m/nofp/libc_nano.a(lib_a-closer.o)
 .comment       0x0000000000000033       0x34 /usr/lib/gcc/arm-none-eabi/10.3.1/../../../arm-none-eabi/lib/thumb/v7-m/nofp/libc_nano.a(lib_a-fstatr.o)
 .comment       0x0000000000000033       0x34 /usr/lib/gcc/arm-none-eabi/10.3.1/../../../arm-none-eabi/lib/thumb/v7-m/nofp/libc_nano.a(lib_a-fvwrite.o)
 .comment       0x0000000000000033       0x34 /usr/lib/gcc/arm-none-eabi/10.3.1/../../../arm-none-eabi/lib/thumb/v7-m/nofp/libc_nano.a(lib_a-isattyr.o)
 .comment       0x0000000000000033       0x34 /usr/lib/gcc/arm-none-eabi/10.3.1/../../../arm-none-eabi/lib/thumb/v7-m/nofp/libc_nano.a(lib_a-lseekr.o)
 .comment       0x0000000000000033       0x34 /usr/lib/gcc/arm-none-eabi/10.3.1/../../../arm-none-eabi/lib/thumb/v7-m/nofp/libc_nano.a(lib_a-memchr-stub.o)
 .comment       0x0000000000000033       0x34 /usr/lib/gcc/arm-none-eabi/10.3.1/../../../arm-none-eabi/lib/thumb/v7-m/nofp/libc_nano.a(lib_a-memmove.o)
 .comment       0x0000000000000033       0x34 /usr/lib/gcc/arm-none-eabi/10.3.1/../../../arm-none-eabi/lib/thumb/v7-m/nofp/libc_nano.a(lib_a-mlock.o)
 .comment       0x0000000000000033       0x34 /usr/lib/gcc/arm-none-eabi/10.3.1/../../../arm-none-eabi/lib/thumb/v7-m/nofp/libc_nano.a(lib_a-nano-reallocr.o)
 .comment       0x0000000000000033       0x34 /usr/lib/gcc/arm-none-eabi/10.3.1/../../../arm-none-eabi/lib/thumb/v7-m/nofp/libc_nano.a(lib_a-readr.o)
 .comment       0x0000000000000033       0x34 /usr/lib/gcc/arm-none-eabi/10.3.1/../../../arm-none-eabi/lib/thumb/v7-m/nofp/libc_nano.a(lib_a-reent.o)
 .comment       0x0000000000000033       0x34 /usr/lib/gcc/arm-none-eabi/10.3.1/../../../arm-none-eabi/lib/thumb/v7-m/nofp/libc_nano.a(lib_a-nano-msizer.o)
 .comment       0x0000000000000033       0x34 /usr/lib/gcc/arm-none-eabi/10.3.1/thumb/v7-m/nofp/crtend.o

.debug_info     0x0000000000000000    0x38b2f
 .debug_info    0x0000000000000000      0xbe7 build/main.o
 .debug_info    0x0000000000000be7      0x385 build/gpio.o
 .debug_info    0x0000000000000f6c      0x688 build/freertos.o
 .debug_info    0x00000000000015f4      0x9ba build/adc.o
 .debug_info    0x0000000000001fae      0x39f build/dma.o
 .debug_info    0x000000000000234d      0x93e build/i2c.o
 .debug_info    0x0000000000002c8b      0xbf0 build/tim.o
 .debug_info    0x000000000000387b      0xd30 build/usart.o
 .debug_info    0x00000000000045ab     0x1592 build/oled.o
 .debug_info    0x0000000000005b3d      0xae1 build/stm32f1xx_it.o
 .debug_info    0x000000000000661e      0x40a build/stm32f1xx_hal_msp.o
 .debug_info    0x0000000000006a28      0xb44 build/stm32f1xx_hal_timebase_tim.o
 .debug_info    0x000000000000756c     0x405c build/stm32f1xx_hal_tim.o
 .debug_info    0x000000000000b5c8     0x1c21 build/stm32f1xx_hal_tim_ex.o
 .debug_info    0x000000000000d1e9     0x103c build/stm32f1xx_hal_adc.o
 .debug_info    0x000000000000e225      0x8af build/stm32f1xx_hal.o
 .debug_info    0x000000000000ead4      0xacc build/stm32f1xx_hal_rcc.o
 .debug_info    0x000000000000f5a0      0x4a8 build/stm32f1xx_hal_rcc_ex.o
 .debug_info    0x000000000000fa48      0x6bf build/stm32f1xx_hal_gpio.o
 .debug_info    0x0000000000010107      0x8b3 build/stm32f1xx_hal_dma.o
 .debug_info    0x00000000000109ba      0xe6f build/stm32f1xx_hal_cortex.o
 .debug_info    0x0000000000011829     0x3c89 build/stm32f1xx_hal_i2c.o
 .debug_info    0x00000000000154b2     0x4280 build/stm32f1xx_hal_uart.o
 .debug_info    0x0000000000019732      0x256 build/system_stm32f1xx.o
 .debug_info    0x0000000000019988      0x303 build/list.o
 .debug_info    0x0000000000019c8b     0x2944 build/queue.o
 .debug_info    0x000000000001c5cf     0x331b build/tasks.o
 .debug_info    0x000000000001f8ea     0x1bbb build/timers.o
 .debug_info    0x00000000000214a5     0x4d8a build/cmsis_os2.o
 .debug_info    0x000000000002622f      0x656 build/heap_4.o
 .debug_info    0x0000000000026885      0x551 build/port.o
 .debug_info    0x0000000000026dd6      0x16d build/sysmem.o
 .debug_info    0x0000000000026f43      0x840 build/syscalls.o
 .debug_info    0x0000000000027783       0x22 build/startup_stm32f103xe.o
 .debug_info    0x00000000000277a5      0x7ae /usr/lib/gcc/arm-none-eabi/10.3.1/../../../arm-none-eabi/lib/thumb/v7-m/nofp/libc_nano.a(lib_a-errno.o)
 .debug_info    0x0000000000027f53      0x863 /usr/lib/gcc/arm-none-eabi/10.3.1/../../../arm-none-eabi/lib/thumb/v7-m/nofp/libc_nano.a(lib_a-impure.o)
 .debug_info    0x00000000000287b6      0x11a /usr/lib/gcc/arm-none-eabi/10.3.1/../../../arm-none-eabi/lib/thumb/v7-m/nofp/libc_nano.a(lib_a-init.o)
 .debug_info    0x00000000000288d0       0x26 /usr/lib/gcc/arm-none-eabi/10.3.1/../../../arm-none-eabi/lib/thumb/v7-m/nofp/libc_nano.a(lib_a-memcpy.o)
 .debug_info    0x00000000000288f6      0x137 /usr/lib/gcc/arm-none-eabi/10.3.1/../../../arm-none-eabi/lib/thumb/v7-m/nofp/libc_nano.a(lib_a-memset.o)
 .debug_info    0x0000000000028a2d      0x8fd /usr/lib/gcc/arm-none-eabi/10.3.1/../../../arm-none-eabi/lib/thumb/v7-m/nofp/libc_nano.a(lib_a-printf.o)
 .debug_info    0x000000000002932a      0xa4e /usr/lib/gcc/arm-none-eabi/10.3.1/../../../arm-none-eabi/lib/thumb/v7-m/nofp/libc_nano.a(lib_a-puts.o)
 .debug_info    0x0000000000029d78      0x998 /usr/lib/gcc/arm-none-eabi/10.3.1/../../../arm-none-eabi/lib/thumb/v7-m/nofp/libc_nano.a(lib_a-wbuf.o)
 .debug_info    0x000000000002a710      0x902 /usr/lib/gcc/arm-none-eabi/10.3.1/../../../arm-none-eabi/lib/thumb/v7-m/nofp/libc_nano.a(lib_a-wsetup.o)
 .debug_info    0x000000000002b012      0xb0a /usr/lib/gcc/arm-none-eabi/10.3.1/../../../arm-none-eabi/lib/thumb/v7-m/nofp/libc_nano.a(lib_a-fflush.o)
 .debug_info    0x000000000002bb1c      0xfae /usr/lib/gcc/arm-none-eabi/10.3.1/../../../arm-none-eabi/lib/thumb/v7-m/nofp/libc_nano.a(lib_a-findfp.o)
 .debug_info    0x000000000002caca      0x900 /usr/lib/gcc/arm-none-eabi/10.3.1/../../../arm-none-eabi/lib/thumb/v7-m/nofp/libc_nano.a(lib_a-fwalk.o)
 .debug_info    0x000000000002d3ca      0xc8a /usr/lib/gcc/arm-none-eabi/10.3.1/../../../arm-none-eabi/lib/thumb/v7-m/nofp/libc_nano.a(lib_a-makebuf.o)
 .debug_info    0x000000000002e054      0x940 /usr/lib/gcc/arm-none-eabi/10.3.1/../../../arm-none-eabi/lib/thumb/v7-m/nofp/libc_nano.a(lib_a-nano-freer.o)
 .debug_info    0x000000000002e994      0xa0c /usr/lib/gcc/arm-none-eabi/10.3.1/../../../arm-none-eabi/lib/thumb/v7-m/nofp/libc_nano.a(lib_a-nano-mallocr.o)
 .debug_info    0x000000000002f3a0     0x115f /usr/lib/gcc/arm-none-eabi/10.3.1/../../../arm-none-eabi/lib/thumb/v7-m/nofp/libc_nano.a(lib_a-nano-vfprintf.o)
 .debug_info    0x00000000000304ff      0xe9e /usr/lib/gcc/arm-none-eabi/10.3.1/../../../arm-none-eabi/lib/thumb/v7-m/nofp/libc_nano.a(lib_a-nano-vfprintf_i.o)
 .debug_info    0x000000000003139d      0x828 /usr/lib/gcc/arm-none-eabi/10.3.1/../../../arm-none-eabi/lib/thumb/v7-m/nofp/libc_nano.a(lib_a-sbrkr.o)
 .debug_info    0x0000000000031bc5      0xabc /usr/lib/gcc/arm-none-eabi/10.3.1/../../../arm-none-eabi/lib/thumb/v7-m/nofp/libc_nano.a(lib_a-stdio.o)
 .debug_info    0x0000000000032681      0x85a /usr/lib/gcc/arm-none-eabi/10.3.1/../../../arm-none-eabi/lib/thumb/v7-m/nofp/libc_nano.a(lib_a-writer.o)
 .debug_info    0x0000000000032edb      0x805 /usr/lib/gcc/arm-none-eabi/10.3.1/../../../arm-none-eabi/lib/thumb/v7-m/nofp/libc_nano.a(lib_a-closer.o)
 .debug_info    0x00000000000336e0      0xa1d /usr/lib/gcc/arm-none-eabi/10.3.1/../../../arm-none-eabi/lib/thumb/v7-m/nofp/libc_nano.a(lib_a-fstatr.o)
 .debug_info    0x00000000000340fd      0xb54 /usr/lib/gcc/arm-none-eabi/10.3.1/../../../arm-none-eabi/lib/thumb/v7-m/nofp/libc_nano.a(lib_a-fvwrite.o)
 .debug_info    0x0000000000034c51      0x805 /usr/lib/gcc/arm-none-eabi/10.3.1/../../../arm-none-eabi/lib/thumb/v7-m/nofp/libc_nano.a(lib_a-isattyr.o)
 .debug_info    0x0000000000035456      0x83b /usr/lib/gcc/arm-none-eabi/10.3.1/../../../arm-none-eabi/lib/thumb/v7-m/nofp/libc_nano.a(lib_a-lseekr.o)
 .debug_info    0x0000000000035c91      0x14e /usr/lib/gcc/arm-none-eabi/10.3.1/../../../arm-none-eabi/lib/thumb/v7-m/nofp/libc_nano.a(lib_a-memchr-stub.o)
 .debug_info    0x0000000000035ddf      0x152 /usr/lib/gcc/arm-none-eabi/10.3.1/../../../arm-none-eabi/lib/thumb/v7-m/nofp/libc_nano.a(lib_a-memmove.o)
 .debug_info    0x0000000000035f31      0x7dc /usr/lib/gcc/arm-none-eabi/10.3.1/../../../arm-none-eabi/lib/thumb/v7-m/nofp/libc_nano.a(lib_a-mlock.o)
 .debug_info    0x000000000003670d      0x911 /usr/lib/gcc/arm-none-eabi/10.3.1/../../../arm-none-eabi/lib/thumb/v7-m/nofp/libc_nano.a(lib_a-nano-reallocr.o)
 .debug_info    0x000000000003701e      0x853 /usr/lib/gcc/arm-none-eabi/10.3.1/../../../arm-none-eabi/lib/thumb/v7-m/nofp/libc_nano.a(lib_a-readr.o)
 .debug_info    0x0000000000037871      0xa7e /usr/lib/gcc/arm-none-eabi/10.3.1/../../../arm-none-eabi/lib/thumb/v7-m/nofp/libc_nano.a(lib_a-reent.o)
 .debug_info    0x00000000000382ef      0x840 /usr/lib/gcc/arm-none-eabi/10.3.1/../../../arm-none-eabi/lib/thumb/v7-m/nofp/libc_nano.a(lib_a-nano-msizer.o)

.debug_abbrev   0x0000000000000000     0x86cd
 .debug_abbrev  0x0000000000000000      0x230 build/main.o
 .debug_abbrev  0x0000000000000230      0x13f build/gpio.o
 .debug_abbrev  0x000000000000036f      0x1c7 build/freertos.o
 .debug_abbrev  0x0000000000000536      0x1cd build/adc.o
 .debug_abbrev  0x0000000000000703      0x117 build/dma.o
 .debug_abbrev  0x000000000000081a      0x1c5 build/i2c.o
 .debug_abbrev  0x00000000000009df      0x220 build/tim.o
 .debug_abbrev  0x0000000000000bff      0x21a build/usart.o
 .debug_abbrev  0x0000000000000e19      0x265 build/oled.o
 .debug_abbrev  0x000000000000107e      0x183 build/stm32f1xx_it.o
 .debug_abbrev  0x0000000000001201      0x130 build/stm32f1xx_hal_msp.o
 .debug_abbrev  0x0000000000001331      0x202 build/stm32f1xx_hal_timebase_tim.o
 .debug_abbrev  0x0000000000001533      0x29d build/stm32f1xx_hal_tim.o
 .debug_abbrev  0x00000000000017d0      0x29f build/stm32f1xx_hal_tim_ex.o
 .debug_abbrev  0x0000000000001a6f      0x239 build/stm32f1xx_hal_adc.o
 .debug_abbrev  0x0000000000001ca8      0x1f7 build/stm32f1xx_hal.o
 .debug_abbrev  0x0000000000001e9f      0x2b8 build/stm32f1xx_hal_rcc.o
 .debug_abbrev  0x0000000000002157      0x1d5 build/stm32f1xx_hal_rcc_ex.o
 .debug_abbrev  0x000000000000232c      0x222 build/stm32f1xx_hal_gpio.o
 .debug_abbrev  0x000000000000254e      0x262 build/stm32f1xx_hal_dma.o
 .debug_abbrev  0x00000000000027b0      0x359 build/stm32f1xx_hal_cortex.o
 .debug_abbrev  0x0000000000002b09      0x306 build/stm32f1xx_hal_i2c.o
 .debug_abbrev  0x0000000000002e0f      0x334 build/stm32f1xx_hal_uart.o
 .debug_abbrev  0x0000000000003143      0x140 build/system_stm32f1xx.o
 .debug_abbrev  0x0000000000003283      0x124 build/list.o
 .debug_abbrev  0x00000000000033a7      0x3c4 build/queue.o
 .debug_abbrev  0x000000000000376b      0x387 build/tasks.o
 .debug_abbrev  0x0000000000003af2      0x366 build/timers.o
 .debug_abbrev  0x0000000000003e58      0x573 build/cmsis_os2.o
 .debug_abbrev  0x00000000000043cb      0x287 build/heap_4.o
 .debug_abbrev  0x0000000000004652      0x29d build/port.o
 .debug_abbrev  0x00000000000048ef       0xea build/sysmem.o
 .debug_abbrev  0x00000000000049d9      0x1cb build/syscalls.o
 .debug_abbrev  0x0000000000004ba4       0x12 build/startup_stm32f103xe.o
 .debug_abbrev  0x0000000000004bb6      0x157 /usr/lib/gcc/arm-none-eabi/10.3.1/../../../arm-none-eabi/lib/thumb/v7-m/nofp/libc_nano.a(lib_a-errno.o)
 .debug_abbrev  0x0000000000004d0d      0x151 /usr/lib/gcc/arm-none-eabi/10.3.1/../../../arm-none-eabi/lib/thumb/v7-m/nofp/libc_nano.a(lib_a-impure.o)
 .debug_abbrev  0x0000000000004e5e       0xcc /usr/lib/gcc/arm-none-eabi/10.3.1/../../../arm-none-eabi/lib/thumb/v7-m/nofp/libc_nano.a(lib_a-init.o)
 .debug_abbrev  0x0000000000004f2a       0x14 /usr/lib/gcc/arm-none-eabi/10.3.1/../../../arm-none-eabi/lib/thumb/v7-m/nofp/libc_nano.a(lib_a-memcpy.o)
 .debug_abbrev  0x0000000000004f3e       0xb4 /usr/lib/gcc/arm-none-eabi/10.3.1/../../../arm-none-eabi/lib/thumb/v7-m/nofp/libc_nano.a(lib_a-memset.o)
 .debug_abbrev  0x0000000000004ff2      0x23e /usr/lib/gcc/arm-none-eabi/10.3.1/../../../arm-none-eabi/lib/thumb/v7-m/nofp/libc_nano.a(lib_a-printf.o)
 .debug_abbrev  0x0000000000005230      0x28e /usr/lib/gcc/arm-none-eabi/10.3.1/../../../arm-none-eabi/lib/thumb/v7-m/nofp/libc_nano.a(lib_a-puts.o)
 .debug_abbrev  0x00000000000054be      0x21f /usr/lib/gcc/arm-none-eabi/10.3.1/../../../arm-none-eabi/lib/thumb/v7-m/nofp/libc_nano.a(lib_a-wbuf.o)
 .debug_abbrev  0x00000000000056dd      0x1d4 /usr/lib/gcc/arm-none-eabi/10.3.1/../../../arm-none-eabi/lib/thumb/v7-m/nofp/libc_nano.a(lib_a-wsetup.o)
 .debug_abbrev  0x00000000000058b1      0x2da /usr/lib/gcc/arm-none-eabi/10.3.1/../../../arm-none-eabi/lib/thumb/v7-m/nofp/libc_nano.a(lib_a-fflush.o)
 .debug_abbrev  0x0000000000005b8b      0x3cd /usr/lib/gcc/arm-none-eabi/10.3.1/../../../arm-none-eabi/lib/thumb/v7-m/nofp/libc_nano.a(lib_a-findfp.o)
 .debug_abbrev  0x0000000000005f58      0x197 /usr/lib/gcc/arm-none-eabi/10.3.1/../../../arm-none-eabi/lib/thumb/v7-m/nofp/libc_nano.a(lib_a-fwalk.o)
 .debug_abbrev  0x00000000000060ef      0x278 /usr/lib/gcc/arm-none-eabi/10.3.1/../../../arm-none-eabi/lib/thumb/v7-m/nofp/libc_nano.a(lib_a-makebuf.o)
 .debug_abbrev  0x0000000000006367      0x245 /usr/lib/gcc/arm-none-eabi/10.3.1/../../../arm-none-eabi/lib/thumb/v7-m/nofp/libc_nano.a(lib_a-nano-freer.o)
 .debug_abbrev  0x00000000000065ac      0x290 /usr/lib/gcc/arm-none-eabi/10.3.1/../../../arm-none-eabi/lib/thumb/v7-m/nofp/libc_nano.a(lib_a-nano-mallocr.o)
 .debug_abbrev  0x000000000000683c      0x358 /usr/lib/gcc/arm-none-eabi/10.3.1/../../../arm-none-eabi/lib/thumb/v7-m/nofp/libc_nano.a(lib_a-nano-vfprintf.o)
 .debug_abbrev  0x0000000000006b94      0x25c /usr/lib/gcc/arm-none-eabi/10.3.1/../../../arm-none-eabi/lib/thumb/v7-m/nofp/libc_nano.a(lib_a-nano-vfprintf_i.o)
 .debug_abbrev  0x0000000000006df0      0x1d6 /usr/lib/gcc/arm-none-eabi/10.3.1/../../../arm-none-eabi/lib/thumb/v7-m/nofp/libc_nano.a(lib_a-sbrkr.o)
 .debug_abbrev  0x0000000000006fc6      0x1fb /usr/lib/gcc/arm-none-eabi/10.3.1/../../../arm-none-eabi/lib/thumb/v7-m/nofp/libc_nano.a(lib_a-stdio.o)
 .debug_abbrev  0x00000000000071c1      0x1b0 /usr/lib/gcc/arm-none-eabi/10.3.1/../../../arm-none-eabi/lib/thumb/v7-m/nofp/libc_nano.a(lib_a-writer.o)
 .debug_abbrev  0x0000000000007371      0x1ab /usr/lib/gcc/arm-none-eabi/10.3.1/../../../arm-none-eabi/lib/thumb/v7-m/nofp/libc_nano.a(lib_a-closer.o)
 .debug_abbrev  0x000000000000751c      0x1bf /usr/lib/gcc/arm-none-eabi/10.3.1/../../../arm-none-eabi/lib/thumb/v7-m/nofp/libc_nano.a(lib_a-fstatr.o)
 .debug_abbrev  0x00000000000076db      0x1f4 /usr/lib/gcc/arm-none-eabi/10.3.1/../../../arm-none-eabi/lib/thumb/v7-m/nofp/libc_nano.a(lib_a-fvwrite.o)
 .debug_abbrev  0x00000000000078cf      0x1ab /usr/lib/gcc/arm-none-eabi/10.3.1/../../../arm-none-eabi/lib/thumb/v7-m/nofp/libc_nano.a(lib_a-isattyr.o)
 .debug_abbrev  0x0000000000007a7a      0x1bf /usr/lib/gcc/arm-none-eabi/10.3.1/../../../arm-none-eabi/lib/thumb/v7-m/nofp/libc_nano.a(lib_a-lseekr.o)
 .debug_abbrev  0x0000000000007c39       0xd4 /usr/lib/gcc/arm-none-eabi/10.3.1/../../../arm-none-eabi/lib/thumb/v7-m/nofp/libc_nano.a(lib_a-memchr-stub.o)
 .debug_abbrev  0x0000000000007d0d       0xc0 /usr/lib/gcc/arm-none-eabi/10.3.1/../../../arm-none-eabi/lib/thumb/v7-m/nofp/libc_nano.a(lib_a-memmove.o)
 .debug_abbrev  0x0000000000007dcd      0x189 /usr/lib/gcc/arm-none-eabi/10.3.1/../../../arm-none-eabi/lib/thumb/v7-m/nofp/libc_nano.a(lib_a-mlock.o)
 .debug_abbrev  0x0000000000007f56      0x1d6 /usr/lib/gcc/arm-none-eabi/10.3.1/../../../arm-none-eabi/lib/thumb/v7-m/nofp/libc_nano.a(lib_a-nano-reallocr.o)
 .debug_abbrev  0x000000000000812c      0x1ab /usr/lib/gcc/arm-none-eabi/10.3.1/../../../arm-none-eabi/lib/thumb/v7-m/nofp/libc_nano.a(lib_a-readr.o)
 .debug_abbrev  0x00000000000082d7      0x265 /usr/lib/gcc/arm-none-eabi/10.3.1/../../../arm-none-eabi/lib/thumb/v7-m/nofp/libc_nano.a(lib_a-reent.o)
 .debug_abbrev  0x000000000000853c      0x191 /usr/lib/gcc/arm-none-eabi/10.3.1/../../../arm-none-eabi/lib/thumb/v7-m/nofp/libc_nano.a(lib_a-nano-msizer.o)

.debug_loc      0x0000000000000000    0x27177
 .debug_loc     0x0000000000000000       0xc8 build/main.o
 .debug_loc     0x00000000000000c8       0x38 build/gpio.o
 .debug_loc     0x0000000000000100       0xaa build/freertos.o
 .debug_loc     0x00000000000001aa      0x119 build/adc.o
 .debug_loc     0x00000000000002c3       0x38 build/dma.o
 .debug_loc     0x00000000000002fb       0xeb build/i2c.o
 .debug_loc     0x00000000000003e6       0xf8 build/tim.o
 .debug_loc     0x00000000000004de      0x1f5 build/usart.o
 .debug_loc     0x00000000000006d3      0xfc3 build/oled.o
 .debug_loc     0x0000000000001696       0xa0 build/stm32f1xx_it.o
 .debug_loc     0x0000000000001736       0x4d build/stm32f1xx_hal_msp.o
 .debug_loc     0x0000000000001783      0x114 build/stm32f1xx_hal_timebase_tim.o
 .debug_loc     0x0000000000001897     0x5be2 build/stm32f1xx_hal_tim.o
 .debug_loc     0x0000000000007479     0x210d build/stm32f1xx_hal_tim_ex.o
 .debug_loc     0x0000000000009586      0xe1b build/stm32f1xx_hal_adc.o
 .debug_loc     0x000000000000a3a1      0x1e1 build/stm32f1xx_hal.o
 .debug_loc     0x000000000000a582      0x790 build/stm32f1xx_hal_rcc.o
 .debug_loc     0x000000000000ad12      0x41e build/stm32f1xx_hal_rcc_ex.o
 .debug_loc     0x000000000000b130      0x551 build/stm32f1xx_hal_gpio.o
 .debug_loc     0x000000000000b681      0x8ea build/stm32f1xx_hal_dma.o
 .debug_loc     0x000000000000bf6b      0x77f build/stm32f1xx_hal_cortex.o
 .debug_loc     0x000000000000c6ea     0x4e65 build/stm32f1xx_hal_i2c.o
 .debug_loc     0x000000000001154f     0x4d23 build/stm32f1xx_hal_uart.o
 .debug_loc     0x0000000000016272       0xff build/system_stm32f1xx.o
 .debug_loc     0x0000000000016371       0xe5 build/list.o
 .debug_loc     0x0000000000016456     0x1fbe build/queue.o
 .debug_loc     0x0000000000018414     0x2c8a build/tasks.o
 .debug_loc     0x000000000001b09e     0x1586 build/timers.o
 .debug_loc     0x000000000001c624     0x5dbc build/cmsis_os2.o
 .debug_loc     0x00000000000223e0      0x4ca build/heap_4.o
 .debug_loc     0x00000000000228aa      0x16c build/port.o
 .debug_loc     0x0000000000022a16       0x84 build/sysmem.o
 .debug_loc     0x0000000000022a9a      0x511 build/syscalls.o
 .debug_loc     0x0000000000022fab       0xba /usr/lib/gcc/arm-none-eabi/10.3.1/../../../arm-none-eabi/lib/thumb/v7-m/nofp/libc_nano.a(lib_a-init.o)
 .debug_loc     0x0000000000023065      0x22c /usr/lib/gcc/arm-none-eabi/10.3.1/../../../arm-none-eabi/lib/thumb/v7-m/nofp/libc_nano.a(lib_a-memset.o)
 .debug_loc     0x0000000000023291       0x98 /usr/lib/gcc/arm-none-eabi/10.3.1/../../../arm-none-eabi/lib/thumb/v7-m/nofp/libc_nano.a(lib_a-printf.o)
 .debug_loc     0x0000000000023329      0x258 /usr/lib/gcc/arm-none-eabi/10.3.1/../../../arm-none-eabi/lib/thumb/v7-m/nofp/libc_nano.a(lib_a-puts.o)
 .debug_loc     0x0000000000023581      0x193 /usr/lib/gcc/arm-none-eabi/10.3.1/../../../arm-none-eabi/lib/thumb/v7-m/nofp/libc_nano.a(lib_a-wbuf.o)
 .debug_loc     0x0000000000023714       0xb7 /usr/lib/gcc/arm-none-eabi/10.3.1/../../../arm-none-eabi/lib/thumb/v7-m/nofp/libc_nano.a(lib_a-wsetup.o)
 .debug_loc     0x00000000000237cb      0x4c9 /usr/lib/gcc/arm-none-eabi/10.3.1/../../../arm-none-eabi/lib/thumb/v7-m/nofp/libc_nano.a(lib_a-fflush.o)
 .debug_loc     0x0000000000023c94      0x3d9 /usr/lib/gcc/arm-none-eabi/10.3.1/../../../arm-none-eabi/lib/thumb/v7-m/nofp/libc_nano.a(lib_a-findfp.o)
 .debug_loc     0x000000000002406d      0x1bf /usr/lib/gcc/arm-none-eabi/10.3.1/../../../arm-none-eabi/lib/thumb/v7-m/nofp/libc_nano.a(lib_a-fwalk.o)
 .debug_loc     0x000000000002422c      0x327 /usr/lib/gcc/arm-none-eabi/10.3.1/../../../arm-none-eabi/lib/thumb/v7-m/nofp/libc_nano.a(lib_a-makebuf.o)
 .debug_loc     0x0000000000024553      0x27f /usr/lib/gcc/arm-none-eabi/10.3.1/../../../arm-none-eabi/lib/thumb/v7-m/nofp/libc_nano.a(lib_a-nano-freer.o)
 .debug_loc     0x00000000000247d2      0x3da /usr/lib/gcc/arm-none-eabi/10.3.1/../../../arm-none-eabi/lib/thumb/v7-m/nofp/libc_nano.a(lib_a-nano-mallocr.o)